10:51:13 **** Incremental Build of configuration Debug for project Mobrob_Inverter ****
"\"C:\\dave\\DAVE-IDE-4.4.2-64Bit\\DAVE-IDE-4.4.2-64Bit\\eclipse\\ARM-GCC-49\\bin\\make\"" --output-sync -j12 all 
'Invoking: ARM-GCC Print Size'
"C:/dave/DAVE-IDE-4.4.2-64Bit/DAVE-IDE-4.4.2-64Bit/eclipse/ARM-GCC-49/bin/arm-none-eabi-size" --format=berkeley "Mobrob_Inverter.elf"
   text	   data	    bss	    dec	    hex	filename
  32088	   1028	   2264	  35380	   8a34	Mobrob_Inverter.elf
'Finished building: Mobrob_Inverter.siz'


10:51:13 Build Finished (took 614ms)

