16:30:50 **** Incremental Build of configuration Debug for project Mobrob_Inverter ****
"\"C:\\dave\\DAVE-IDE-4.4.2-64Bit\\DAVE-IDE-4.4.2-64Bit\\eclipse\\ARM-GCC-49\\bin\\make\"" --output-sync -j12 all 
'Invoking: ARM-GCC Print Size'
"C:/dave/DAVE-IDE-4.4.2-64Bit/DAVE-IDE-4.4.2-64Bit/eclipse/ARM-GCC-49/bin/arm-none-eabi-size" --format=berkeley "Mobrob_Inverter.elf"
   text	   data	    bss	    dec	    hex	filename
  32120	   1024	   2268	  35412	   8a54	Mobrob_Inverter.elf
'Finished building: Mobrob_Inverter.siz'


16:30:50 Build Finished (took 612ms)

