16:03:06 **** Incremental Build of configuration Debug for project XMC450_dig_test ****
"\"C:\\dave\\DAVE-IDE-4.4.2-64Bit\\DAVE-IDE-4.4.2-64Bit\\eclipse\\ARM-GCC-49\\bin\\make\"" --output-sync -j12 all 
'Invoking: ARM-GCC Print Size'
"C:/dave/DAVE-IDE-4.4.2-64Bit/DAVE-IDE-4.4.2-64Bit/eclipse/ARM-GCC-49/bin/arm-none-eabi-size" --format=berkeley "XMC450_dig_test.elf"
   text	   data	    bss	    dec	    hex	filename
   2784	      0	   2076	   4860	   12fc	XMC450_dig_test.elf
'Finished building: XMC450_dig_test.siz'


16:03:06 Build Finished (took 396ms)

