17:07:07 **** Build of configuration Debug for project MobRob_Steering_Controller ****
"\"C:\\dave\\DAVE-IDE-4.4.2-64Bit\\DAVE-IDE-4.4.2-64Bit\\eclipse\\ARM-GCC-49\\bin\\make\"" --output-sync -j12 all 
'Building file: ../Startup/startup_XMC1400.S'
'Invoking: ARM-GCC Assembler'
"C:/dave/DAVE-IDE-4.4.2-64Bit/DAVE-IDE-4.4.2-64Bit/eclipse/ARM-GCC-49/bin/arm-none-eabi-gcc" -MMD -MT "Startup/startup_XMC1400.o" -x assembler-with-cpp -DXMC1404_F064x0200 -I"C:/GitHub/MobRob_Rover_NEW/Steering_Controller/MobRob_Steering_Controller/Libraries/XMCLib/inc" -I"C:/GitHub/MobRob_Rover_NEW/Steering_Controller/MobRob_Steering_Controller" -I"C:/GitHub/MobRob_Rover_NEW/Steering_Controller/MobRob_Steering_Controller/Dave/Generated" -Wall -Wa,-adhlns="Startup/startup_XMC1400.o.lst" -c -fmessage-length=0 -MMD -MP -MF"Startup/startup_XMC1400.d" -MT"Startup/startup_XMC1400.d Startup/startup_XMC1400.o" -mcpu=cortex-m0 -mthumb -g -gdwarf-2 -o "Startup/startup_XMC1400.o" "../Startup/startup_XMC1400.S" 
'Finished building: ../Startup/startup_XMC1400.S'

'Building file: ../Startup/system_XMC1400.c'
'Invoking: ARM-GCC C Compiler'
"C:/dave/DAVE-IDE-4.4.2-64Bit/DAVE-IDE-4.4.2-64Bit/eclipse/ARM-GCC-49/bin/arm-none-eabi-gcc" -MMD -MT "Startup/system_XMC1400.o" -DXMC1404_F064x0200 -I"C:/GitHub/MobRob_Rover_NEW/Steering_Controller/MobRob_Steering_Controller/Libraries/XMCLib/inc" -I"C:/GitHub/MobRob_Rover_NEW/Steering_Controller/MobRob_Steering_Controller/Libraries/CMSIS/Include" -I"C:/GitHub/MobRob_Rover_NEW/Steering_Controller/MobRob_Steering_Controller/Libraries/CMSIS/Infineon/XMC1400_series/Include" -I"C:/GitHub/MobRob_Rover_NEW/Steering_Controller/MobRob_Steering_Controller" -I"C:/GitHub/MobRob_Rover_NEW/Steering_Controller/MobRob_Steering_Controller/Dave/Generated" -I"C:/GitHub/MobRob_Rover_NEW/Steering_Controller/MobRob_Steering_Controller/Libraries" -O0 -ffunction-sections -fdata-sections -Wall -std=gnu99 -Wa,-adhlns="Startup/system_XMC1400.o.lst" -pipe -c -fmessage-length=0 -MMD -MP -MF"Startup/system_XMC1400.d" -MT"Startup/system_XMC1400.d Startup/system_XMC1400.o" -mcpu=cortex-m0 -mthumb -g -gdwarf-2 -o "Startup/system_XMC1400.o" "../Startup/system_XMC1400.c" 
'Finished building: ../Startup/system_XMC1400.c'

'Building file: ../Libraries/XMCLib/src/xmc1_eru.c'
'Invoking: ARM-GCC C Compiler'
"C:/dave/DAVE-IDE-4.4.2-64Bit/DAVE-IDE-4.4.2-64Bit/eclipse/ARM-GCC-49/bin/arm-none-eabi-gcc" -MMD -MT "Libraries/XMCLib/src/xmc1_eru.o" -DXMC1404_F064x0200 -I"C:/GitHub/MobRob_Rover_NEW/Steering_Controller/MobRob_Steering_Controller/Libraries/XMCLib/inc" -I"C:/GitHub/MobRob_Rover_NEW/Steering_Controller/MobRob_Steering_Controller/Libraries/CMSIS/Include" -I"C:/GitHub/MobRob_Rover_NEW/Steering_Controller/MobRob_Steering_Controller/Libraries/CMSIS/Infineon/XMC1400_series/Include" -I"C:/GitHub/MobRob_Rover_NEW/Steering_Controller/MobRob_Steering_Controller" -I"C:/GitHub/MobRob_Rover_NEW/Steering_Controller/MobRob_Steering_Controller/Dave/Generated" -I"C:/GitHub/MobRob_Rover_NEW/Steering_Controller/MobRob_Steering_Controller/Libraries" -O0 -ffunction-sections -fdata-sections -Wall -std=gnu99 -Wa,-adhlns="Libraries/XMCLib/src/xmc1_eru.o.lst" -pipe -c -fmessage-length=0 -MMD -MP -MF"Libraries/XMCLib/src/xmc1_eru.d" -MT"Libraries/XMCLib/src/xmc1_eru.d Libraries/XMCLib/src/xmc1_eru.o" -mcpu=cortex-m0 -mthumb -g -gdwarf-2 -o "Libraries/XMCLib/src/xmc1_eru.o" "../Libraries/XMCLib/src/xmc1_eru.c" 
'Finished building: ../Libraries/XMCLib/src/xmc1_eru.c'

'Building file: ../Libraries/XMCLib/src/xmc1_gpio.c'
'Invoking: ARM-GCC C Compiler'
"C:/dave/DAVE-IDE-4.4.2-64Bit/DAVE-IDE-4.4.2-64Bit/eclipse/ARM-GCC-49/bin/arm-none-eabi-gcc" -MMD -MT "Libraries/XMCLib/src/xmc1_gpio.o" -DXMC1404_F064x0200 -I"C:/GitHub/MobRob_Rover_NEW/Steering_Controller/MobRob_Steering_Controller/Libraries/XMCLib/inc" -I"C:/GitHub/MobRob_Rover_NEW/Steering_Controller/MobRob_Steering_Controller/Libraries/CMSIS/Include" -I"C:/GitHub/MobRob_Rover_NEW/Steering_Controller/MobRob_Steering_Controller/Libraries/CMSIS/Infineon/XMC1400_series/Include" -I"C:/GitHub/MobRob_Rover_NEW/Steering_Controller/MobRob_Steering_Controller" -I"C:/GitHub/MobRob_Rover_NEW/Steering_Controller/MobRob_Steering_Controller/Dave/Generated" -I"C:/GitHub/MobRob_Rover_NEW/Steering_Controller/MobRob_Steering_Controller/Libraries" -O0 -ffunction-sections -fdata-sections -Wall -std=gnu99 -Wa,-adhlns="Libraries/XMCLib/src/xmc1_gpio.o.lst" -pipe -c -fmessage-length=0 -MMD -MP -MF"Libraries/XMCLib/src/xmc1_gpio.d" -MT"Libraries/XMCLib/src/xmc1_gpio.d Libraries/XMCLib/src/xmc1_gpio.o" -mcpu=cortex-m0 -mthumb -g -gdwarf-2 -o "Libraries/XMCLib/src/xmc1_gpio.o" "../Libraries/XMCLib/src/xmc1_gpio.c" 
'Finished building: ../Libraries/XMCLib/src/xmc1_gpio.c'

'Building file: ../Libraries/XMCLib/src/xmc1_flash.c'
'Invoking: ARM-GCC C Compiler'
"C:/dave/DAVE-IDE-4.4.2-64Bit/DAVE-IDE-4.4.2-64Bit/eclipse/ARM-GCC-49/bin/arm-none-eabi-gcc" -MMD -MT "Libraries/XMCLib/src/xmc1_flash.o" -DXMC1404_F064x0200 -I"C:/GitHub/MobRob_Rover_NEW/Steering_Controller/MobRob_Steering_Controller/Libraries/XMCLib/inc" -I"C:/GitHub/MobRob_Rover_NEW/Steering_Controller/MobRob_Steering_Controller/Libraries/CMSIS/Include" -I"C:/GitHub/MobRob_Rover_NEW/Steering_Controller/MobRob_Steering_Controller/Libraries/CMSIS/Infineon/XMC1400_series/Include" -I"C:/GitHub/MobRob_Rover_NEW/Steering_Controller/MobRob_Steering_Controller" -I"C:/GitHub/MobRob_Rover_NEW/Steering_Controller/MobRob_Steering_Controller/Dave/Generated" -I"C:/GitHub/MobRob_Rover_NEW/Steering_Controller/MobRob_Steering_Controller/Libraries" -O0 -ffunction-sections -fdata-sections -Wall -std=gnu99 -Wa,-adhlns="Libraries/XMCLib/src/xmc1_flash.o.lst" -pipe -c -fmessage-length=0 -MMD -MP -MF"Libraries/XMCLib/src/xmc1_flash.d" -MT"Libraries/XMCLib/src/xmc1_flash.d Libraries/XMCLib/src/xmc1_flash.o" -mcpu=cortex-m0 -mthumb -g -gdwarf-2 -o "Libraries/XMCLib/src/xmc1_flash.o" "../Libraries/XMCLib/src/xmc1_flash.c" 
'Finished building: ../Libraries/XMCLib/src/xmc1_flash.c'

'Building file: ../Libraries/XMCLib/src/xmc1_rtc.c'
'Invoking: ARM-GCC C Compiler'
"C:/dave/DAVE-IDE-4.4.2-64Bit/DAVE-IDE-4.4.2-64Bit/eclipse/ARM-GCC-49/bin/arm-none-eabi-gcc" -MMD -MT "Libraries/XMCLib/src/xmc1_rtc.o" -DXMC1404_F064x0200 -I"C:/GitHub/MobRob_Rover_NEW/Steering_Controller/MobRob_Steering_Controller/Libraries/XMCLib/inc" -I"C:/GitHub/MobRob_Rover_NEW/Steering_Controller/MobRob_Steering_Controller/Libraries/CMSIS/Include" -I"C:/GitHub/MobRob_Rover_NEW/Steering_Controller/MobRob_Steering_Controller/Libraries/CMSIS/Infineon/XMC1400_series/Include" -I"C:/GitHub/MobRob_Rover_NEW/Steering_Controller/MobRob_Steering_Controller" -I"C:/GitHub/MobRob_Rover_NEW/Steering_Controller/MobRob_Steering_Controller/Dave/Generated" -I"C:/GitHub/MobRob_Rover_NEW/Steering_Controller/MobRob_Steering_Controller/Libraries" -O0 -ffunction-sections -fdata-sections -Wall -std=gnu99 -Wa,-adhlns="Libraries/XMCLib/src/xmc1_rtc.o.lst" -pipe -c -fmessage-length=0 -MMD -MP -MF"Libraries/XMCLib/src/xmc1_rtc.d" -MT"Libraries/XMCLib/src/xmc1_rtc.d Libraries/XMCLib/src/xmc1_rtc.o" -mcpu=cortex-m0 -mthumb -g -gdwarf-2 -o "Libraries/XMCLib/src/xmc1_rtc.o" "../Libraries/XMCLib/src/xmc1_rtc.c" 
'Finished building: ../Libraries/XMCLib/src/xmc1_rtc.c'

'Building file: ../Libraries/XMCLib/src/xmc_acmp.c'
'Invoking: ARM-GCC C Compiler'
"C:/dave/DAVE-IDE-4.4.2-64Bit/DAVE-IDE-4.4.2-64Bit/eclipse/ARM-GCC-49/bin/arm-none-eabi-gcc" -MMD -MT "Libraries/XMCLib/src/xmc_acmp.o" -DXMC1404_F064x0200 -I"C:/GitHub/MobRob_Rover_NEW/Steering_Controller/MobRob_Steering_Controller/Libraries/XMCLib/inc" -I"C:/GitHub/MobRob_Rover_NEW/Steering_Controller/MobRob_Steering_Controller/Libraries/CMSIS/Include" -I"C:/GitHub/MobRob_Rover_NEW/Steering_Controller/MobRob_Steering_Controller/Libraries/CMSIS/Infineon/XMC1400_series/Include" -I"C:/GitHub/MobRob_Rover_NEW/Steering_Controller/MobRob_Steering_Controller" -I"C:/GitHub/MobRob_Rover_NEW/Steering_Controller/MobRob_Steering_Controller/Dave/Generated" -I"C:/GitHub/MobRob_Rover_NEW/Steering_Controller/MobRob_Steering_Controller/Libraries" -O0 -ffunction-sections -fdata-sections -Wall -std=gnu99 -Wa,-adhlns="Libraries/XMCLib/src/xmc_acmp.o.lst" -pipe -c -fmessage-length=0 -MMD -MP -MF"Libraries/XMCLib/src/xmc_acmp.d" -MT"Libraries/XMCLib/src/xmc_acmp.d Libraries/XMCLib/src/xmc_acmp.o" -mcpu=cortex-m0 -mthumb -g -gdwarf-2 -o "Libraries/XMCLib/src/xmc_acmp.o" "../Libraries/XMCLib/src/xmc_acmp.c" 
'Finished building: ../Libraries/XMCLib/src/xmc_acmp.c'

'Building file: ../Libraries/XMCLib/src/xmc1_scu.c'
'Invoking: ARM-GCC C Compiler'
"C:/dave/DAVE-IDE-4.4.2-64Bit/DAVE-IDE-4.4.2-64Bit/eclipse/ARM-GCC-49/bin/arm-none-eabi-gcc" -MMD -MT "Libraries/XMCLib/src/xmc1_scu.o" -DXMC1404_F064x0200 -I"C:/GitHub/MobRob_Rover_NEW/Steering_Controller/MobRob_Steering_Controller/Libraries/XMCLib/inc" -I"C:/GitHub/MobRob_Rover_NEW/Steering_Controller/MobRob_Steering_Controller/Libraries/CMSIS/Include" -I"C:/GitHub/MobRob_Rover_NEW/Steering_Controller/MobRob_Steering_Controller/Libraries/CMSIS/Infineon/XMC1400_series/Include" -I"C:/GitHub/MobRob_Rover_NEW/Steering_Controller/MobRob_Steering_Controller" -I"C:/GitHub/MobRob_Rover_NEW/Steering_Controller/MobRob_Steering_Controller/Dave/Generated" -I"C:/GitHub/MobRob_Rover_NEW/Steering_Controller/MobRob_Steering_Controller/Libraries" -O0 -ffunction-sections -fdata-sections -Wall -std=gnu99 -Wa,-adhlns="Libraries/XMCLib/src/xmc1_scu.o.lst" -pipe -c -fmessage-length=0 -MMD -MP -MF"Libraries/XMCLib/src/xmc1_scu.d" -MT"Libraries/XMCLib/src/xmc1_scu.d Libraries/XMCLib/src/xmc1_scu.o" -mcpu=cortex-m0 -mthumb -g -gdwarf-2 -o "Libraries/XMCLib/src/xmc1_scu.o" "../Libraries/XMCLib/src/xmc1_scu.c" 
'Finished building: ../Libraries/XMCLib/src/xmc1_scu.c'

'Building file: ../Libraries/XMCLib/src/xmc_bccu.c'
'Invoking: ARM-GCC C Compiler'
"C:/dave/DAVE-IDE-4.4.2-64Bit/DAVE-IDE-4.4.2-64Bit/eclipse/ARM-GCC-49/bin/arm-none-eabi-gcc" -MMD -MT "Libraries/XMCLib/src/xmc_bccu.o" -DXMC1404_F064x0200 -I"C:/GitHub/MobRob_Rover_NEW/Steering_Controller/MobRob_Steering_Controller/Libraries/XMCLib/inc" -I"C:/GitHub/MobRob_Rover_NEW/Steering_Controller/MobRob_Steering_Controller/Libraries/CMSIS/Include" -I"C:/GitHub/MobRob_Rover_NEW/Steering_Controller/MobRob_Steering_Controller/Libraries/CMSIS/Infineon/XMC1400_series/Include" -I"C:/GitHub/MobRob_Rover_NEW/Steering_Controller/MobRob_Steering_Controller" -I"C:/GitHub/MobRob_Rover_NEW/Steering_Controller/MobRob_Steering_Controller/Dave/Generated" -I"C:/GitHub/MobRob_Rover_NEW/Steering_Controller/MobRob_Steering_Controller/Libraries" -O0 -ffunction-sections -fdata-sections -Wall -std=gnu99 -Wa,-adhlns="Libraries/XMCLib/src/xmc_bccu.o.lst" -pipe -c -fmessage-length=0 -MMD -MP -MF"Libraries/XMCLib/src/xmc_bccu.d" -MT"Libraries/XMCLib/src/xmc_bccu.d Libraries/XMCLib/src/xmc_bccu.o" -mcpu=cortex-m0 -mthumb -g -gdwarf-2 -o "Libraries/XMCLib/src/xmc_bccu.o" "../Libraries/XMCLib/src/xmc_bccu.c" 
'Finished building: ../Libraries/XMCLib/src/xmc_bccu.c'

'Building file: ../Libraries/XMCLib/src/xmc_can.c'
'Invoking: ARM-GCC C Compiler'
"C:/dave/DAVE-IDE-4.4.2-64Bit/DAVE-IDE-4.4.2-64Bit/eclipse/ARM-GCC-49/bin/arm-none-eabi-gcc" -MMD -MT "Libraries/XMCLib/src/xmc_can.o" -DXMC1404_F064x0200 -I"C:/GitHub/MobRob_Rover_NEW/Steering_Controller/MobRob_Steering_Controller/Libraries/XMCLib/inc" -I"C:/GitHub/MobRob_Rover_NEW/Steering_Controller/MobRob_Steering_Controller/Libraries/CMSIS/Include" -I"C:/GitHub/MobRob_Rover_NEW/Steering_Controller/MobRob_Steering_Controller/Libraries/CMSIS/Infineon/XMC1400_series/Include" -I"C:/GitHub/MobRob_Rover_NEW/Steering_Controller/MobRob_Steering_Controller" -I"C:/GitHub/MobRob_Rover_NEW/Steering_Controller/MobRob_Steering_Controller/Dave/Generated" -I"C:/GitHub/MobRob_Rover_NEW/Steering_Controller/MobRob_Steering_Controller/Libraries" -O0 -ffunction-sections -fdata-sections -Wall -std=gnu99 -Wa,-adhlns="Libraries/XMCLib/src/xmc_can.o.lst" -pipe -c -fmessage-length=0 -MMD -MP -MF"Libraries/XMCLib/src/xmc_can.d" -MT"Libraries/XMCLib/src/xmc_can.d Libraries/XMCLib/src/xmc_can.o" -mcpu=cortex-m0 -mthumb -g -gdwarf-2 -o "Libraries/XMCLib/src/xmc_can.o" "../Libraries/XMCLib/src/xmc_can.c" 
'Finished building: ../Libraries/XMCLib/src/xmc_can.c'

'Building file: ../Libraries/XMCLib/src/xmc_ccu4.c'
'Invoking: ARM-GCC C Compiler'
"C:/dave/DAVE-IDE-4.4.2-64Bit/DAVE-IDE-4.4.2-64Bit/eclipse/ARM-GCC-49/bin/arm-none-eabi-gcc" -MMD -MT "Libraries/XMCLib/src/xmc_ccu4.o" -DXMC1404_F064x0200 -I"C:/GitHub/MobRob_Rover_NEW/Steering_Controller/MobRob_Steering_Controller/Libraries/XMCLib/inc" -I"C:/GitHub/MobRob_Rover_NEW/Steering_Controller/MobRob_Steering_Controller/Libraries/CMSIS/Include" -I"C:/GitHub/MobRob_Rover_NEW/Steering_Controller/MobRob_Steering_Controller/Libraries/CMSIS/Infineon/XMC1400_series/Include" -I"C:/GitHub/MobRob_Rover_NEW/Steering_Controller/MobRob_Steering_Controller" -I"C:/GitHub/MobRob_Rover_NEW/Steering_Controller/MobRob_Steering_Controller/Dave/Generated" -I"C:/GitHub/MobRob_Rover_NEW/Steering_Controller/MobRob_Steering_Controller/Libraries" -O0 -ffunction-sections -fdata-sections -Wall -std=gnu99 -Wa,-adhlns="Libraries/XMCLib/src/xmc_ccu4.o.lst" -pipe -c -fmessage-length=0 -MMD -MP -MF"Libraries/XMCLib/src/xmc_ccu4.d" -MT"Libraries/XMCLib/src/xmc_ccu4.d Libraries/XMCLib/src/xmc_ccu4.o" -mcpu=cortex-m0 -mthumb -g -gdwarf-2 -o "Libraries/XMCLib/src/xmc_ccu4.o" "../Libraries/XMCLib/src/xmc_ccu4.c" 
'Finished building: ../Libraries/XMCLib/src/xmc_ccu4.c'

'Building file: ../Libraries/XMCLib/src/xmc_common.c'
'Invoking: ARM-GCC C Compiler'
"C:/dave/DAVE-IDE-4.4.2-64Bit/DAVE-IDE-4.4.2-64Bit/eclipse/ARM-GCC-49/bin/arm-none-eabi-gcc" -MMD -MT "Libraries/XMCLib/src/xmc_common.o" -DXMC1404_F064x0200 -I"C:/GitHub/MobRob_Rover_NEW/Steering_Controller/MobRob_Steering_Controller/Libraries/XMCLib/inc" -I"C:/GitHub/MobRob_Rover_NEW/Steering_Controller/MobRob_Steering_Controller/Libraries/CMSIS/Include" -I"C:/GitHub/MobRob_Rover_NEW/Steering_Controller/MobRob_Steering_Controller/Libraries/CMSIS/Infineon/XMC1400_series/Include" -I"C:/GitHub/MobRob_Rover_NEW/Steering_Controller/MobRob_Steering_Controller" -I"C:/GitHub/MobRob_Rover_NEW/Steering_Controller/MobRob_Steering_Controller/Dave/Generated" -I"C:/GitHub/MobRob_Rover_NEW/Steering_Controller/MobRob_Steering_Controller/Libraries" -O0 -ffunction-sections -fdata-sections -Wall -std=gnu99 -Wa,-adhlns="Libraries/XMCLib/src/xmc_common.o.lst" -pipe -c -fmessage-length=0 -MMD -MP -MF"Libraries/XMCLib/src/xmc_common.d" -MT"Libraries/XMCLib/src/xmc_common.d Libraries/XMCLib/src/xmc_common.o" -mcpu=cortex-m0 -mthumb -g -gdwarf-2 -o "Libraries/XMCLib/src/xmc_common.o" "../Libraries/XMCLib/src/xmc_common.c" 
'Finished building: ../Libraries/XMCLib/src/xmc_common.c'

'Building file: ../Libraries/XMCLib/src/xmc_eru.c'
'Invoking: ARM-GCC C Compiler'
"C:/dave/DAVE-IDE-4.4.2-64Bit/DAVE-IDE-4.4.2-64Bit/eclipse/ARM-GCC-49/bin/arm-none-eabi-gcc" -MMD -MT "Libraries/XMCLib/src/xmc_eru.o" -DXMC1404_F064x0200 -I"C:/GitHub/MobRob_Rover_NEW/Steering_Controller/MobRob_Steering_Controller/Libraries/XMCLib/inc" -I"C:/GitHub/MobRob_Rover_NEW/Steering_Controller/MobRob_Steering_Controller/Libraries/CMSIS/Include" -I"C:/GitHub/MobRob_Rover_NEW/Steering_Controller/MobRob_Steering_Controller/Libraries/CMSIS/Infineon/XMC1400_series/Include" -I"C:/GitHub/MobRob_Rover_NEW/Steering_Controller/MobRob_Steering_Controller" -I"C:/GitHub/MobRob_Rover_NEW/Steering_Controller/MobRob_Steering_Controller/Dave/Generated" -I"C:/GitHub/MobRob_Rover_NEW/Steering_Controller/MobRob_Steering_Controller/Libraries" -O0 -ffunction-sections -fdata-sections -Wall -std=gnu99 -Wa,-adhlns="Libraries/XMCLib/src/xmc_eru.o.lst" -pipe -c -fmessage-length=0 -MMD -MP -MF"Libraries/XMCLib/src/xmc_eru.d" -MT"Libraries/XMCLib/src/xmc_eru.d Libraries/XMCLib/src/xmc_eru.o" -mcpu=cortex-m0 -mthumb -g -gdwarf-2 -o "Libraries/XMCLib/src/xmc_eru.o" "../Libraries/XMCLib/src/xmc_eru.c" 
'Finished building: ../Libraries/XMCLib/src/xmc_eru.c'

'Building file: ../Libraries/XMCLib/src/xmc_ccu8.c'
'Invoking: ARM-GCC C Compiler'
"C:/dave/DAVE-IDE-4.4.2-64Bit/DAVE-IDE-4.4.2-64Bit/eclipse/ARM-GCC-49/bin/arm-none-eabi-gcc" -MMD -MT "Libraries/XMCLib/src/xmc_ccu8.o" -DXMC1404_F064x0200 -I"C:/GitHub/MobRob_Rover_NEW/Steering_Controller/MobRob_Steering_Controller/Libraries/XMCLib/inc" -I"C:/GitHub/MobRob_Rover_NEW/Steering_Controller/MobRob_Steering_Controller/Libraries/CMSIS/Include" -I"C:/GitHub/MobRob_Rover_NEW/Steering_Controller/MobRob_Steering_Controller/Libraries/CMSIS/Infineon/XMC1400_series/Include" -I"C:/GitHub/MobRob_Rover_NEW/Steering_Controller/MobRob_Steering_Controller" -I"C:/GitHub/MobRob_Rover_NEW/Steering_Controller/MobRob_Steering_Controller/Dave/Generated" -I"C:/GitHub/MobRob_Rover_NEW/Steering_Controller/MobRob_Steering_Controller/Libraries" -O0 -ffunction-sections -fdata-sections -Wall -std=gnu99 -Wa,-adhlns="Libraries/XMCLib/src/xmc_ccu8.o.lst" -pipe -c -fmessage-length=0 -MMD -MP -MF"Libraries/XMCLib/src/xmc_ccu8.d" -MT"Libraries/XMCLib/src/xmc_ccu8.d Libraries/XMCLib/src/xmc_ccu8.o" -mcpu=cortex-m0 -mthumb -g -gdwarf-2 -o "Libraries/XMCLib/src/xmc_ccu8.o" "../Libraries/XMCLib/src/xmc_ccu8.c" 
'Finished building: ../Libraries/XMCLib/src/xmc_ccu8.c'

'Building file: ../Libraries/XMCLib/src/xmc_gpio.c'
'Invoking: ARM-GCC C Compiler'
"C:/dave/DAVE-IDE-4.4.2-64Bit/DAVE-IDE-4.4.2-64Bit/eclipse/ARM-GCC-49/bin/arm-none-eabi-gcc" -MMD -MT "Libraries/XMCLib/src/xmc_gpio.o" -DXMC1404_F064x0200 -I"C:/GitHub/MobRob_Rover_NEW/Steering_Controller/MobRob_Steering_Controller/Libraries/XMCLib/inc" -I"C:/GitHub/MobRob_Rover_NEW/Steering_Controller/MobRob_Steering_Controller/Libraries/CMSIS/Include" -I"C:/GitHub/MobRob_Rover_NEW/Steering_Controller/MobRob_Steering_Controller/Libraries/CMSIS/Infineon/XMC1400_series/Include" -I"C:/GitHub/MobRob_Rover_NEW/Steering_Controller/MobRob_Steering_Controller" -I"C:/GitHub/MobRob_Rover_NEW/Steering_Controller/MobRob_Steering_Controller/Dave/Generated" -I"C:/GitHub/MobRob_Rover_NEW/Steering_Controller/MobRob_Steering_Controller/Libraries" -O0 -ffunction-sections -fdata-sections -Wall -std=gnu99 -Wa,-adhlns="Libraries/XMCLib/src/xmc_gpio.o.lst" -pipe -c -fmessage-length=0 -MMD -MP -MF"Libraries/XMCLib/src/xmc_gpio.d" -MT"Libraries/XMCLib/src/xmc_gpio.d Libraries/XMCLib/src/xmc_gpio.o" -mcpu=cortex-m0 -mthumb -g -gdwarf-2 -o "Libraries/XMCLib/src/xmc_gpio.o" "../Libraries/XMCLib/src/xmc_gpio.c" 
'Finished building: ../Libraries/XMCLib/src/xmc_gpio.c'

'Building file: ../Libraries/XMCLib/src/xmc_i2c.c'
'Invoking: ARM-GCC C Compiler'
"C:/dave/DAVE-IDE-4.4.2-64Bit/DAVE-IDE-4.4.2-64Bit/eclipse/ARM-GCC-49/bin/arm-none-eabi-gcc" -MMD -MT "Libraries/XMCLib/src/xmc_i2c.o" -DXMC1404_F064x0200 -I"C:/GitHub/MobRob_Rover_NEW/Steering_Controller/MobRob_Steering_Controller/Libraries/XMCLib/inc" -I"C:/GitHub/MobRob_Rover_NEW/Steering_Controller/MobRob_Steering_Controller/Libraries/CMSIS/Include" -I"C:/GitHub/MobRob_Rover_NEW/Steering_Controller/MobRob_Steering_Controller/Libraries/CMSIS/Infineon/XMC1400_series/Include" -I"C:/GitHub/MobRob_Rover_NEW/Steering_Controller/MobRob_Steering_Controller" -I"C:/GitHub/MobRob_Rover_NEW/Steering_Controller/MobRob_Steering_Controller/Dave/Generated" -I"C:/GitHub/MobRob_Rover_NEW/Steering_Controller/MobRob_Steering_Controller/Libraries" -O0 -ffunction-sections -fdata-sections -Wall -std=gnu99 -Wa,-adhlns="Libraries/XMCLib/src/xmc_i2c.o.lst" -pipe -c -fmessage-length=0 -MMD -MP -MF"Libraries/XMCLib/src/xmc_i2c.d" -MT"Libraries/XMCLib/src/xmc_i2c.d Libraries/XMCLib/src/xmc_i2c.o" -mcpu=cortex-m0 -mthumb -g -gdwarf-2 -o "Libraries/XMCLib/src/xmc_i2c.o" "../Libraries/XMCLib/src/xmc_i2c.c" 
'Finished building: ../Libraries/XMCLib/src/xmc_i2c.c'

'Building file: ../Libraries/XMCLib/src/xmc_i2s.c'
'Invoking: ARM-GCC C Compiler'
"C:/dave/DAVE-IDE-4.4.2-64Bit/DAVE-IDE-4.4.2-64Bit/eclipse/ARM-GCC-49/bin/arm-none-eabi-gcc" -MMD -MT "Libraries/XMCLib/src/xmc_i2s.o" -DXMC1404_F064x0200 -I"C:/GitHub/MobRob_Rover_NEW/Steering_Controller/MobRob_Steering_Controller/Libraries/XMCLib/inc" -I"C:/GitHub/MobRob_Rover_NEW/Steering_Controller/MobRob_Steering_Controller/Libraries/CMSIS/Include" -I"C:/GitHub/MobRob_Rover_NEW/Steering_Controller/MobRob_Steering_Controller/Libraries/CMSIS/Infineon/XMC1400_series/Include" -I"C:/GitHub/MobRob_Rover_NEW/Steering_Controller/MobRob_Steering_Controller" -I"C:/GitHub/MobRob_Rover_NEW/Steering_Controller/MobRob_Steering_Controller/Dave/Generated" -I"C:/GitHub/MobRob_Rover_NEW/Steering_Controller/MobRob_Steering_Controller/Libraries" -O0 -ffunction-sections -fdata-sections -Wall -std=gnu99 -Wa,-adhlns="Libraries/XMCLib/src/xmc_i2s.o.lst" -pipe -c -fmessage-length=0 -MMD -MP -MF"Libraries/XMCLib/src/xmc_i2s.d" -MT"Libraries/XMCLib/src/xmc_i2s.d Libraries/XMCLib/src/xmc_i2s.o" -mcpu=cortex-m0 -mthumb -g -gdwarf-2 -o "Libraries/XMCLib/src/xmc_i2s.o" "../Libraries/XMCLib/src/xmc_i2s.c" 
'Finished building: ../Libraries/XMCLib/src/xmc_i2s.c'

'Building file: ../Libraries/XMCLib/src/xmc_ledts.c'
'Invoking: ARM-GCC C Compiler'
"C:/dave/DAVE-IDE-4.4.2-64Bit/DAVE-IDE-4.4.2-64Bit/eclipse/ARM-GCC-49/bin/arm-none-eabi-gcc" -MMD -MT "Libraries/XMCLib/src/xmc_ledts.o" -DXMC1404_F064x0200 -I"C:/GitHub/MobRob_Rover_NEW/Steering_Controller/MobRob_Steering_Controller/Libraries/XMCLib/inc" -I"C:/GitHub/MobRob_Rover_NEW/Steering_Controller/MobRob_Steering_Controller/Libraries/CMSIS/Include" -I"C:/GitHub/MobRob_Rover_NEW/Steering_Controller/MobRob_Steering_Controller/Libraries/CMSIS/Infineon/XMC1400_series/Include" -I"C:/GitHub/MobRob_Rover_NEW/Steering_Controller/MobRob_Steering_Controller" -I"C:/GitHub/MobRob_Rover_NEW/Steering_Controller/MobRob_Steering_Controller/Dave/Generated" -I"C:/GitHub/MobRob_Rover_NEW/Steering_Controller/MobRob_Steering_Controller/Libraries" -O0 -ffunction-sections -fdata-sections -Wall -std=gnu99 -Wa,-adhlns="Libraries/XMCLib/src/xmc_ledts.o.lst" -pipe -c -fmessage-length=0 -MMD -MP -MF"Libraries/XMCLib/src/xmc_ledts.d" -MT"Libraries/XMCLib/src/xmc_ledts.d Libraries/XMCLib/src/xmc_ledts.o" -mcpu=cortex-m0 -mthumb -g -gdwarf-2 -o "Libraries/XMCLib/src/xmc_ledts.o" "../Libraries/XMCLib/src/xmc_ledts.c" 
'Finished building: ../Libraries/XMCLib/src/xmc_ledts.c'

'Building file: ../Libraries/XMCLib/src/xmc_pau.c'
'Invoking: ARM-GCC C Compiler'
"C:/dave/DAVE-IDE-4.4.2-64Bit/DAVE-IDE-4.4.2-64Bit/eclipse/ARM-GCC-49/bin/arm-none-eabi-gcc" -MMD -MT "Libraries/XMCLib/src/xmc_pau.o" -DXMC1404_F064x0200 -I"C:/GitHub/MobRob_Rover_NEW/Steering_Controller/MobRob_Steering_Controller/Libraries/XMCLib/inc" -I"C:/GitHub/MobRob_Rover_NEW/Steering_Controller/MobRob_Steering_Controller/Libraries/CMSIS/Include" -I"C:/GitHub/MobRob_Rover_NEW/Steering_Controller/MobRob_Steering_Controller/Libraries/CMSIS/Infineon/XMC1400_series/Include" -I"C:/GitHub/MobRob_Rover_NEW/Steering_Controller/MobRob_Steering_Controller" -I"C:/GitHub/MobRob_Rover_NEW/Steering_Controller/MobRob_Steering_Controller/Dave/Generated" -I"C:/GitHub/MobRob_Rover_NEW/Steering_Controller/MobRob_Steering_Controller/Libraries" -O0 -ffunction-sections -fdata-sections -Wall -std=gnu99 -Wa,-adhlns="Libraries/XMCLib/src/xmc_pau.o.lst" -pipe -c -fmessage-length=0 -MMD -MP -MF"Libraries/XMCLib/src/xmc_pau.d" -MT"Libraries/XMCLib/src/xmc_pau.d Libraries/XMCLib/src/xmc_pau.o" -mcpu=cortex-m0 -mthumb -g -gdwarf-2 -o "Libraries/XMCLib/src/xmc_pau.o" "../Libraries/XMCLib/src/xmc_pau.c" 
'Finished building: ../Libraries/XMCLib/src/xmc_pau.c'

'Building file: ../Libraries/XMCLib/src/xmc_math.c'
'Invoking: ARM-GCC C Compiler'
"C:/dave/DAVE-IDE-4.4.2-64Bit/DAVE-IDE-4.4.2-64Bit/eclipse/ARM-GCC-49/bin/arm-none-eabi-gcc" -MMD -MT "Libraries/XMCLib/src/xmc_math.o" -DXMC1404_F064x0200 -I"C:/GitHub/MobRob_Rover_NEW/Steering_Controller/MobRob_Steering_Controller/Libraries/XMCLib/inc" -I"C:/GitHub/MobRob_Rover_NEW/Steering_Controller/MobRob_Steering_Controller/Libraries/CMSIS/Include" -I"C:/GitHub/MobRob_Rover_NEW/Steering_Controller/MobRob_Steering_Controller/Libraries/CMSIS/Infineon/XMC1400_series/Include" -I"C:/GitHub/MobRob_Rover_NEW/Steering_Controller/MobRob_Steering_Controller" -I"C:/GitHub/MobRob_Rover_NEW/Steering_Controller/MobRob_Steering_Controller/Dave/Generated" -I"C:/GitHub/MobRob_Rover_NEW/Steering_Controller/MobRob_Steering_Controller/Libraries" -O0 -ffunction-sections -fdata-sections -Wall -std=gnu99 -Wa,-adhlns="Libraries/XMCLib/src/xmc_math.o.lst" -pipe -c -fmessage-length=0 -MMD -MP -MF"Libraries/XMCLib/src/xmc_math.d" -MT"Libraries/XMCLib/src/xmc_math.d Libraries/XMCLib/src/xmc_math.o" -mcpu=cortex-m0 -mthumb -g -gdwarf-2 -o "Libraries/XMCLib/src/xmc_math.o" "../Libraries/XMCLib/src/xmc_math.c" 
'Finished building: ../Libraries/XMCLib/src/xmc_math.c'

'Building file: ../Libraries/XMCLib/src/xmc_posif.c'
'Invoking: ARM-GCC C Compiler'
"C:/dave/DAVE-IDE-4.4.2-64Bit/DAVE-IDE-4.4.2-64Bit/eclipse/ARM-GCC-49/bin/arm-none-eabi-gcc" -MMD -MT "Libraries/XMCLib/src/xmc_posif.o" -DXMC1404_F064x0200 -I"C:/GitHub/MobRob_Rover_NEW/Steering_Controller/MobRob_Steering_Controller/Libraries/XMCLib/inc" -I"C:/GitHub/MobRob_Rover_NEW/Steering_Controller/MobRob_Steering_Controller/Libraries/CMSIS/Include" -I"C:/GitHub/MobRob_Rover_NEW/Steering_Controller/MobRob_Steering_Controller/Libraries/CMSIS/Infineon/XMC1400_series/Include" -I"C:/GitHub/MobRob_Rover_NEW/Steering_Controller/MobRob_Steering_Controller" -I"C:/GitHub/MobRob_Rover_NEW/Steering_Controller/MobRob_Steering_Controller/Dave/Generated" -I"C:/GitHub/MobRob_Rover_NEW/Steering_Controller/MobRob_Steering_Controller/Libraries" -O0 -ffunction-sections -fdata-sections -Wall -std=gnu99 -Wa,-adhlns="Libraries/XMCLib/src/xmc_posif.o.lst" -pipe -c -fmessage-length=0 -MMD -MP -MF"Libraries/XMCLib/src/xmc_posif.d" -MT"Libraries/XMCLib/src/xmc_posif.d Libraries/XMCLib/src/xmc_posif.o" -mcpu=cortex-m0 -mthumb -g -gdwarf-2 -o "Libraries/XMCLib/src/xmc_posif.o" "../Libraries/XMCLib/src/xmc_posif.c" 
'Finished building: ../Libraries/XMCLib/src/xmc_posif.c'

'Building file: ../Libraries/XMCLib/src/xmc_prng.c'
'Invoking: ARM-GCC C Compiler'
"C:/dave/DAVE-IDE-4.4.2-64Bit/DAVE-IDE-4.4.2-64Bit/eclipse/ARM-GCC-49/bin/arm-none-eabi-gcc" -MMD -MT "Libraries/XMCLib/src/xmc_prng.o" -DXMC1404_F064x0200 -I"C:/GitHub/MobRob_Rover_NEW/Steering_Controller/MobRob_Steering_Controller/Libraries/XMCLib/inc" -I"C:/GitHub/MobRob_Rover_NEW/Steering_Controller/MobRob_Steering_Controller/Libraries/CMSIS/Include" -I"C:/GitHub/MobRob_Rover_NEW/Steering_Controller/MobRob_Steering_Controller/Libraries/CMSIS/Infineon/XMC1400_series/Include" -I"C:/GitHub/MobRob_Rover_NEW/Steering_Controller/MobRob_Steering_Controller" -I"C:/GitHub/MobRob_Rover_NEW/Steering_Controller/MobRob_Steering_Controller/Dave/Generated" -I"C:/GitHub/MobRob_Rover_NEW/Steering_Controller/MobRob_Steering_Controller/Libraries" -O0 -ffunction-sections -fdata-sections -Wall -std=gnu99 -Wa,-adhlns="Libraries/XMCLib/src/xmc_prng.o.lst" -pipe -c -fmessage-length=0 -MMD -MP -MF"Libraries/XMCLib/src/xmc_prng.d" -MT"Libraries/XMCLib/src/xmc_prng.d Libraries/XMCLib/src/xmc_prng.o" -mcpu=cortex-m0 -mthumb -g -gdwarf-2 -o "Libraries/XMCLib/src/xmc_prng.o" "../Libraries/XMCLib/src/xmc_prng.c" 
'Finished building: ../Libraries/XMCLib/src/xmc_prng.c'

'Building file: ../Libraries/XMCLib/src/xmc_rtc.c'
'Invoking: ARM-GCC C Compiler'
"C:/dave/DAVE-IDE-4.4.2-64Bit/DAVE-IDE-4.4.2-64Bit/eclipse/ARM-GCC-49/bin/arm-none-eabi-gcc" -MMD -MT "Libraries/XMCLib/src/xmc_rtc.o" -DXMC1404_F064x0200 -I"C:/GitHub/MobRob_Rover_NEW/Steering_Controller/MobRob_Steering_Controller/Libraries/XMCLib/inc" -I"C:/GitHub/MobRob_Rover_NEW/Steering_Controller/MobRob_Steering_Controller/Libraries/CMSIS/Include" -I"C:/GitHub/MobRob_Rover_NEW/Steering_Controller/MobRob_Steering_Controller/Libraries/CMSIS/Infineon/XMC1400_series/Include" -I"C:/GitHub/MobRob_Rover_NEW/Steering_Controller/MobRob_Steering_Controller" -I"C:/GitHub/MobRob_Rover_NEW/Steering_Controller/MobRob_Steering_Controller/Dave/Generated" -I"C:/GitHub/MobRob_Rover_NEW/Steering_Controller/MobRob_Steering_Controller/Libraries" -O0 -ffunction-sections -fdata-sections -Wall -std=gnu99 -Wa,-adhlns="Libraries/XMCLib/src/xmc_rtc.o.lst" -pipe -c -fmessage-length=0 -MMD -MP -MF"Libraries/XMCLib/src/xmc_rtc.d" -MT"Libraries/XMCLib/src/xmc_rtc.d Libraries/XMCLib/src/xmc_rtc.o" -mcpu=cortex-m0 -mthumb -g -gdwarf-2 -o "Libraries/XMCLib/src/xmc_rtc.o" "../Libraries/XMCLib/src/xmc_rtc.c" 
'Finished building: ../Libraries/XMCLib/src/xmc_rtc.c'

'Building file: ../Libraries/XMCLib/src/xmc_spi.c'
'Invoking: ARM-GCC C Compiler'
"C:/dave/DAVE-IDE-4.4.2-64Bit/DAVE-IDE-4.4.2-64Bit/eclipse/ARM-GCC-49/bin/arm-none-eabi-gcc" -MMD -MT "Libraries/XMCLib/src/xmc_spi.o" -DXMC1404_F064x0200 -I"C:/GitHub/MobRob_Rover_NEW/Steering_Controller/MobRob_Steering_Controller/Libraries/XMCLib/inc" -I"C:/GitHub/MobRob_Rover_NEW/Steering_Controller/MobRob_Steering_Controller/Libraries/CMSIS/Include" -I"C:/GitHub/MobRob_Rover_NEW/Steering_Controller/MobRob_Steering_Controller/Libraries/CMSIS/Infineon/XMC1400_series/Include" -I"C:/GitHub/MobRob_Rover_NEW/Steering_Controller/MobRob_Steering_Controller" -I"C:/GitHub/MobRob_Rover_NEW/Steering_Controller/MobRob_Steering_Controller/Dave/Generated" -I"C:/GitHub/MobRob_Rover_NEW/Steering_Controller/MobRob_Steering_Controller/Libraries" -O0 -ffunction-sections -fdata-sections -Wall -std=gnu99 -Wa,-adhlns="Libraries/XMCLib/src/xmc_spi.o.lst" -pipe -c -fmessage-length=0 -MMD -MP -MF"Libraries/XMCLib/src/xmc_spi.d" -MT"Libraries/XMCLib/src/xmc_spi.d Libraries/XMCLib/src/xmc_spi.o" -mcpu=cortex-m0 -mthumb -g -gdwarf-2 -o "Libraries/XMCLib/src/xmc_spi.o" "../Libraries/XMCLib/src/xmc_spi.c" 
'Finished building: ../Libraries/XMCLib/src/xmc_spi.c'

'Building file: ../Libraries/XMCLib/src/xmc_uart.c'
'Invoking: ARM-GCC C Compiler'
"C:/dave/DAVE-IDE-4.4.2-64Bit/DAVE-IDE-4.4.2-64Bit/eclipse/ARM-GCC-49/bin/arm-none-eabi-gcc" -MMD -MT "Libraries/XMCLib/src/xmc_uart.o" -DXMC1404_F064x0200 -I"C:/GitHub/MobRob_Rover_NEW/Steering_Controller/MobRob_Steering_Controller/Libraries/XMCLib/inc" -I"C:/GitHub/MobRob_Rover_NEW/Steering_Controller/MobRob_Steering_Controller/Libraries/CMSIS/Include" -I"C:/GitHub/MobRob_Rover_NEW/Steering_Controller/MobRob_Steering_Controller/Libraries/CMSIS/Infineon/XMC1400_series/Include" -I"C:/GitHub/MobRob_Rover_NEW/Steering_Controller/MobRob_Steering_Controller" -I"C:/GitHub/MobRob_Rover_NEW/Steering_Controller/MobRob_Steering_Controller/Dave/Generated" -I"C:/GitHub/MobRob_Rover_NEW/Steering_Controller/MobRob_Steering_Controller/Libraries" -O0 -ffunction-sections -fdata-sections -Wall -std=gnu99 -Wa,-adhlns="Libraries/XMCLib/src/xmc_uart.o.lst" -pipe -c -fmessage-length=0 -MMD -MP -MF"Libraries/XMCLib/src/xmc_uart.d" -MT"Libraries/XMCLib/src/xmc_uart.d Libraries/XMCLib/src/xmc_uart.o" -mcpu=cortex-m0 -mthumb -g -gdwarf-2 -o "Libraries/XMCLib/src/xmc_uart.o" "../Libraries/XMCLib/src/xmc_uart.c" 
'Finished building: ../Libraries/XMCLib/src/xmc_uart.c'

'Building file: ../Libraries/XMCLib/src/xmc_usic.c'
'Invoking: ARM-GCC C Compiler'
"C:/dave/DAVE-IDE-4.4.2-64Bit/DAVE-IDE-4.4.2-64Bit/eclipse/ARM-GCC-49/bin/arm-none-eabi-gcc" -MMD -MT "Libraries/XMCLib/src/xmc_usic.o" -DXMC1404_F064x0200 -I"C:/GitHub/MobRob_Rover_NEW/Steering_Controller/MobRob_Steering_Controller/Libraries/XMCLib/inc" -I"C:/GitHub/MobRob_Rover_NEW/Steering_Controller/MobRob_Steering_Controller/Libraries/CMSIS/Include" -I"C:/GitHub/MobRob_Rover_NEW/Steering_Controller/MobRob_Steering_Controller/Libraries/CMSIS/Infineon/XMC1400_series/Include" -I"C:/GitHub/MobRob_Rover_NEW/Steering_Controller/MobRob_Steering_Controller" -I"C:/GitHub/MobRob_Rover_NEW/Steering_Controller/MobRob_Steering_Controller/Dave/Generated" -I"C:/GitHub/MobRob_Rover_NEW/Steering_Controller/MobRob_Steering_Controller/Libraries" -O0 -ffunction-sections -fdata-sections -Wall -std=gnu99 -Wa,-adhlns="Libraries/XMCLib/src/xmc_usic.o.lst" -pipe -c -fmessage-length=0 -MMD -MP -MF"Libraries/XMCLib/src/xmc_usic.d" -MT"Libraries/XMCLib/src/xmc_usic.d Libraries/XMCLib/src/xmc_usic.o" -mcpu=cortex-m0 -mthumb -g -gdwarf-2 -o "Libraries/XMCLib/src/xmc_usic.o" "../Libraries/XMCLib/src/xmc_usic.c" 
'Finished building: ../Libraries/XMCLib/src/xmc_usic.c'

'Building file: ../Libraries/XMCLib/src/xmc_wdt.c'
'Invoking: ARM-GCC C Compiler'
"C:/dave/DAVE-IDE-4.4.2-64Bit/DAVE-IDE-4.4.2-64Bit/eclipse/ARM-GCC-49/bin/arm-none-eabi-gcc" -MMD -MT "Libraries/XMCLib/src/xmc_wdt.o" -DXMC1404_F064x0200 -I"C:/GitHub/MobRob_Rover_NEW/Steering_Controller/MobRob_Steering_Controller/Libraries/XMCLib/inc" -I"C:/GitHub/MobRob_Rover_NEW/Steering_Controller/MobRob_Steering_Controller/Libraries/CMSIS/Include" -I"C:/GitHub/MobRob_Rover_NEW/Steering_Controller/MobRob_Steering_Controller/Libraries/CMSIS/Infineon/XMC1400_series/Include" -I"C:/GitHub/MobRob_Rover_NEW/Steering_Controller/MobRob_Steering_Controller" -I"C:/GitHub/MobRob_Rover_NEW/Steering_Controller/MobRob_Steering_Controller/Dave/Generated" -I"C:/GitHub/MobRob_Rover_NEW/Steering_Controller/MobRob_Steering_Controller/Libraries" -O0 -ffunction-sections -fdata-sections -Wall -std=gnu99 -Wa,-adhlns="Libraries/XMCLib/src/xmc_wdt.o.lst" -pipe -c -fmessage-length=0 -MMD -MP -MF"Libraries/XMCLib/src/xmc_wdt.d" -MT"Libraries/XMCLib/src/xmc_wdt.d Libraries/XMCLib/src/xmc_wdt.o" -mcpu=cortex-m0 -mthumb -g -gdwarf-2 -o "Libraries/XMCLib/src/xmc_wdt.o" "../Libraries/XMCLib/src/xmc_wdt.c" 
'Finished building: ../Libraries/XMCLib/src/xmc_wdt.c'

'Building file: ../Libraries/Newlib/syscalls.c'
'Invoking: ARM-GCC C Compiler'
"C:/dave/DAVE-IDE-4.4.2-64Bit/DAVE-IDE-4.4.2-64Bit/eclipse/ARM-GCC-49/bin/arm-none-eabi-gcc" -MMD -MT "Libraries/Newlib/syscalls.o" -DXMC1404_F064x0200 -I"C:/GitHub/MobRob_Rover_NEW/Steering_Controller/MobRob_Steering_Controller/Libraries/XMCLib/inc" -I"C:/GitHub/MobRob_Rover_NEW/Steering_Controller/MobRob_Steering_Controller/Libraries/CMSIS/Include" -I"C:/GitHub/MobRob_Rover_NEW/Steering_Controller/MobRob_Steering_Controller/Libraries/CMSIS/Infineon/XMC1400_series/Include" -I"C:/GitHub/MobRob_Rover_NEW/Steering_Controller/MobRob_Steering_Controller" -I"C:/GitHub/MobRob_Rover_NEW/Steering_Controller/MobRob_Steering_Controller/Dave/Generated" -I"C:/GitHub/MobRob_Rover_NEW/Steering_Controller/MobRob_Steering_Controller/Libraries" -O0 -ffunction-sections -fdata-sections -Wall -std=gnu99 -Wa,-adhlns="Libraries/Newlib/syscalls.o.lst" -pipe -c -fmessage-length=0 -MMD -MP -MF"Libraries/Newlib/syscalls.d" -MT"Libraries/Newlib/syscalls.d Libraries/Newlib/syscalls.o" -mcpu=cortex-m0 -mthumb -g -gdwarf-2 -o "Libraries/Newlib/syscalls.o" "../Libraries/Newlib/syscalls.c" 
'Finished building: ../Libraries/Newlib/syscalls.c'

'Building file: ../Dave/Generated/WATCHDOG/watchdog.c'
'Invoking: ARM-GCC C Compiler'
"C:/dave/DAVE-IDE-4.4.2-64Bit/DAVE-IDE-4.4.2-64Bit/eclipse/ARM-GCC-49/bin/arm-none-eabi-gcc" -MMD -MT "Dave/Generated/WATCHDOG/watchdog.o" -DXMC1404_F064x0200 -I"C:/GitHub/MobRob_Rover_NEW/Steering_Controller/MobRob_Steering_Controller/Libraries/XMCLib/inc" -I"C:/GitHub/MobRob_Rover_NEW/Steering_Controller/MobRob_Steering_Controller/Libraries/CMSIS/Include" -I"C:/GitHub/MobRob_Rover_NEW/Steering_Controller/MobRob_Steering_Controller/Libraries/CMSIS/Infineon/XMC1400_series/Include" -I"C:/GitHub/MobRob_Rover_NEW/Steering_Controller/MobRob_Steering_Controller" -I"C:/GitHub/MobRob_Rover_NEW/Steering_Controller/MobRob_Steering_Controller/Dave/Generated" -I"C:/GitHub/MobRob_Rover_NEW/Steering_Controller/MobRob_Steering_Controller/Libraries" -O0 -ffunction-sections -fdata-sections -Wall -std=gnu99 -Wa,-adhlns="Dave/Generated/WATCHDOG/watchdog.o.lst" -pipe -c -fmessage-length=0 -MMD -MP -MF"Dave/Generated/WATCHDOG/watchdog.d" -MT"Dave/Generated/WATCHDOG/watchdog.d Dave/Generated/WATCHDOG/watchdog.o" -mcpu=cortex-m0 -mthumb -g -gdwarf-2 -o "Dave/Generated/WATCHDOG/watchdog.o" "../Dave/Generated/WATCHDOG/watchdog.c" 
'Finished building: ../Dave/Generated/WATCHDOG/watchdog.c'

'Building file: ../Libraries/XMCLib/src/xmc_vadc.c'
'Invoking: ARM-GCC C Compiler'
"C:/dave/DAVE-IDE-4.4.2-64Bit/DAVE-IDE-4.4.2-64Bit/eclipse/ARM-GCC-49/bin/arm-none-eabi-gcc" -MMD -MT "Libraries/XMCLib/src/xmc_vadc.o" -DXMC1404_F064x0200 -I"C:/GitHub/MobRob_Rover_NEW/Steering_Controller/MobRob_Steering_Controller/Libraries/XMCLib/inc" -I"C:/GitHub/MobRob_Rover_NEW/Steering_Controller/MobRob_Steering_Controller/Libraries/CMSIS/Include" -I"C:/GitHub/MobRob_Rover_NEW/Steering_Controller/MobRob_Steering_Controller/Libraries/CMSIS/Infineon/XMC1400_series/Include" -I"C:/GitHub/MobRob_Rover_NEW/Steering_Controller/MobRob_Steering_Controller" -I"C:/GitHub/MobRob_Rover_NEW/Steering_Controller/MobRob_Steering_Controller/Dave/Generated" -I"C:/GitHub/MobRob_Rover_NEW/Steering_Controller/MobRob_Steering_Controller/Libraries" -O0 -ffunction-sections -fdata-sections -Wall -std=gnu99 -Wa,-adhlns="Libraries/XMCLib/src/xmc_vadc.o.lst" -pipe -c -fmessage-length=0 -MMD -MP -MF"Libraries/XMCLib/src/xmc_vadc.d" -MT"Libraries/XMCLib/src/xmc_vadc.d Libraries/XMCLib/src/xmc_vadc.o" -mcpu=cortex-m0 -mthumb -g -gdwarf-2 -o "Libraries/XMCLib/src/xmc_vadc.o" "../Libraries/XMCLib/src/xmc_vadc.c" 
'Finished building: ../Libraries/XMCLib/src/xmc_vadc.c'

'Building file: ../Dave/Generated/WATCHDOG/watchdog_conf.c'
'Invoking: ARM-GCC C Compiler'
"C:/dave/DAVE-IDE-4.4.2-64Bit/DAVE-IDE-4.4.2-64Bit/eclipse/ARM-GCC-49/bin/arm-none-eabi-gcc" -MMD -MT "Dave/Generated/WATCHDOG/watchdog_conf.o" -DXMC1404_F064x0200 -I"C:/GitHub/MobRob_Rover_NEW/Steering_Controller/MobRob_Steering_Controller/Libraries/XMCLib/inc" -I"C:/GitHub/MobRob_Rover_NEW/Steering_Controller/MobRob_Steering_Controller/Libraries/CMSIS/Include" -I"C:/GitHub/MobRob_Rover_NEW/Steering_Controller/MobRob_Steering_Controller/Libraries/CMSIS/Infineon/XMC1400_series/Include" -I"C:/GitHub/MobRob_Rover_NEW/Steering_Controller/MobRob_Steering_Controller" -I"C:/GitHub/MobRob_Rover_NEW/Steering_Controller/MobRob_Steering_Controller/Dave/Generated" -I"C:/GitHub/MobRob_Rover_NEW/Steering_Controller/MobRob_Steering_Controller/Libraries" -O0 -ffunction-sections -fdata-sections -Wall -std=gnu99 -Wa,-adhlns="Dave/Generated/WATCHDOG/watchdog_conf.o.lst" -pipe -c -fmessage-length=0 -MMD -MP -MF"Dave/Generated/WATCHDOG/watchdog_conf.d" -MT"Dave/Generated/WATCHDOG/watchdog_conf.d Dave/Generated/WATCHDOG/watchdog_conf.o" -mcpu=cortex-m0 -mthumb -g -gdwarf-2 -o "Dave/Generated/WATCHDOG/watchdog_conf.o" "../Dave/Generated/WATCHDOG/watchdog_conf.c" 
'Finished building: ../Dave/Generated/WATCHDOG/watchdog_conf.c'

'Building file: ../Dave/Generated/TIMER/timer.c'
'Invoking: ARM-GCC C Compiler'
"C:/dave/DAVE-IDE-4.4.2-64Bit/DAVE-IDE-4.4.2-64Bit/eclipse/ARM-GCC-49/bin/arm-none-eabi-gcc" -MMD -MT "Dave/Generated/TIMER/timer.o" -DXMC1404_F064x0200 -I"C:/GitHub/MobRob_Rover_NEW/Steering_Controller/MobRob_Steering_Controller/Libraries/XMCLib/inc" -I"C:/GitHub/MobRob_Rover_NEW/Steering_Controller/MobRob_Steering_Controller/Libraries/CMSIS/Include" -I"C:/GitHub/MobRob_Rover_NEW/Steering_Controller/MobRob_Steering_Controller/Libraries/CMSIS/Infineon/XMC1400_series/Include" -I"C:/GitHub/MobRob_Rover_NEW/Steering_Controller/MobRob_Steering_Controller" -I"C:/GitHub/MobRob_Rover_NEW/Steering_Controller/MobRob_Steering_Controller/Dave/Generated" -I"C:/GitHub/MobRob_Rover_NEW/Steering_Controller/MobRob_Steering_Controller/Libraries" -O0 -ffunction-sections -fdata-sections -Wall -std=gnu99 -Wa,-adhlns="Dave/Generated/TIMER/timer.o.lst" -pipe -c -fmessage-length=0 -MMD -MP -MF"Dave/Generated/TIMER/timer.d" -MT"Dave/Generated/TIMER/timer.d Dave/Generated/TIMER/timer.o" -mcpu=cortex-m0 -mthumb -g -gdwarf-2 -o "Dave/Generated/TIMER/timer.o" "../Dave/Generated/TIMER/timer.c" 
'Finished building: ../Dave/Generated/TIMER/timer.c'

'Building file: ../Dave/Generated/TIMER/timer_conf.c'
'Invoking: ARM-GCC C Compiler'
"C:/dave/DAVE-IDE-4.4.2-64Bit/DAVE-IDE-4.4.2-64Bit/eclipse/ARM-GCC-49/bin/arm-none-eabi-gcc" -MMD -MT "Dave/Generated/TIMER/timer_conf.o" -DXMC1404_F064x0200 -I"C:/GitHub/MobRob_Rover_NEW/Steering_Controller/MobRob_Steering_Controller/Libraries/XMCLib/inc" -I"C:/GitHub/MobRob_Rover_NEW/Steering_Controller/MobRob_Steering_Controller/Libraries/CMSIS/Include" -I"C:/GitHub/MobRob_Rover_NEW/Steering_Controller/MobRob_Steering_Controller/Libraries/CMSIS/Infineon/XMC1400_series/Include" -I"C:/GitHub/MobRob_Rover_NEW/Steering_Controller/MobRob_Steering_Controller" -I"C:/GitHub/MobRob_Rover_NEW/Steering_Controller/MobRob_Steering_Controller/Dave/Generated" -I"C:/GitHub/MobRob_Rover_NEW/Steering_Controller/MobRob_Steering_Controller/Libraries" -O0 -ffunction-sections -fdata-sections -Wall -std=gnu99 -Wa,-adhlns="Dave/Generated/TIMER/timer_conf.o.lst" -pipe -c -fmessage-length=0 -MMD -MP -MF"Dave/Generated/TIMER/timer_conf.d" -MT"Dave/Generated/TIMER/timer_conf.d Dave/Generated/TIMER/timer_conf.o" -mcpu=cortex-m0 -mthumb -g -gdwarf-2 -o "Dave/Generated/TIMER/timer_conf.o" "../Dave/Generated/TIMER/timer_conf.c" 
'Finished building: ../Dave/Generated/TIMER/timer_conf.c'

'Building file: ../Dave/Generated/PWM/pwm_conf.c'
'Invoking: ARM-GCC C Compiler'
"C:/dave/DAVE-IDE-4.4.2-64Bit/DAVE-IDE-4.4.2-64Bit/eclipse/ARM-GCC-49/bin/arm-none-eabi-gcc" -MMD -MT "Dave/Generated/PWM/pwm_conf.o" -DXMC1404_F064x0200 -I"C:/GitHub/MobRob_Rover_NEW/Steering_Controller/MobRob_Steering_Controller/Libraries/XMCLib/inc" -I"C:/GitHub/MobRob_Rover_NEW/Steering_Controller/MobRob_Steering_Controller/Libraries/CMSIS/Include" -I"C:/GitHub/MobRob_Rover_NEW/Steering_Controller/MobRob_Steering_Controller/Libraries/CMSIS/Infineon/XMC1400_series/Include" -I"C:/GitHub/MobRob_Rover_NEW/Steering_Controller/MobRob_Steering_Controller" -I"C:/GitHub/MobRob_Rover_NEW/Steering_Controller/MobRob_Steering_Controller/Dave/Generated" -I"C:/GitHub/MobRob_Rover_NEW/Steering_Controller/MobRob_Steering_Controller/Libraries" -O0 -ffunction-sections -fdata-sections -Wall -std=gnu99 -Wa,-adhlns="Dave/Generated/PWM/pwm_conf.o.lst" -pipe -c -fmessage-length=0 -MMD -MP -MF"Dave/Generated/PWM/pwm_conf.d" -MT"Dave/Generated/PWM/pwm_conf.d Dave/Generated/PWM/pwm_conf.o" -mcpu=cortex-m0 -mthumb -g -gdwarf-2 -o "Dave/Generated/PWM/pwm_conf.o" "../Dave/Generated/PWM/pwm_conf.c" 
'Finished building: ../Dave/Generated/PWM/pwm_conf.c'

'Building file: ../Dave/Generated/PWM/pwm.c'
'Invoking: ARM-GCC C Compiler'
"C:/dave/DAVE-IDE-4.4.2-64Bit/DAVE-IDE-4.4.2-64Bit/eclipse/ARM-GCC-49/bin/arm-none-eabi-gcc" -MMD -MT "Dave/Generated/PWM/pwm.o" -DXMC1404_F064x0200 -I"C:/GitHub/MobRob_Rover_NEW/Steering_Controller/MobRob_Steering_Controller/Libraries/XMCLib/inc" -I"C:/GitHub/MobRob_Rover_NEW/Steering_Controller/MobRob_Steering_Controller/Libraries/CMSIS/Include" -I"C:/GitHub/MobRob_Rover_NEW/Steering_Controller/MobRob_Steering_Controller/Libraries/CMSIS/Infineon/XMC1400_series/Include" -I"C:/GitHub/MobRob_Rover_NEW/Steering_Controller/MobRob_Steering_Controller" -I"C:/GitHub/MobRob_Rover_NEW/Steering_Controller/MobRob_Steering_Controller/Dave/Generated" -I"C:/GitHub/MobRob_Rover_NEW/Steering_Controller/MobRob_Steering_Controller/Libraries" -O0 -ffunction-sections -fdata-sections -Wall -std=gnu99 -Wa,-adhlns="Dave/Generated/PWM/pwm.o.lst" -pipe -c -fmessage-length=0 -MMD -MP -MF"Dave/Generated/PWM/pwm.d" -MT"Dave/Generated/PWM/pwm.d Dave/Generated/PWM/pwm.o" -mcpu=cortex-m0 -mthumb -g -gdwarf-2 -o "Dave/Generated/PWM/pwm.o" "../Dave/Generated/PWM/pwm.c" 
'Finished building: ../Dave/Generated/PWM/pwm.c'

'Building file: ../Dave/Generated/PIN_INTERRUPT/pin_interrupt.c'
'Invoking: ARM-GCC C Compiler'
"C:/dave/DAVE-IDE-4.4.2-64Bit/DAVE-IDE-4.4.2-64Bit/eclipse/ARM-GCC-49/bin/arm-none-eabi-gcc" -MMD -MT "Dave/Generated/PIN_INTERRUPT/pin_interrupt.o" -DXMC1404_F064x0200 -I"C:/GitHub/MobRob_Rover_NEW/Steering_Controller/MobRob_Steering_Controller/Libraries/XMCLib/inc" -I"C:/GitHub/MobRob_Rover_NEW/Steering_Controller/MobRob_Steering_Controller/Libraries/CMSIS/Include" -I"C:/GitHub/MobRob_Rover_NEW/Steering_Controller/MobRob_Steering_Controller/Libraries/CMSIS/Infineon/XMC1400_series/Include" -I"C:/GitHub/MobRob_Rover_NEW/Steering_Controller/MobRob_Steering_Controller" -I"C:/GitHub/MobRob_Rover_NEW/Steering_Controller/MobRob_Steering_Controller/Dave/Generated" -I"C:/GitHub/MobRob_Rover_NEW/Steering_Controller/MobRob_Steering_Controller/Libraries" -O0 -ffunction-sections -fdata-sections -Wall -std=gnu99 -Wa,-adhlns="Dave/Generated/PIN_INTERRUPT/pin_interrupt.o.lst" -pipe -c -fmessage-length=0 -MMD -MP -MF"Dave/Generated/PIN_INTERRUPT/pin_interrupt.d" -MT"Dave/Generated/PIN_INTERRUPT/pin_interrupt.d Dave/Generated/PIN_INTERRUPT/pin_interrupt.o" -mcpu=cortex-m0 -mthumb -g -gdwarf-2 -o "Dave/Generated/PIN_INTERRUPT/pin_interrupt.o" "../Dave/Generated/PIN_INTERRUPT/pin_interrupt.c" 
'Finished building: ../Dave/Generated/PIN_INTERRUPT/pin_interrupt.c'

'Building file: ../Dave/Generated/PIN_INTERRUPT/pin_interrupt_conf.c'
'Invoking: ARM-GCC C Compiler'
"C:/dave/DAVE-IDE-4.4.2-64Bit/DAVE-IDE-4.4.2-64Bit/eclipse/ARM-GCC-49/bin/arm-none-eabi-gcc" -MMD -MT "Dave/Generated/PIN_INTERRUPT/pin_interrupt_conf.o" -DXMC1404_F064x0200 -I"C:/GitHub/MobRob_Rover_NEW/Steering_Controller/MobRob_Steering_Controller/Libraries/XMCLib/inc" -I"C:/GitHub/MobRob_Rover_NEW/Steering_Controller/MobRob_Steering_Controller/Libraries/CMSIS/Include" -I"C:/GitHub/MobRob_Rover_NEW/Steering_Controller/MobRob_Steering_Controller/Libraries/CMSIS/Infineon/XMC1400_series/Include" -I"C:/GitHub/MobRob_Rover_NEW/Steering_Controller/MobRob_Steering_Controller" -I"C:/GitHub/MobRob_Rover_NEW/Steering_Controller/MobRob_Steering_Controller/Dave/Generated" -I"C:/GitHub/MobRob_Rover_NEW/Steering_Controller/MobRob_Steering_Controller/Libraries" -O0 -ffunction-sections -fdata-sections -Wall -std=gnu99 -Wa,-adhlns="Dave/Generated/PIN_INTERRUPT/pin_interrupt_conf.o.lst" -pipe -c -fmessage-length=0 -MMD -MP -MF"Dave/Generated/PIN_INTERRUPT/pin_interrupt_conf.d" -MT"Dave/Generated/PIN_INTERRUPT/pin_interrupt_conf.d Dave/Generated/PIN_INTERRUPT/pin_interrupt_conf.o" -mcpu=cortex-m0 -mthumb -g -gdwarf-2 -o "Dave/Generated/PIN_INTERRUPT/pin_interrupt_conf.o" "../Dave/Generated/PIN_INTERRUPT/pin_interrupt_conf.c" 
'Finished building: ../Dave/Generated/PIN_INTERRUPT/pin_interrupt_conf.c'

'Building file: ../Dave/Generated/INTERRUPT/interrupt_conf.c'
'Invoking: ARM-GCC C Compiler'
"C:/dave/DAVE-IDE-4.4.2-64Bit/DAVE-IDE-4.4.2-64Bit/eclipse/ARM-GCC-49/bin/arm-none-eabi-gcc" -MMD -MT "Dave/Generated/INTERRUPT/interrupt_conf.o" -DXMC1404_F064x0200 -I"C:/GitHub/MobRob_Rover_NEW/Steering_Controller/MobRob_Steering_Controller/Libraries/XMCLib/inc" -I"C:/GitHub/MobRob_Rover_NEW/Steering_Controller/MobRob_Steering_Controller/Libraries/CMSIS/Include" -I"C:/GitHub/MobRob_Rover_NEW/Steering_Controller/MobRob_Steering_Controller/Libraries/CMSIS/Infineon/XMC1400_series/Include" -I"C:/GitHub/MobRob_Rover_NEW/Steering_Controller/MobRob_Steering_Controller" -I"C:/GitHub/MobRob_Rover_NEW/Steering_Controller/MobRob_Steering_Controller/Dave/Generated" -I"C:/GitHub/MobRob_Rover_NEW/Steering_Controller/MobRob_Steering_Controller/Libraries" -O0 -ffunction-sections -fdata-sections -Wall -std=gnu99 -Wa,-adhlns="Dave/Generated/INTERRUPT/interrupt_conf.o.lst" -pipe -c -fmessage-length=0 -MMD -MP -MF"Dave/Generated/INTERRUPT/interrupt_conf.d" -MT"Dave/Generated/INTERRUPT/interrupt_conf.d Dave/Generated/INTERRUPT/interrupt_conf.o" -mcpu=cortex-m0 -mthumb -g -gdwarf-2 -o "Dave/Generated/INTERRUPT/interrupt_conf.o" "../Dave/Generated/INTERRUPT/interrupt_conf.c" 
'Finished building: ../Dave/Generated/INTERRUPT/interrupt_conf.c'

'Building file: ../Dave/Generated/INTERRUPT/interrupt.c'
'Invoking: ARM-GCC C Compiler'
"C:/dave/DAVE-IDE-4.4.2-64Bit/DAVE-IDE-4.4.2-64Bit/eclipse/ARM-GCC-49/bin/arm-none-eabi-gcc" -MMD -MT "Dave/Generated/INTERRUPT/interrupt.o" -DXMC1404_F064x0200 -I"C:/GitHub/MobRob_Rover_NEW/Steering_Controller/MobRob_Steering_Controller/Libraries/XMCLib/inc" -I"C:/GitHub/MobRob_Rover_NEW/Steering_Controller/MobRob_Steering_Controller/Libraries/CMSIS/Include" -I"C:/GitHub/MobRob_Rover_NEW/Steering_Controller/MobRob_Steering_Controller/Libraries/CMSIS/Infineon/XMC1400_series/Include" -I"C:/GitHub/MobRob_Rover_NEW/Steering_Controller/MobRob_Steering_Controller" -I"C:/GitHub/MobRob_Rover_NEW/Steering_Controller/MobRob_Steering_Controller/Dave/Generated" -I"C:/GitHub/MobRob_Rover_NEW/Steering_Controller/MobRob_Steering_Controller/Libraries" -O0 -ffunction-sections -fdata-sections -Wall -std=gnu99 -Wa,-adhlns="Dave/Generated/INTERRUPT/interrupt.o.lst" -pipe -c -fmessage-length=0 -MMD -MP -MF"Dave/Generated/INTERRUPT/interrupt.d" -MT"Dave/Generated/INTERRUPT/interrupt.d Dave/Generated/INTERRUPT/interrupt.o" -mcpu=cortex-m0 -mthumb -g -gdwarf-2 -o "Dave/Generated/INTERRUPT/interrupt.o" "../Dave/Generated/INTERRUPT/interrupt.c" 
'Finished building: ../Dave/Generated/INTERRUPT/interrupt.c'

'Building file: ../Dave/Generated/GLOBAL_SCU_XMC1/global_scu_xmc1.c'
'Invoking: ARM-GCC C Compiler'
"C:/dave/DAVE-IDE-4.4.2-64Bit/DAVE-IDE-4.4.2-64Bit/eclipse/ARM-GCC-49/bin/arm-none-eabi-gcc" -MMD -MT "Dave/Generated/GLOBAL_SCU_XMC1/global_scu_xmc1.o" -DXMC1404_F064x0200 -I"C:/GitHub/MobRob_Rover_NEW/Steering_Controller/MobRob_Steering_Controller/Libraries/XMCLib/inc" -I"C:/GitHub/MobRob_Rover_NEW/Steering_Controller/MobRob_Steering_Controller/Libraries/CMSIS/Include" -I"C:/GitHub/MobRob_Rover_NEW/Steering_Controller/MobRob_Steering_Controller/Libraries/CMSIS/Infineon/XMC1400_series/Include" -I"C:/GitHub/MobRob_Rover_NEW/Steering_Controller/MobRob_Steering_Controller" -I"C:/GitHub/MobRob_Rover_NEW/Steering_Controller/MobRob_Steering_Controller/Dave/Generated" -I"C:/GitHub/MobRob_Rover_NEW/Steering_Controller/MobRob_Steering_Controller/Libraries" -O0 -ffunction-sections -fdata-sections -Wall -std=gnu99 -Wa,-adhlns="Dave/Generated/GLOBAL_SCU_XMC1/global_scu_xmc1.o.lst" -pipe -c -fmessage-length=0 -MMD -MP -MF"Dave/Generated/GLOBAL_SCU_XMC1/global_scu_xmc1.d" -MT"Dave/Generated/GLOBAL_SCU_XMC1/global_scu_xmc1.d Dave/Generated/GLOBAL_SCU_XMC1/global_scu_xmc1.o" -mcpu=cortex-m0 -mthumb -g -gdwarf-2 -o "Dave/Generated/GLOBAL_SCU_XMC1/global_scu_xmc1.o" "../Dave/Generated/GLOBAL_SCU_XMC1/global_scu_xmc1.c" 
'Finished building: ../Dave/Generated/GLOBAL_SCU_XMC1/global_scu_xmc1.c'

'Building file: ../Dave/Generated/GLOBAL_SCU_XMC1/global_scu_xmc1_conf.c'
'Invoking: ARM-GCC C Compiler'
"C:/dave/DAVE-IDE-4.4.2-64Bit/DAVE-IDE-4.4.2-64Bit/eclipse/ARM-GCC-49/bin/arm-none-eabi-gcc" -MMD -MT "Dave/Generated/GLOBAL_SCU_XMC1/global_scu_xmc1_conf.o" -DXMC1404_F064x0200 -I"C:/GitHub/MobRob_Rover_NEW/Steering_Controller/MobRob_Steering_Controller/Libraries/XMCLib/inc" -I"C:/GitHub/MobRob_Rover_NEW/Steering_Controller/MobRob_Steering_Controller/Libraries/CMSIS/Include" -I"C:/GitHub/MobRob_Rover_NEW/Steering_Controller/MobRob_Steering_Controller/Libraries/CMSIS/Infineon/XMC1400_series/Include" -I"C:/GitHub/MobRob_Rover_NEW/Steering_Controller/MobRob_Steering_Controller" -I"C:/GitHub/MobRob_Rover_NEW/Steering_Controller/MobRob_Steering_Controller/Dave/Generated" -I"C:/GitHub/MobRob_Rover_NEW/Steering_Controller/MobRob_Steering_Controller/Libraries" -O0 -ffunction-sections -fdata-sections -Wall -std=gnu99 -Wa,-adhlns="Dave/Generated/GLOBAL_SCU_XMC1/global_scu_xmc1_conf.o.lst" -pipe -c -fmessage-length=0 -MMD -MP -MF"Dave/Generated/GLOBAL_SCU_XMC1/global_scu_xmc1_conf.d" -MT"Dave/Generated/GLOBAL_SCU_XMC1/global_scu_xmc1_conf.d Dave/Generated/GLOBAL_SCU_XMC1/global_scu_xmc1_conf.o" -mcpu=cortex-m0 -mthumb -g -gdwarf-2 -o "Dave/Generated/GLOBAL_SCU_XMC1/global_scu_xmc1_conf.o" "../Dave/Generated/GLOBAL_SCU_XMC1/global_scu_xmc1_conf.c" 
'Finished building: ../Dave/Generated/GLOBAL_SCU_XMC1/global_scu_xmc1_conf.c'

'Building file: ../Dave/Generated/GLOBAL_CCU4/global_ccu4.c'
'Invoking: ARM-GCC C Compiler'
"C:/dave/DAVE-IDE-4.4.2-64Bit/DAVE-IDE-4.4.2-64Bit/eclipse/ARM-GCC-49/bin/arm-none-eabi-gcc" -MMD -MT "Dave/Generated/GLOBAL_CCU4/global_ccu4.o" -DXMC1404_F064x0200 -I"C:/GitHub/MobRob_Rover_NEW/Steering_Controller/MobRob_Steering_Controller/Libraries/XMCLib/inc" -I"C:/GitHub/MobRob_Rover_NEW/Steering_Controller/MobRob_Steering_Controller/Libraries/CMSIS/Include" -I"C:/GitHub/MobRob_Rover_NEW/Steering_Controller/MobRob_Steering_Controller/Libraries/CMSIS/Infineon/XMC1400_series/Include" -I"C:/GitHub/MobRob_Rover_NEW/Steering_Controller/MobRob_Steering_Controller" -I"C:/GitHub/MobRob_Rover_NEW/Steering_Controller/MobRob_Steering_Controller/Dave/Generated" -I"C:/GitHub/MobRob_Rover_NEW/Steering_Controller/MobRob_Steering_Controller/Libraries" -O0 -ffunction-sections -fdata-sections -Wall -std=gnu99 -Wa,-adhlns="Dave/Generated/GLOBAL_CCU4/global_ccu4.o.lst" -pipe -c -fmessage-length=0 -MMD -MP -MF"Dave/Generated/GLOBAL_CCU4/global_ccu4.d" -MT"Dave/Generated/GLOBAL_CCU4/global_ccu4.d Dave/Generated/GLOBAL_CCU4/global_ccu4.o" -mcpu=cortex-m0 -mthumb -g -gdwarf-2 -o "Dave/Generated/GLOBAL_CCU4/global_ccu4.o" "../Dave/Generated/GLOBAL_CCU4/global_ccu4.c" 
'Finished building: ../Dave/Generated/GLOBAL_CCU4/global_ccu4.c'

'Building file: ../Dave/Generated/GLOBAL_CCU4/global_ccu4_conf.c'
'Invoking: ARM-GCC C Compiler'
"C:/dave/DAVE-IDE-4.4.2-64Bit/DAVE-IDE-4.4.2-64Bit/eclipse/ARM-GCC-49/bin/arm-none-eabi-gcc" -MMD -MT "Dave/Generated/GLOBAL_CCU4/global_ccu4_conf.o" -DXMC1404_F064x0200 -I"C:/GitHub/MobRob_Rover_NEW/Steering_Controller/MobRob_Steering_Controller/Libraries/XMCLib/inc" -I"C:/GitHub/MobRob_Rover_NEW/Steering_Controller/MobRob_Steering_Controller/Libraries/CMSIS/Include" -I"C:/GitHub/MobRob_Rover_NEW/Steering_Controller/MobRob_Steering_Controller/Libraries/CMSIS/Infineon/XMC1400_series/Include" -I"C:/GitHub/MobRob_Rover_NEW/Steering_Controller/MobRob_Steering_Controller" -I"C:/GitHub/MobRob_Rover_NEW/Steering_Controller/MobRob_Steering_Controller/Dave/Generated" -I"C:/GitHub/MobRob_Rover_NEW/Steering_Controller/MobRob_Steering_Controller/Libraries" -O0 -ffunction-sections -fdata-sections -Wall -std=gnu99 -Wa,-adhlns="Dave/Generated/GLOBAL_CCU4/global_ccu4_conf.o.lst" -pipe -c -fmessage-length=0 -MMD -MP -MF"Dave/Generated/GLOBAL_CCU4/global_ccu4_conf.d" -MT"Dave/Generated/GLOBAL_CCU4/global_ccu4_conf.d Dave/Generated/GLOBAL_CCU4/global_ccu4_conf.o" -mcpu=cortex-m0 -mthumb -g -gdwarf-2 -o "Dave/Generated/GLOBAL_CCU4/global_ccu4_conf.o" "../Dave/Generated/GLOBAL_CCU4/global_ccu4_conf.c" 
'Finished building: ../Dave/Generated/GLOBAL_CCU4/global_ccu4_conf.c'

'Building file: ../Dave/Generated/GLOBAL_CAN/global_can.c'
'Invoking: ARM-GCC C Compiler'
"C:/dave/DAVE-IDE-4.4.2-64Bit/DAVE-IDE-4.4.2-64Bit/eclipse/ARM-GCC-49/bin/arm-none-eabi-gcc" -MMD -MT "Dave/Generated/GLOBAL_CAN/global_can.o" -DXMC1404_F064x0200 -I"C:/GitHub/MobRob_Rover_NEW/Steering_Controller/MobRob_Steering_Controller/Libraries/XMCLib/inc" -I"C:/GitHub/MobRob_Rover_NEW/Steering_Controller/MobRob_Steering_Controller/Libraries/CMSIS/Include" -I"C:/GitHub/MobRob_Rover_NEW/Steering_Controller/MobRob_Steering_Controller/Libraries/CMSIS/Infineon/XMC1400_series/Include" -I"C:/GitHub/MobRob_Rover_NEW/Steering_Controller/MobRob_Steering_Controller" -I"C:/GitHub/MobRob_Rover_NEW/Steering_Controller/MobRob_Steering_Controller/Dave/Generated" -I"C:/GitHub/MobRob_Rover_NEW/Steering_Controller/MobRob_Steering_Controller/Libraries" -O0 -ffunction-sections -fdata-sections -Wall -std=gnu99 -Wa,-adhlns="Dave/Generated/GLOBAL_CAN/global_can.o.lst" -pipe -c -fmessage-length=0 -MMD -MP -MF"Dave/Generated/GLOBAL_CAN/global_can.d" -MT"Dave/Generated/GLOBAL_CAN/global_can.d Dave/Generated/GLOBAL_CAN/global_can.o" -mcpu=cortex-m0 -mthumb -g -gdwarf-2 -o "Dave/Generated/GLOBAL_CAN/global_can.o" "../Dave/Generated/GLOBAL_CAN/global_can.c" 
'Finished building: ../Dave/Generated/GLOBAL_CAN/global_can.c'

'Building file: ../Dave/Generated/GLOBAL_CAN/global_can_conf.c'
'Invoking: ARM-GCC C Compiler'
"C:/dave/DAVE-IDE-4.4.2-64Bit/DAVE-IDE-4.4.2-64Bit/eclipse/ARM-GCC-49/bin/arm-none-eabi-gcc" -MMD -MT "Dave/Generated/GLOBAL_CAN/global_can_conf.o" -DXMC1404_F064x0200 -I"C:/GitHub/MobRob_Rover_NEW/Steering_Controller/MobRob_Steering_Controller/Libraries/XMCLib/inc" -I"C:/GitHub/MobRob_Rover_NEW/Steering_Controller/MobRob_Steering_Controller/Libraries/CMSIS/Include" -I"C:/GitHub/MobRob_Rover_NEW/Steering_Controller/MobRob_Steering_Controller/Libraries/CMSIS/Infineon/XMC1400_series/Include" -I"C:/GitHub/MobRob_Rover_NEW/Steering_Controller/MobRob_Steering_Controller" -I"C:/GitHub/MobRob_Rover_NEW/Steering_Controller/MobRob_Steering_Controller/Dave/Generated" -I"C:/GitHub/MobRob_Rover_NEW/Steering_Controller/MobRob_Steering_Controller/Libraries" -O0 -ffunction-sections -fdata-sections -Wall -std=gnu99 -Wa,-adhlns="Dave/Generated/GLOBAL_CAN/global_can_conf.o.lst" -pipe -c -fmessage-length=0 -MMD -MP -MF"Dave/Generated/GLOBAL_CAN/global_can_conf.d" -MT"Dave/Generated/GLOBAL_CAN/global_can_conf.d Dave/Generated/GLOBAL_CAN/global_can_conf.o" -mcpu=cortex-m0 -mthumb -g -gdwarf-2 -o "Dave/Generated/GLOBAL_CAN/global_can_conf.o" "../Dave/Generated/GLOBAL_CAN/global_can_conf.c" 
'Finished building: ../Dave/Generated/GLOBAL_CAN/global_can_conf.c'

'Building file: ../Dave/Generated/DIGITAL_IO/digital_io.c'
'Invoking: ARM-GCC C Compiler'
"C:/dave/DAVE-IDE-4.4.2-64Bit/DAVE-IDE-4.4.2-64Bit/eclipse/ARM-GCC-49/bin/arm-none-eabi-gcc" -MMD -MT "Dave/Generated/DIGITAL_IO/digital_io.o" -DXMC1404_F064x0200 -I"C:/GitHub/MobRob_Rover_NEW/Steering_Controller/MobRob_Steering_Controller/Libraries/XMCLib/inc" -I"C:/GitHub/MobRob_Rover_NEW/Steering_Controller/MobRob_Steering_Controller/Libraries/CMSIS/Include" -I"C:/GitHub/MobRob_Rover_NEW/Steering_Controller/MobRob_Steering_Controller/Libraries/CMSIS/Infineon/XMC1400_series/Include" -I"C:/GitHub/MobRob_Rover_NEW/Steering_Controller/MobRob_Steering_Controller" -I"C:/GitHub/MobRob_Rover_NEW/Steering_Controller/MobRob_Steering_Controller/Dave/Generated" -I"C:/GitHub/MobRob_Rover_NEW/Steering_Controller/MobRob_Steering_Controller/Libraries" -O0 -ffunction-sections -fdata-sections -Wall -std=gnu99 -Wa,-adhlns="Dave/Generated/DIGITAL_IO/digital_io.o.lst" -pipe -c -fmessage-length=0 -MMD -MP -MF"Dave/Generated/DIGITAL_IO/digital_io.d" -MT"Dave/Generated/DIGITAL_IO/digital_io.d Dave/Generated/DIGITAL_IO/digital_io.o" -mcpu=cortex-m0 -mthumb -g -gdwarf-2 -o "Dave/Generated/DIGITAL_IO/digital_io.o" "../Dave/Generated/DIGITAL_IO/digital_io.c" 
'Finished building: ../Dave/Generated/DIGITAL_IO/digital_io.c'

'Building file: ../Dave/Generated/DIGITAL_IO/digital_io_conf.c'
'Invoking: ARM-GCC C Compiler'
"C:/dave/DAVE-IDE-4.4.2-64Bit/DAVE-IDE-4.4.2-64Bit/eclipse/ARM-GCC-49/bin/arm-none-eabi-gcc" -MMD -MT "Dave/Generated/DIGITAL_IO/digital_io_conf.o" -DXMC1404_F064x0200 -I"C:/GitHub/MobRob_Rover_NEW/Steering_Controller/MobRob_Steering_Controller/Libraries/XMCLib/inc" -I"C:/GitHub/MobRob_Rover_NEW/Steering_Controller/MobRob_Steering_Controller/Libraries/CMSIS/Include" -I"C:/GitHub/MobRob_Rover_NEW/Steering_Controller/MobRob_Steering_Controller/Libraries/CMSIS/Infineon/XMC1400_series/Include" -I"C:/GitHub/MobRob_Rover_NEW/Steering_Controller/MobRob_Steering_Controller" -I"C:/GitHub/MobRob_Rover_NEW/Steering_Controller/MobRob_Steering_Controller/Dave/Generated" -I"C:/GitHub/MobRob_Rover_NEW/Steering_Controller/MobRob_Steering_Controller/Libraries" -O0 -ffunction-sections -fdata-sections -Wall -std=gnu99 -Wa,-adhlns="Dave/Generated/DIGITAL_IO/digital_io_conf.o.lst" -pipe -c -fmessage-length=0 -MMD -MP -MF"Dave/Generated/DIGITAL_IO/digital_io_conf.d" -MT"Dave/Generated/DIGITAL_IO/digital_io_conf.d Dave/Generated/DIGITAL_IO/digital_io_conf.o" -mcpu=cortex-m0 -mthumb -g -gdwarf-2 -o "Dave/Generated/DIGITAL_IO/digital_io_conf.o" "../Dave/Generated/DIGITAL_IO/digital_io_conf.c" 
'Finished building: ../Dave/Generated/DIGITAL_IO/digital_io_conf.c'

'Building file: ../Dave/Generated/CPU_CTRL_XMC1/cpu_ctrl_xmc1.c'
'Invoking: ARM-GCC C Compiler'
"C:/dave/DAVE-IDE-4.4.2-64Bit/DAVE-IDE-4.4.2-64Bit/eclipse/ARM-GCC-49/bin/arm-none-eabi-gcc" -MMD -MT "Dave/Generated/CPU_CTRL_XMC1/cpu_ctrl_xmc1.o" -DXMC1404_F064x0200 -I"C:/GitHub/MobRob_Rover_NEW/Steering_Controller/MobRob_Steering_Controller/Libraries/XMCLib/inc" -I"C:/GitHub/MobRob_Rover_NEW/Steering_Controller/MobRob_Steering_Controller/Libraries/CMSIS/Include" -I"C:/GitHub/MobRob_Rover_NEW/Steering_Controller/MobRob_Steering_Controller/Libraries/CMSIS/Infineon/XMC1400_series/Include" -I"C:/GitHub/MobRob_Rover_NEW/Steering_Controller/MobRob_Steering_Controller" -I"C:/GitHub/MobRob_Rover_NEW/Steering_Controller/MobRob_Steering_Controller/Dave/Generated" -I"C:/GitHub/MobRob_Rover_NEW/Steering_Controller/MobRob_Steering_Controller/Libraries" -O0 -ffunction-sections -fdata-sections -Wall -std=gnu99 -Wa,-adhlns="Dave/Generated/CPU_CTRL_XMC1/cpu_ctrl_xmc1.o.lst" -pipe -c -fmessage-length=0 -MMD -MP -MF"Dave/Generated/CPU_CTRL_XMC1/cpu_ctrl_xmc1.d" -MT"Dave/Generated/CPU_CTRL_XMC1/cpu_ctrl_xmc1.d Dave/Generated/CPU_CTRL_XMC1/cpu_ctrl_xmc1.o" -mcpu=cortex-m0 -mthumb -g -gdwarf-2 -o "Dave/Generated/CPU_CTRL_XMC1/cpu_ctrl_xmc1.o" "../Dave/Generated/CPU_CTRL_XMC1/cpu_ctrl_xmc1.c" 
'Finished building: ../Dave/Generated/CPU_CTRL_XMC1/cpu_ctrl_xmc1.c'

'Building file: ../Dave/Generated/CPU_CTRL_XMC1/cpu_ctrl_xmc1_conf.c'
'Invoking: ARM-GCC C Compiler'
"C:/dave/DAVE-IDE-4.4.2-64Bit/DAVE-IDE-4.4.2-64Bit/eclipse/ARM-GCC-49/bin/arm-none-eabi-gcc" -MMD -MT "Dave/Generated/CPU_CTRL_XMC1/cpu_ctrl_xmc1_conf.o" -DXMC1404_F064x0200 -I"C:/GitHub/MobRob_Rover_NEW/Steering_Controller/MobRob_Steering_Controller/Libraries/XMCLib/inc" -I"C:/GitHub/MobRob_Rover_NEW/Steering_Controller/MobRob_Steering_Controller/Libraries/CMSIS/Include" -I"C:/GitHub/MobRob_Rover_NEW/Steering_Controller/MobRob_Steering_Controller/Libraries/CMSIS/Infineon/XMC1400_series/Include" -I"C:/GitHub/MobRob_Rover_NEW/Steering_Controller/MobRob_Steering_Controller" -I"C:/GitHub/MobRob_Rover_NEW/Steering_Controller/MobRob_Steering_Controller/Dave/Generated" -I"C:/GitHub/MobRob_Rover_NEW/Steering_Controller/MobRob_Steering_Controller/Libraries" -O0 -ffunction-sections -fdata-sections -Wall -std=gnu99 -Wa,-adhlns="Dave/Generated/CPU_CTRL_XMC1/cpu_ctrl_xmc1_conf.o.lst" -pipe -c -fmessage-length=0 -MMD -MP -MF"Dave/Generated/CPU_CTRL_XMC1/cpu_ctrl_xmc1_conf.d" -MT"Dave/Generated/CPU_CTRL_XMC1/cpu_ctrl_xmc1_conf.d Dave/Generated/CPU_CTRL_XMC1/cpu_ctrl_xmc1_conf.o" -mcpu=cortex-m0 -mthumb -g -gdwarf-2 -o "Dave/Generated/CPU_CTRL_XMC1/cpu_ctrl_xmc1_conf.o" "../Dave/Generated/CPU_CTRL_XMC1/cpu_ctrl_xmc1_conf.c" 
'Finished building: ../Dave/Generated/CPU_CTRL_XMC1/cpu_ctrl_xmc1_conf.c'

'Building file: ../Dave/Generated/CLOCK_XMC1/clock_xmc1_conf.c'
'Invoking: ARM-GCC C Compiler'
"C:/dave/DAVE-IDE-4.4.2-64Bit/DAVE-IDE-4.4.2-64Bit/eclipse/ARM-GCC-49/bin/arm-none-eabi-gcc" -MMD -MT "Dave/Generated/CLOCK_XMC1/clock_xmc1_conf.o" -DXMC1404_F064x0200 -I"C:/GitHub/MobRob_Rover_NEW/Steering_Controller/MobRob_Steering_Controller/Libraries/XMCLib/inc" -I"C:/GitHub/MobRob_Rover_NEW/Steering_Controller/MobRob_Steering_Controller/Libraries/CMSIS/Include" -I"C:/GitHub/MobRob_Rover_NEW/Steering_Controller/MobRob_Steering_Controller/Libraries/CMSIS/Infineon/XMC1400_series/Include" -I"C:/GitHub/MobRob_Rover_NEW/Steering_Controller/MobRob_Steering_Controller" -I"C:/GitHub/MobRob_Rover_NEW/Steering_Controller/MobRob_Steering_Controller/Dave/Generated" -I"C:/GitHub/MobRob_Rover_NEW/Steering_Controller/MobRob_Steering_Controller/Libraries" -O0 -ffunction-sections -fdata-sections -Wall -std=gnu99 -Wa,-adhlns="Dave/Generated/CLOCK_XMC1/clock_xmc1_conf.o.lst" -pipe -c -fmessage-length=0 -MMD -MP -MF"Dave/Generated/CLOCK_XMC1/clock_xmc1_conf.d" -MT"Dave/Generated/CLOCK_XMC1/clock_xmc1_conf.d Dave/Generated/CLOCK_XMC1/clock_xmc1_conf.o" -mcpu=cortex-m0 -mthumb -g -gdwarf-2 -o "Dave/Generated/CLOCK_XMC1/clock_xmc1_conf.o" "../Dave/Generated/CLOCK_XMC1/clock_xmc1_conf.c" 
'Finished building: ../Dave/Generated/CLOCK_XMC1/clock_xmc1_conf.c'

'Building file: ../Dave/Generated/CLOCK_XMC1/clock_xmc1.c'
'Invoking: ARM-GCC C Compiler'
"C:/dave/DAVE-IDE-4.4.2-64Bit/DAVE-IDE-4.4.2-64Bit/eclipse/ARM-GCC-49/bin/arm-none-eabi-gcc" -MMD -MT "Dave/Generated/CLOCK_XMC1/clock_xmc1.o" -DXMC1404_F064x0200 -I"C:/GitHub/MobRob_Rover_NEW/Steering_Controller/MobRob_Steering_Controller/Libraries/XMCLib/inc" -I"C:/GitHub/MobRob_Rover_NEW/Steering_Controller/MobRob_Steering_Controller/Libraries/CMSIS/Include" -I"C:/GitHub/MobRob_Rover_NEW/Steering_Controller/MobRob_Steering_Controller/Libraries/CMSIS/Infineon/XMC1400_series/Include" -I"C:/GitHub/MobRob_Rover_NEW/Steering_Controller/MobRob_Steering_Controller" -I"C:/GitHub/MobRob_Rover_NEW/Steering_Controller/MobRob_Steering_Controller/Dave/Generated" -I"C:/GitHub/MobRob_Rover_NEW/Steering_Controller/MobRob_Steering_Controller/Libraries" -O0 -ffunction-sections -fdata-sections -Wall -std=gnu99 -Wa,-adhlns="Dave/Generated/CLOCK_XMC1/clock_xmc1.o.lst" -pipe -c -fmessage-length=0 -MMD -MP -MF"Dave/Generated/CLOCK_XMC1/clock_xmc1.d" -MT"Dave/Generated/CLOCK_XMC1/clock_xmc1.d Dave/Generated/CLOCK_XMC1/clock_xmc1.o" -mcpu=cortex-m0 -mthumb -g -gdwarf-2 -o "Dave/Generated/CLOCK_XMC1/clock_xmc1.o" "../Dave/Generated/CLOCK_XMC1/clock_xmc1.c" 
'Finished building: ../Dave/Generated/CLOCK_XMC1/clock_xmc1.c'

'Building file: ../Dave/Generated/CAPTURE/capture_conf.c'
'Invoking: ARM-GCC C Compiler'
"C:/dave/DAVE-IDE-4.4.2-64Bit/DAVE-IDE-4.4.2-64Bit/eclipse/ARM-GCC-49/bin/arm-none-eabi-gcc" -MMD -MT "Dave/Generated/CAPTURE/capture_conf.o" -DXMC1404_F064x0200 -I"C:/GitHub/MobRob_Rover_NEW/Steering_Controller/MobRob_Steering_Controller/Libraries/XMCLib/inc" -I"C:/GitHub/MobRob_Rover_NEW/Steering_Controller/MobRob_Steering_Controller/Libraries/CMSIS/Include" -I"C:/GitHub/MobRob_Rover_NEW/Steering_Controller/MobRob_Steering_Controller/Libraries/CMSIS/Infineon/XMC1400_series/Include" -I"C:/GitHub/MobRob_Rover_NEW/Steering_Controller/MobRob_Steering_Controller" -I"C:/GitHub/MobRob_Rover_NEW/Steering_Controller/MobRob_Steering_Controller/Dave/Generated" -I"C:/GitHub/MobRob_Rover_NEW/Steering_Controller/MobRob_Steering_Controller/Libraries" -O0 -ffunction-sections -fdata-sections -Wall -std=gnu99 -Wa,-adhlns="Dave/Generated/CAPTURE/capture_conf.o.lst" -pipe -c -fmessage-length=0 -MMD -MP -MF"Dave/Generated/CAPTURE/capture_conf.d" -MT"Dave/Generated/CAPTURE/capture_conf.d Dave/Generated/CAPTURE/capture_conf.o" -mcpu=cortex-m0 -mthumb -g -gdwarf-2 -o "Dave/Generated/CAPTURE/capture_conf.o" "../Dave/Generated/CAPTURE/capture_conf.c" 
'Finished building: ../Dave/Generated/CAPTURE/capture_conf.c'

'Building file: ../Dave/Generated/CAPTURE/capture.c'
'Invoking: ARM-GCC C Compiler'
"C:/dave/DAVE-IDE-4.4.2-64Bit/DAVE-IDE-4.4.2-64Bit/eclipse/ARM-GCC-49/bin/arm-none-eabi-gcc" -MMD -MT "Dave/Generated/CAPTURE/capture.o" -DXMC1404_F064x0200 -I"C:/GitHub/MobRob_Rover_NEW/Steering_Controller/MobRob_Steering_Controller/Libraries/XMCLib/inc" -I"C:/GitHub/MobRob_Rover_NEW/Steering_Controller/MobRob_Steering_Controller/Libraries/CMSIS/Include" -I"C:/GitHub/MobRob_Rover_NEW/Steering_Controller/MobRob_Steering_Controller/Libraries/CMSIS/Infineon/XMC1400_series/Include" -I"C:/GitHub/MobRob_Rover_NEW/Steering_Controller/MobRob_Steering_Controller" -I"C:/GitHub/MobRob_Rover_NEW/Steering_Controller/MobRob_Steering_Controller/Dave/Generated" -I"C:/GitHub/MobRob_Rover_NEW/Steering_Controller/MobRob_Steering_Controller/Libraries" -O0 -ffunction-sections -fdata-sections -Wall -std=gnu99 -Wa,-adhlns="Dave/Generated/CAPTURE/capture.o.lst" -pipe -c -fmessage-length=0 -MMD -MP -MF"Dave/Generated/CAPTURE/capture.d" -MT"Dave/Generated/CAPTURE/capture.d Dave/Generated/CAPTURE/capture.o" -mcpu=cortex-m0 -mthumb -g -gdwarf-2 -o "Dave/Generated/CAPTURE/capture.o" "../Dave/Generated/CAPTURE/capture.c" 
'Finished building: ../Dave/Generated/CAPTURE/capture.c'

'Building file: ../Dave/Generated/CAN_NODE/can_node_conf.c'
'Invoking: ARM-GCC C Compiler'
"C:/dave/DAVE-IDE-4.4.2-64Bit/DAVE-IDE-4.4.2-64Bit/eclipse/ARM-GCC-49/bin/arm-none-eabi-gcc" -MMD -MT "Dave/Generated/CAN_NODE/can_node_conf.o" -DXMC1404_F064x0200 -I"C:/GitHub/MobRob_Rover_NEW/Steering_Controller/MobRob_Steering_Controller/Libraries/XMCLib/inc" -I"C:/GitHub/MobRob_Rover_NEW/Steering_Controller/MobRob_Steering_Controller/Libraries/CMSIS/Include" -I"C:/GitHub/MobRob_Rover_NEW/Steering_Controller/MobRob_Steering_Controller/Libraries/CMSIS/Infineon/XMC1400_series/Include" -I"C:/GitHub/MobRob_Rover_NEW/Steering_Controller/MobRob_Steering_Controller" -I"C:/GitHub/MobRob_Rover_NEW/Steering_Controller/MobRob_Steering_Controller/Dave/Generated" -I"C:/GitHub/MobRob_Rover_NEW/Steering_Controller/MobRob_Steering_Controller/Libraries" -O0 -ffunction-sections -fdata-sections -Wall -std=gnu99 -Wa,-adhlns="Dave/Generated/CAN_NODE/can_node_conf.o.lst" -pipe -c -fmessage-length=0 -MMD -MP -MF"Dave/Generated/CAN_NODE/can_node_conf.d" -MT"Dave/Generated/CAN_NODE/can_node_conf.d Dave/Generated/CAN_NODE/can_node_conf.o" -mcpu=cortex-m0 -mthumb -g -gdwarf-2 -o "Dave/Generated/CAN_NODE/can_node_conf.o" "../Dave/Generated/CAN_NODE/can_node_conf.c" 
'Finished building: ../Dave/Generated/CAN_NODE/can_node_conf.c'

'Building file: ../Dave/Generated/CAN_NODE/can_node.c'
'Invoking: ARM-GCC C Compiler'
"C:/dave/DAVE-IDE-4.4.2-64Bit/DAVE-IDE-4.4.2-64Bit/eclipse/ARM-GCC-49/bin/arm-none-eabi-gcc" -MMD -MT "Dave/Generated/CAN_NODE/can_node.o" -DXMC1404_F064x0200 -I"C:/GitHub/MobRob_Rover_NEW/Steering_Controller/MobRob_Steering_Controller/Libraries/XMCLib/inc" -I"C:/GitHub/MobRob_Rover_NEW/Steering_Controller/MobRob_Steering_Controller/Libraries/CMSIS/Include" -I"C:/GitHub/MobRob_Rover_NEW/Steering_Controller/MobRob_Steering_Controller/Libraries/CMSIS/Infineon/XMC1400_series/Include" -I"C:/GitHub/MobRob_Rover_NEW/Steering_Controller/MobRob_Steering_Controller" -I"C:/GitHub/MobRob_Rover_NEW/Steering_Controller/MobRob_Steering_Controller/Dave/Generated" -I"C:/GitHub/MobRob_Rover_NEW/Steering_Controller/MobRob_Steering_Controller/Libraries" -O0 -ffunction-sections -fdata-sections -Wall -std=gnu99 -Wa,-adhlns="Dave/Generated/CAN_NODE/can_node.o.lst" -pipe -c -fmessage-length=0 -MMD -MP -MF"Dave/Generated/CAN_NODE/can_node.d" -MT"Dave/Generated/CAN_NODE/can_node.d Dave/Generated/CAN_NODE/can_node.o" -mcpu=cortex-m0 -mthumb -g -gdwarf-2 -o "Dave/Generated/CAN_NODE/can_node.o" "../Dave/Generated/CAN_NODE/can_node.c" 
'Finished building: ../Dave/Generated/CAN_NODE/can_node.c'

'Building file: ../Dave/Generated/DAVE.c'
'Invoking: ARM-GCC C Compiler'
"C:/dave/DAVE-IDE-4.4.2-64Bit/DAVE-IDE-4.4.2-64Bit/eclipse/ARM-GCC-49/bin/arm-none-eabi-gcc" -MMD -MT "Dave/Generated/DAVE.o" -DXMC1404_F064x0200 -I"C:/GitHub/MobRob_Rover_NEW/Steering_Controller/MobRob_Steering_Controller/Libraries/XMCLib/inc" -I"C:/GitHub/MobRob_Rover_NEW/Steering_Controller/MobRob_Steering_Controller/Libraries/CMSIS/Include" -I"C:/GitHub/MobRob_Rover_NEW/Steering_Controller/MobRob_Steering_Controller/Libraries/CMSIS/Infineon/XMC1400_series/Include" -I"C:/GitHub/MobRob_Rover_NEW/Steering_Controller/MobRob_Steering_Controller" -I"C:/GitHub/MobRob_Rover_NEW/Steering_Controller/MobRob_Steering_Controller/Dave/Generated" -I"C:/GitHub/MobRob_Rover_NEW/Steering_Controller/MobRob_Steering_Controller/Libraries" -O0 -ffunction-sections -fdata-sections -Wall -std=gnu99 -Wa,-adhlns="Dave/Generated/DAVE.o.lst" -pipe -c -fmessage-length=0 -MMD -MP -MF"Dave/Generated/DAVE.d" -MT"Dave/Generated/DAVE.d Dave/Generated/DAVE.o" -mcpu=cortex-m0 -mthumb -g -gdwarf-2 -o "Dave/Generated/DAVE.o" "../Dave/Generated/DAVE.c" 
'Finished building: ../Dave/Generated/DAVE.c'

'Building file: ../main.c'
'Invoking: ARM-GCC C Compiler'
"C:/dave/DAVE-IDE-4.4.2-64Bit/DAVE-IDE-4.4.2-64Bit/eclipse/ARM-GCC-49/bin/arm-none-eabi-gcc" -MMD -MT "main.o" -DXMC1404_F064x0200 -I"C:/GitHub/MobRob_Rover_NEW/Steering_Controller/MobRob_Steering_Controller/Libraries/XMCLib/inc" -I"C:/GitHub/MobRob_Rover_NEW/Steering_Controller/MobRob_Steering_Controller/Libraries/CMSIS/Include" -I"C:/GitHub/MobRob_Rover_NEW/Steering_Controller/MobRob_Steering_Controller/Libraries/CMSIS/Infineon/XMC1400_series/Include" -I"C:/GitHub/MobRob_Rover_NEW/Steering_Controller/MobRob_Steering_Controller" -I"C:/GitHub/MobRob_Rover_NEW/Steering_Controller/MobRob_Steering_Controller/Dave/Generated" -I"C:/GitHub/MobRob_Rover_NEW/Steering_Controller/MobRob_Steering_Controller/Libraries" -O0 -ffunction-sections -fdata-sections -Wall -std=gnu99 -Wa,-adhlns="main.o.lst" -pipe -c -fmessage-length=0 -MMD -MP -MF"main.d" -MT"main.d main.o" -mcpu=cortex-m0 -mthumb -g -gdwarf-2 -o "main.o" "../main.c" 
'Finished building: ../main.c'

'Building target: MobRob_Steering_Controller.elf'
'Invoking: ARM-GCC C Linker'
"C:/dave/DAVE-IDE-4.4.2-64Bit/DAVE-IDE-4.4.2-64Bit/eclipse/ARM-GCC-49/bin/arm-none-eabi-gcc" -T"../linker_script.ld" -nostartfiles -Xlinker --gc-sections -specs=nano.specs -specs=nosys.specs -Wl,-Map,"MobRob_Steering_Controller.map" -mcpu=cortex-m0 -mthumb -g -gdwarf-2 -o "MobRob_Steering_Controller.elf" "@objects.rsp"  -lm
'Finished building target: MobRob_Steering_Controller.elf'

'Invoking: ARM-GCC Create Flash Image'
"C:/dave/DAVE-IDE-4.4.2-64Bit/DAVE-IDE-4.4.2-64Bit/eclipse/ARM-GCC-49/bin/arm-none-eabi-objcopy" -O ihex "MobRob_Steering_Controller.elf" "MobRob_Steering_Controller.hex"
'Finished building: MobRob_Steering_Controller.hex'

'Invoking: ARM-GCC Print Size'
"C:/dave/DAVE-IDE-4.4.2-64Bit/DAVE-IDE-4.4.2-64Bit/eclipse/ARM-GCC-49/bin/arm-none-eabi-size" --format=berkeley "MobRob_Steering_Controller.elf"
   text	   data	    bss	    dec	    hex	filename
  39972	    764	   1528	  42264	   a518	MobRob_Steering_Controller.elf
'Finished building: MobRob_Steering_Controller.siz'

'Invoking: ARM-GCC Create Listing'
"C:/dave/DAVE-IDE-4.4.2-64Bit/DAVE-IDE-4.4.2-64Bit/eclipse/ARM-GCC-49/bin/arm-none-eabi-objdump" -h -S "MobRob_Steering_Controller.elf" > "MobRob_Steering_Controller.lst"
'Finished building: MobRob_Steering_Controller.lst'

17:07:17 **** Incremental Build of configuration Debug for project MobRob_Steering_Controller ****
"\"C:\\dave\\DAVE-IDE-4.4.2-64Bit\\DAVE-IDE-4.4.2-64Bit\\eclipse\\ARM-GCC-49\\bin\\make\"" --output-sync -j12 all 
'Invoking: ARM-GCC Print Size'
"C:/dave/DAVE-IDE-4.4.2-64Bit/DAVE-IDE-4.4.2-64Bit/eclipse/ARM-GCC-49/bin/arm-none-eabi-size" --format=berkeley "MobRob_Steering_Controller.elf"
   text	   data	    bss	    dec	    hex	filename
  39972	    764	   1528	  42264	   a518	MobRob_Steering_Controller.elf
'Finished building: MobRob_Steering_Controller.siz'

17:08:12 **** Incremental Build of configuration Debug for project MobRob_Steering_Controller ****
"\"C:\\dave\\DAVE-IDE-4.4.2-64Bit\\DAVE-IDE-4.4.2-64Bit\\eclipse\\ARM-GCC-49\\bin\\make\"" --output-sync -j12 all 
'Invoking: ARM-GCC Print Size'
"C:/dave/DAVE-IDE-4.4.2-64Bit/DAVE-IDE-4.4.2-64Bit/eclipse/ARM-GCC-49/bin/arm-none-eabi-size" --format=berkeley "MobRob_Steering_Controller.elf"
   text	   data	    bss	    dec	    hex	filename
  39972	    764	   1528	  42264	   a518	MobRob_Steering_Controller.elf
'Finished building: MobRob_Steering_Controller.siz'

08:49:21 **** Clean-only build of configuration Debug for project MobRob_Steering_Controller ****
"\"C:\\dave\\DAVE-IDE-4.4.2-64Bit\\DAVE-IDE-4.4.2-64Bit\\eclipse\\ARM-GCC-49\\bin\\make\"" --output-sync -j12 clean 
rm -rf  MobRob_Steering_Controller.hex  MobRob_Steering_Controller.lst  MobRob_Steering_Controller.siz  ./Startup/startup_XMC1400.d  ./Startup/system_XMC1400.d  ./Libraries/XMCLib/src/xmc1_eru.d ./Libraries/XMCLib/src/xmc1_flash.d ./Libraries/XMCLib/src/xmc1_gpio.d ./Libraries/XMCLib/src/xmc1_rtc.d ./Libraries/XMCLib/src/xmc1_scu.d ./Libraries/XMCLib/src/xmc_acmp.d ./Libraries/XMCLib/src/xmc_bccu.d ./Libraries/XMCLib/src/xmc_can.d ./Libraries/XMCLib/src/xmc_ccu4.d ./Libraries/XMCLib/src/xmc_ccu8.d ./Libraries/XMCLib/src/xmc_common.d ./Libraries/XMCLib/src/xmc_eru.d ./Libraries/XMCLib/src/xmc_gpio.d ./Libraries/XMCLib/src/xmc_i2c.d ./Libraries/XMCLib/src/xmc_i2s.d ./Libraries/XMCLib/src/xmc_ledts.d ./Libraries/XMCLib/src/xmc_math.d ./Libraries/XMCLib/src/xmc_pau.d ./Libraries/XMCLib/src/xmc_posif.d ./Libraries/XMCLib/src/xmc_prng.d ./Libraries/XMCLib/src/xmc_rtc.d ./Libraries/XMCLib/src/xmc_spi.d ./Libraries/XMCLib/src/xmc_uart.d ./Libraries/XMCLib/src/xmc_usic.d ./Libraries/XMCLib/src/xmc_vadc.d ./Libraries/XMCLib/src/xmc_wdt.d  ./Libraries/Newlib/syscalls.d  ./Dave/Generated/WATCHDOG/watchdog.d ./Dave/Generated/WATCHDOG/watchdog_conf.d  ./Dave/Generated/TIMER/timer.d ./Dave/Generated/TIMER/timer_conf.d  ./Dave/Generated/PWM/pwm.d ./Dave/Generated/PWM/pwm_conf.d  ./Dave/Generated/PIN_INTERRUPT/pin_interrupt.d ./Dave/Generated/PIN_INTERRUPT/pin_interrupt_conf.d  ./Dave/Generated/INTERRUPT/interrupt.d ./Dave/Generated/INTERRUPT/interrupt_conf.d  ./Dave/Generated/GLOBAL_SCU_XMC1/global_scu_xmc1.d ./Dave/Generated/GLOBAL_SCU_XMC1/global_scu_xmc1_conf.d  ./Dave/Generated/GLOBAL_CCU4/global_ccu4.d ./Dave/Generated/GLOBAL_CCU4/global_ccu4_conf.d  ./Dave/Generated/GLOBAL_CAN/global_can.d ./Dave/Generated/GLOBAL_CAN/global_can_conf.d  ./Dave/Generated/DIGITAL_IO/digital_io.d ./Dave/Generated/DIGITAL_IO/digital_io_conf.d  ./Dave/Generated/CPU_CTRL_XMC1/cpu_ctrl_xmc1.d ./Dave/Generated/CPU_CTRL_XMC1/cpu_ctrl_xmc1_conf.d  ./Dave/Generated/CLOCK_XMC1/clock_xmc1.d ./Dave/Generated/CLOCK_XMC1/clock_xmc1_conf.d  ./Dave/Generated/CAPTURE/capture.d ./Dave/Generated/CAPTURE/capture_conf.d  ./Dave/Generated/CAN_NODE/can_node.d ./Dave/Generated/CAN_NODE/can_node_conf.d  ./Dave/Generated/DAVE.d  ./main.d 
rm -rf Dave/Generated/CAN_NODE/can_node.o Dave/Generated/CAN_NODE/can_node_conf.o Dave/Generated/CAPTURE/capture.o Dave/Generated/CAPTURE/capture_conf.o Dave/Generated/CLOCK_XMC1/clock_xmc1.o Dave/Generated/CLOCK_XMC1/clock_xmc1_conf.o Dave/Generated/CPU_CTRL_XMC1/cpu_ctrl_xmc1.o Dave/Generated/CPU_CTRL_XMC1/cpu_ctrl_xmc1_conf.o Dave/Generated/DAVE.o Dave/Generated/DIGITAL_IO/digital_io.o Dave/Generated/DIGITAL_IO/digital_io_conf.o Dave/Generated/GLOBAL_CAN/global_can.o Dave/Generated/GLOBAL_CAN/global_can_conf.o Dave/Generated/GLOBAL_CCU4/global_ccu4.o Dave/Generated/GLOBAL_CCU4/global_ccu4_conf.o Dave/Generated/GLOBAL_SCU_XMC1/global_scu_xmc1.o Dave/Generated/GLOBAL_SCU_XMC1/global_scu_xmc1_conf.o Dave/Generated/INTERRUPT/interrupt.o Dave/Generated/INTERRUPT/interrupt_conf.o Dave/Generated/PIN_INTERRUPT/pin_interrupt.o Dave/Generated/PIN_INTERRUPT/pin_interrupt_conf.o Dave/Generated/PWM/pwm.o Dave/Generated/PWM/pwm_conf.o Dave/Generated/TIMER/timer.o Dave/Generated/TIMER/timer_conf.o Dave/Generated/WATCHDOG/watchdog.o Dave/Generated/WATCHDOG/watchdog_conf.o Libraries/Newlib/syscalls.o Libraries/XMCLib/src/xmc1_eru.o Libraries/XMCLib/src/xmc1_flash.o Libraries/XMCLib/src/xmc1_gpio.o Libraries/XMCLib/src/xmc1_rtc.o Libraries/XMCLib/src/xmc1_scu.o Libraries/XMCLib/src/xmc_acmp.o Libraries/XMCLib/src/xmc_bccu.o Libraries/XMCLib/src/xmc_can.o Libraries/XMCLib/src/xmc_ccu4.o Libraries/XMCLib/src/xmc_ccu8.o Libraries/XMCLib/src/xmc_common.o Libraries/XMCLib/src/xmc_eru.o Libraries/XMCLib/src/xmc_gpio.o Libraries/XMCLib/src/xmc_i2c.o Libraries/XMCLib/src/xmc_i2s.o Libraries/XMCLib/src/xmc_ledts.o Libraries/XMCLib/src/xmc_math.o Libraries/XMCLib/src/xmc_pau.o Libraries/XMCLib/src/xmc_posif.o Libraries/XMCLib/src/xmc_prng.o Libraries/XMCLib/src/xmc_rtc.o Libraries/XMCLib/src/xmc_spi.o Libraries/XMCLib/src/xmc_uart.o Libraries/XMCLib/src/xmc_usic.o Libraries/XMCLib/src/xmc_vadc.o Libraries/XMCLib/src/xmc_wdt.o 
[...]
  40628	    768	   1540	  42936	   a7b8	MobRob_Steering_Controller.elf
'Finished building: MobRob_Steering_Controller.siz'

12:46:24 **** Build of configuration Debug for project MobRob_Steering_Controller ****
"\"C:\\dave\\DAVE-IDE-4.4.2-64Bit\\DAVE-IDE-4.4.2-64Bit\\eclipse\\ARM-GCC-49\\bin\\make\"" --output-sync -j12 all 
'Building file: ../main.c'
../main.c: In function 'IRQ4_Handler':
'Invoking: ARM-GCC C Compiler'
../main.c:424:75: warning: passing argument 4 of 'Ultra_sonic_filter' discards 'volatile' qualifier from pointer target type
"C:/dave/DAVE-IDE-4.4.2-64Bit/DAVE-IDE-4.4.2-64Bit/eclipse/ARM-GCC-49/bin/arm-none-eabi-gcc" -MMD -MT "main.o" -DXMC1404_F064x0200 -I"C:/GitHub/MobRob_Rover_NEW/Steering_Controller/MobRob_Steering_Controller/Libraries/XMCLib/inc" -I"C:/GitHub/MobRob_Rover_NEW/Steering_Controller/MobRob_Steering_Controller/Libraries/CMSIS/Include" -I"C:/GitHub/MobRob_Rover_NEW/Steering_Controller/MobRob_Steering_Controller/Libraries/CMSIS/Infineon/XMC1400_series/Include" -I"C:/GitHub/MobRob_Rover_NEW/Steering_Controller/MobRob_Steering_Controller" -I"C:/GitHub/MobRob_Rover_NEW/Steering_Controller/MobRob_Steering_Controller/Dave/Generated" -I"C:/GitHub/MobRob_Rover_NEW/Steering_Controller/MobRob_Steering_Controller/Libraries" -O0 -ffunction-sections -fdata-sections -Wall -std=gnu99 -Wa,-adhlns="main.o.lst" -pipe -c -fmessage-length=0 -MMD -MP -MF"main.d" -MT"main.d main.o" -mcpu=cortex-m0 -mthumb -g -gdwarf-2 -o "main.o" "../main.c" 
  Ultra_sonic_filter(Ultrasonic_cm_C,  Ultrasonic_cm_L,  Ultrasonic_cm_R,  Steering_Angles,  ALPHA_ULTARSONIC);
'Finished building: ../main.c'
                                                                           ^

../main.c:132:6: note: expected 'float *' but argument is of type 'volatile float *'
 void Ultra_sonic_filter(int16_t Ultrasonic_cm_C_clc, int16_t Ultrasonic_cm_L_clc, int16_t Ultrasonic_cm_R_clc, float Steering_Angles_clc[4], float ALPHA_ULTARSONIC);
      ^
../main.c: In function 'IRQ7_Handler':
../main.c:695:18: warning: passing argument 1 of 'CAN_send_Speeds' discards 'volatile' qualifier from pointer target type
  CAN_send_Speeds(Speeds);
                  ^
../main.c:531:6: note: expected 'float *' but argument is of type 'volatile float *'
 void CAN_send_Speeds(float Speed_data[4]){
      ^
../main.c:697:22: warning: passing argument 1 of 'Steering_set_Angles' discards 'volatile' qualifier from pointer target type
  Steering_set_Angles(Steering_Angles);
                      ^
../main.c:545:6: note: expected 'float *' but argument is of type 'volatile float *'
 void Steering_set_Angles(float Angles_data[4]){
      ^
'Building target: MobRob_Steering_Controller.elf'
'Invoking: ARM-GCC C Linker'
"C:/dave/DAVE-IDE-4.4.2-64Bit/DAVE-IDE-4.4.2-64Bit/eclipse/ARM-GCC-49/bin/arm-none-eabi-gcc" -T"../linker_script.ld" -nostartfiles -Xlinker --gc-sections -specs=nano.specs -specs=nosys.specs -Wl,-Map,"MobRob_Steering_Controller.map" -mcpu=cortex-m0 -mthumb -g -gdwarf-2 -o "MobRob_Steering_Controller.elf" "@objects.rsp"  -lm
'Finished building target: MobRob_Steering_Controller.elf'

'Invoking: ARM-GCC Create Flash Image'
"C:/dave/DAVE-IDE-4.4.2-64Bit/DAVE-IDE-4.4.2-64Bit/eclipse/ARM-GCC-49/bin/arm-none-eabi-objcopy" -O ihex "MobRob_Steering_Controller.elf" "MobRob_Steering_Controller.hex"
'Finished building: MobRob_Steering_Controller.hex'

'Invoking: ARM-GCC Print Size'
"C:/dave/DAVE-IDE-4.4.2-64Bit/DAVE-IDE-4.4.2-64Bit/eclipse/ARM-GCC-49/bin/arm-none-eabi-size" --format=berkeley "MobRob_Steering_Controller.elf"
   text	   data	    bss	    dec	    hex	filename
  40628	    768	   1540	  42936	   a7b8	MobRob_Steering_Controller.elf
'Finished building: MobRob_Steering_Controller.siz'

'Invoking: ARM-GCC Create Listing'
"C:/dave/DAVE-IDE-4.4.2-64Bit/DAVE-IDE-4.4.2-64Bit/eclipse/ARM-GCC-49/bin/arm-none-eabi-objdump" -h -S "MobRob_Steering_Controller.elf" > "MobRob_Steering_Controller.lst"
'Finished building: MobRob_Steering_Controller.lst'

12:46:33 **** Incremental Build of configuration Debug for project MobRob_Steering_Controller ****
"\"C:\\dave\\DAVE-IDE-4.4.2-64Bit\\DAVE-IDE-4.4.2-64Bit\\eclipse\\ARM-GCC-49\\bin\\make\"" --output-sync -j12 all 
'Invoking: ARM-GCC Print Size'
"C:/dave/DAVE-IDE-4.4.2-64Bit/DAVE-IDE-4.4.2-64Bit/eclipse/ARM-GCC-49/bin/arm-none-eabi-size" --format=berkeley "MobRob_Steering_Controller.elf"
   text	   data	    bss	    dec	    hex	filename
  40628	    768	   1540	  42936	   a7b8	MobRob_Steering_Controller.elf
'Finished building: MobRob_Steering_Controller.siz'

12:56:50 **** Incremental Build of configuration Debug for project MobRob_Steering_Controller ****
"\"C:\\dave\\DAVE-IDE-4.4.2-64Bit\\DAVE-IDE-4.4.2-64Bit\\eclipse\\ARM-GCC-49\\bin\\make\"" --output-sync -j12 all 
'Building file: ../main.c'
../main.c: In function 'IRQ4_Handler':
../main.c:424:75: warning: passing argument 4 of 'Ultra_sonic_filter' discards 'volatile' qualifier from pointer target type
'Invoking: ARM-GCC C Compiler'
  Ultra_sonic_filter(Ultrasonic_cm_C,  Ultrasonic_cm_L,  Ultrasonic_cm_R,  Steering_Angles,  ALPHA_ULTARSONIC);
"C:/dave/DAVE-IDE-4.4.2-64Bit/DAVE-IDE-4.4.2-64Bit/eclipse/ARM-GCC-49/bin/arm-none-eabi-gcc" -MMD -MT "main.o" -DXMC1404_F064x0200 -I"C:/GitHub/MobRob_Rover_NEW/Steering_Controller/MobRob_Steering_Controller/Libraries/XMCLib/inc" -I"C:/GitHub/MobRob_Rover_NEW/Steering_Controller/MobRob_Steering_Controller/Libraries/CMSIS/Include" -I"C:/GitHub/MobRob_Rover_NEW/Steering_Controller/MobRob_Steering_Controller/Libraries/CMSIS/Infineon/XMC1400_series/Include" -I"C:/GitHub/MobRob_Rover_NEW/Steering_Controller/MobRob_Steering_Controller" -I"C:/GitHub/MobRob_Rover_NEW/Steering_Controller/MobRob_Steering_Controller/Dave/Generated" -I"C:/GitHub/MobRob_Rover_NEW/Steering_Controller/MobRob_Steering_Controller/Libraries" -O0 -ffunction-sections -fdata-sections -Wall -std=gnu99 -Wa,-adhlns="main.o.lst" -pipe -c -fmessage-length=0 -MMD -MP -MF"main.d" -MT"main.d main.o" -mcpu=cortex-m0 -mthumb -g -gdwarf-2 -o "main.o" "../main.c" 
                                                                           ^
'Finished building: ../main.c'

../main.c:132:6: note: expected 'float *' but argument is of type 'volatile float *'
 void Ultra_sonic_filter(int16_t Ultrasonic_cm_C_clc, int16_t Ultrasonic_cm_L_clc, int16_t Ultrasonic_cm_R_clc, float Steering_Angles_clc[4], float ALPHA_ULTARSONIC);
      ^
../main.c: In function 'IRQ7_Handler':
../main.c:695:18: warning: passing argument 1 of 'CAN_send_Speeds' discards 'volatile' qualifier from pointer target type
  CAN_send_Speeds(Speeds);
                  ^
../main.c:531:6: note: expected 'float *' but argument is of type 'volatile float *'
 void CAN_send_Speeds(float Speed_data[4]){
      ^
../main.c:697:22: warning: passing argument 1 of 'Steering_set_Angles' discards 'volatile' qualifier from pointer target type
  Steering_set_Angles(Steering_Angles);
                      ^
../main.c:545:6: note: expected 'float *' but argument is of type 'volatile float *'
 void Steering_set_Angles(float Angles_data[4]){
      ^
'Building target: MobRob_Steering_Controller.elf'
'Invoking: ARM-GCC C Linker'
"C:/dave/DAVE-IDE-4.4.2-64Bit/DAVE-IDE-4.4.2-64Bit/eclipse/ARM-GCC-49/bin/arm-none-eabi-gcc" -T"../linker_script.ld" -nostartfiles -Xlinker --gc-sections -specs=nano.specs -specs=nosys.specs -Wl,-Map,"MobRob_Steering_Controller.map" -mcpu=cortex-m0 -mthumb -g -gdwarf-2 -o "MobRob_Steering_Controller.elf" "@objects.rsp"  -lm
'Finished building target: MobRob_Steering_Controller.elf'

'Invoking: ARM-GCC Create Flash Image'
"C:/dave/DAVE-IDE-4.4.2-64Bit/DAVE-IDE-4.4.2-64Bit/eclipse/ARM-GCC-49/bin/arm-none-eabi-objcopy" -O ihex "MobRob_Steering_Controller.elf" "MobRob_Steering_Controller.hex"
'Finished building: MobRob_Steering_Controller.hex'

'Invoking: ARM-GCC Print Size'
"C:/dave/DAVE-IDE-4.4.2-64Bit/DAVE-IDE-4.4.2-64Bit/eclipse/ARM-GCC-49/bin/arm-none-eabi-size" --format=berkeley "MobRob_Steering_Controller.elf"
   text	   data	    bss	    dec	    hex	filename
  40628	    768	   1540	  42936	   a7b8	MobRob_Steering_Controller.elf
'Finished building: MobRob_Steering_Controller.siz'

'Invoking: ARM-GCC Create Listing'
"C:/dave/DAVE-IDE-4.4.2-64Bit/DAVE-IDE-4.4.2-64Bit/eclipse/ARM-GCC-49/bin/arm-none-eabi-objdump" -h -S "MobRob_Steering_Controller.elf" > "MobRob_Steering_Controller.lst"
'Finished building: MobRob_Steering_Controller.lst'

13:01:23 **** Incremental Build of configuration Debug for project MobRob_Steering_Controller ****
"\"C:\\dave\\DAVE-IDE-4.4.2-64Bit\\DAVE-IDE-4.4.2-64Bit\\eclipse\\ARM-GCC-49\\bin\\make\"" --output-sync -j12 all 
'Building file: ../main.c'
../main.c: In function 'IRQ4_Handler':
'Invoking: ARM-GCC C Compiler'
../main.c:424:75: warning: passing argument 4 of 'Ultra_sonic_filter' discards 'volatile' qualifier from pointer target type
"C:/dave/DAVE-IDE-4.4.2-64Bit/DAVE-IDE-4.4.2-64Bit/eclipse/ARM-GCC-49/bin/arm-none-eabi-gcc" -MMD -MT "main.o" -DXMC1404_F064x0200 -I"C:/GitHub/MobRob_Rover_NEW/Steering_Controller/MobRob_Steering_Controller/Libraries/XMCLib/inc" -I"C:/GitHub/MobRob_Rover_NEW/Steering_Controller/MobRob_Steering_Controller/Libraries/CMSIS/Include" -I"C:/GitHub/MobRob_Rover_NEW/Steering_Controller/MobRob_Steering_Controller/Libraries/CMSIS/Infineon/XMC1400_series/Include" -I"C:/GitHub/MobRob_Rover_NEW/Steering_Controller/MobRob_Steering_Controller" -I"C:/GitHub/MobRob_Rover_NEW/Steering_Controller/MobRob_Steering_Controller/Dave/Generated" -I"C:/GitHub/MobRob_Rover_NEW/Steering_Controller/MobRob_Steering_Controller/Libraries" -O0 -ffunction-sections -fdata-sections -Wall -std=gnu99 -Wa,-adhlns="main.o.lst" -pipe -c -fmessage-length=0 -MMD -MP -MF"main.d" -MT"main.d main.o" -mcpu=cortex-m0 -mthumb -g -gdwarf-2 -o "main.o" "../main.c" 
  Ultra_sonic_filter(Ultrasonic_cm_C,  Ultrasonic_cm_L,  Ultrasonic_cm_R,  Steering_Angles,  ALPHA_ULTARSONIC);
'Finished building: ../main.c'
                                                                           ^

../main.c:132:6: note: expected 'float *' but argument is of type 'volatile float *'
 void Ultra_sonic_filter(int16_t Ultrasonic_cm_C_clc, int16_t Ultrasonic_cm_L_clc, int16_t Ultrasonic_cm_R_clc, float Steering_Angles_clc[4], float ALPHA_ULTARSONIC);
      ^
../main.c: In function 'IRQ7_Handler':
../main.c:695:18: warning: passing argument 1 of 'CAN_send_Speeds' discards 'volatile' qualifier from pointer target type
  CAN_send_Speeds(Speeds);
                  ^
../main.c:531:6: note: expected 'float *' but argument is of type 'volatile float *'
 void CAN_send_Speeds(float Speed_data[4]){
      ^
../main.c:697:22: warning: passing argument 1 of 'Steering_set_Angles' discards 'volatile' qualifier from pointer target type
  Steering_set_Angles(Steering_Angles);
                      ^
../main.c:545:6: note: expected 'float *' but argument is of type 'volatile float *'
 void Steering_set_Angles(float Angles_data[4]){
      ^
'Building target: MobRob_Steering_Controller.elf'
'Invoking: ARM-GCC C Linker'
"C:/dave/DAVE-IDE-4.4.2-64Bit/DAVE-IDE-4.4.2-64Bit/eclipse/ARM-GCC-49/bin/arm-none-eabi-gcc" -T"../linker_script.ld" -nostartfiles -Xlinker --gc-sections -specs=nano.specs -specs=nosys.specs -Wl,-Map,"MobRob_Steering_Controller.map" -mcpu=cortex-m0 -mthumb -g -gdwarf-2 -o "MobRob_Steering_Controller.elf" "@objects.rsp"  -lm
'Finished building target: MobRob_Steering_Controller.elf'

'Invoking: ARM-GCC Create Flash Image'
"C:/dave/DAVE-IDE-4.4.2-64Bit/DAVE-IDE-4.4.2-64Bit/eclipse/ARM-GCC-49/bin/arm-none-eabi-objcopy" -O ihex "MobRob_Steering_Controller.elf" "MobRob_Steering_Controller.hex"
'Finished building: MobRob_Steering_Controller.hex'

'Invoking: ARM-GCC Print Size'
"C:/dave/DAVE-IDE-4.4.2-64Bit/DAVE-IDE-4.4.2-64Bit/eclipse/ARM-GCC-49/bin/arm-none-eabi-size" --format=berkeley "MobRob_Steering_Controller.elf"
   text	   data	    bss	    dec	    hex	filename
  40628	    768	   1540	  42936	   a7b8	MobRob_Steering_Controller.elf
'Finished building: MobRob_Steering_Controller.siz'

'Invoking: ARM-GCC Create Listing'
"C:/dave/DAVE-IDE-4.4.2-64Bit/DAVE-IDE-4.4.2-64Bit/eclipse/ARM-GCC-49/bin/arm-none-eabi-objdump" -h -S "MobRob_Steering_Controller.elf" > "MobRob_Steering_Controller.lst"
'Finished building: MobRob_Steering_Controller.lst'

13:04:01 **** Incremental Build of configuration Debug for project MobRob_Steering_Controller ****
"\"C:\\dave\\DAVE-IDE-4.4.2-64Bit\\DAVE-IDE-4.4.2-64Bit\\eclipse\\ARM-GCC-49\\bin\\make\"" --output-sync -j12 all 
../main.c: In function 'IRQ4_Handler':
'Building file: ../main.c'
../main.c:424:75: warning: passing argument 4 of 'Ultra_sonic_filter' discards 'volatile' qualifier from pointer target type
'Invoking: ARM-GCC C Compiler'
  Ultra_sonic_filter(Ultrasonic_cm_C,  Ultrasonic_cm_L,  Ultrasonic_cm_R,  Steering_Angles,  ALPHA_ULTARSONIC);
                                                                           ^
../main.c:132:6: note: expected 'float *' but argument is of type 'volatile float *'
"C:/dave/DAVE-IDE-4.4.2-64Bit/DAVE-IDE-4.4.2-64Bit/eclipse/ARM-GCC-49/bin/arm-none-eabi-gcc" -MMD -MT "main.o" -DXMC1404_F064x0200 -I"C:/GitHub/MobRob_Rover_NEW/Steering_Controller/MobRob_Steering_Controller/Libraries/XMCLib/inc" -I"C:/GitHub/MobRob_Rover_NEW/Steering_Controller/MobRob_Steering_Controller/Libraries/CMSIS/Include" -I"C:/GitHub/MobRob_Rover_NEW/Steering_Controller/MobRob_Steering_Controller/Libraries/CMSIS/Infineon/XMC1400_series/Include" -I"C:/GitHub/MobRob_Rover_NEW/Steering_Controller/MobRob_Steering_Controller" -I"C:/GitHub/MobRob_Rover_NEW/Steering_Controller/MobRob_Steering_Controller/Dave/Generated" -I"C:/GitHub/MobRob_Rover_NEW/Steering_Controller/MobRob_Steering_Controller/Libraries" -O0 -ffunction-sections -fdata-sections -Wall -std=gnu99 -Wa,-adhlns="main.o.lst" -pipe -c -fmessage-length=0 -MMD -MP -MF"main.d" -MT"main.d main.o" -mcpu=cortex-m0 -mthumb -g -gdwarf-2 -o "main.o" "../main.c" 
 void Ultra_sonic_filter(int16_t Ultrasonic_cm_C_clc, int16_t Ultrasonic_cm_L_clc, int16_t Ultrasonic_cm_R_clc, float Steering_Angles_clc[4], float ALPHA_ULTARSONIC);
      ^
'Finished building: ../main.c'
../main.c: In function 'IRQ7_Handler':

../main.c:695:18: warning: passing argument 1 of 'CAN_send_Speeds' discards 'volatile' qualifier from pointer target type
  CAN_send_Speeds(Speeds);
                  ^
../main.c:531:6: note: expected 'float *' but argument is of type 'volatile float *'
 void CAN_send_Speeds(float Speed_data[4]){
      ^
../main.c:697:22: warning: passing argument 1 of 'Steering_set_Angles' discards 'volatile' qualifier from pointer target type
  Steering_set_Angles(Steering_Angles);
                      ^
../main.c:545:6: note: expected 'float *' but argument is of type 'volatile float *'
 void Steering_set_Angles(float Angles_data[4]){
      ^
'Building target: MobRob_Steering_Controller.elf'
'Invoking: ARM-GCC C Linker'
"C:/dave/DAVE-IDE-4.4.2-64Bit/DAVE-IDE-4.4.2-64Bit/eclipse/ARM-GCC-49/bin/arm-none-eabi-gcc" -T"../linker_script.ld" -nostartfiles -Xlinker --gc-sections -specs=nano.specs -specs=nosys.specs -Wl,-Map,"MobRob_Steering_Controller.map" -mcpu=cortex-m0 -mthumb -g -gdwarf-2 -o "MobRob_Steering_Controller.elf" "@objects.rsp"  -lm
'Finished building target: MobRob_Steering_Controller.elf'

'Invoking: ARM-GCC Create Flash Image'
"C:/dave/DAVE-IDE-4.4.2-64Bit/DAVE-IDE-4.4.2-64Bit/eclipse/ARM-GCC-49/bin/arm-none-eabi-objcopy" -O ihex "MobRob_Steering_Controller.elf" "MobRob_Steering_Controller.hex"
'Finished building: MobRob_Steering_Controller.hex'

'Invoking: ARM-GCC Print Size'
"C:/dave/DAVE-IDE-4.4.2-64Bit/DAVE-IDE-4.4.2-64Bit/eclipse/ARM-GCC-49/bin/arm-none-eabi-size" --format=berkeley "MobRob_Steering_Controller.elf"
   text	   data	    bss	    dec	    hex	filename
  40588	    768	   1540	  42896	   a790	MobRob_Steering_Controller.elf
'Finished building: MobRob_Steering_Controller.siz'

'Invoking: ARM-GCC Create Listing'
"C:/dave/DAVE-IDE-4.4.2-64Bit/DAVE-IDE-4.4.2-64Bit/eclipse/ARM-GCC-49/bin/arm-none-eabi-objdump" -h -S "MobRob_Steering_Controller.elf" > "MobRob_Steering_Controller.lst"
'Finished building: MobRob_Steering_Controller.lst'

13:09:58 **** Incremental Build of configuration Debug for project MobRob_Steering_Controller ****
"\"C:\\dave\\DAVE-IDE-4.4.2-64Bit\\DAVE-IDE-4.4.2-64Bit\\eclipse\\ARM-GCC-49\\bin\\make\"" --output-sync -j12 all 
'Building file: ../main.c'
../main.c: In function 'IRQ4_Handler':
'Invoking: ARM-GCC C Compiler'
../main.c:424:75: warning: passing argument 4 of 'Ultra_sonic_filter' discards 'volatile' qualifier from pointer target type
"C:/dave/DAVE-IDE-4.4.2-64Bit/DAVE-IDE-4.4.2-64Bit/eclipse/ARM-GCC-49/bin/arm-none-eabi-gcc" -MMD -MT "main.o" -DXMC1404_F064x0200 -I"C:/GitHub/MobRob_Rover_NEW/Steering_Controller/MobRob_Steering_Controller/Libraries/XMCLib/inc" -I"C:/GitHub/MobRob_Rover_NEW/Steering_Controller/MobRob_Steering_Controller/Libraries/CMSIS/Include" -I"C:/GitHub/MobRob_Rover_NEW/Steering_Controller/MobRob_Steering_Controller/Libraries/CMSIS/Infineon/XMC1400_series/Include" -I"C:/GitHub/MobRob_Rover_NEW/Steering_Controller/MobRob_Steering_Controller" -I"C:/GitHub/MobRob_Rover_NEW/Steering_Controller/MobRob_Steering_Controller/Dave/Generated" -I"C:/GitHub/MobRob_Rover_NEW/Steering_Controller/MobRob_Steering_Controller/Libraries" -O0 -ffunction-sections -fdata-sections -Wall -std=gnu99 -Wa,-adhlns="main.o.lst" -pipe -c -fmessage-length=0 -MMD -MP -MF"main.d" -MT"main.d main.o" -mcpu=cortex-m0 -mthumb -g -gdwarf-2 -o "main.o" "../main.c" 
'Finished building: ../main.c'
  Ultra_sonic_filter(Ultrasonic_cm_C,  Ultrasonic_cm_L,  Ultrasonic_cm_R,  Steering_Angles,  ALPHA_ULTARSONIC);

                                                                           ^
../main.c:132:6: note: expected 'float *' but argument is of type 'volatile float *'
 void Ultra_sonic_filter(int16_t Ultrasonic_cm_C_clc, int16_t Ultrasonic_cm_L_clc, int16_t Ultrasonic_cm_R_clc, float Steering_Angles_clc[4], float ALPHA_ULTARSONIC);
      ^
../main.c: In function 'IRQ7_Handler':
../main.c:695:18: warning: passing argument 1 of 'CAN_send_Speeds' discards 'volatile' qualifier from pointer target type
  CAN_send_Speeds(Speeds);
                  ^
../main.c:531:6: note: expected 'float *' but argument is of type 'volatile float *'
 void CAN_send_Speeds(float Speed_data[4]){
      ^
../main.c:697:22: warning: passing argument 1 of 'Steering_set_Angles' discards 'volatile' qualifier from pointer target type
  Steering_set_Angles(Steering_Angles);
                      ^
../main.c:545:6: note: expected 'float *' but argument is of type 'volatile float *'
 void Steering_set_Angles(float Angles_data[4]){
      ^
'Building target: MobRob_Steering_Controller.elf'
'Invoking: ARM-GCC C Linker'
"C:/dave/DAVE-IDE-4.4.2-64Bit/DAVE-IDE-4.4.2-64Bit/eclipse/ARM-GCC-49/bin/arm-none-eabi-gcc" -T"../linker_script.ld" -nostartfiles -Xlinker --gc-sections -specs=nano.specs -specs=nosys.specs -Wl,-Map,"MobRob_Steering_Controller.map" -mcpu=cortex-m0 -mthumb -g -gdwarf-2 -o "MobRob_Steering_Controller.elf" "@objects.rsp"  -lm
'Finished building target: MobRob_Steering_Controller.elf'

'Invoking: ARM-GCC Create Flash Image'
"C:/dave/DAVE-IDE-4.4.2-64Bit/DAVE-IDE-4.4.2-64Bit/eclipse/ARM-GCC-49/bin/arm-none-eabi-objcopy" -O ihex "MobRob_Steering_Controller.elf" "MobRob_Steering_Controller.hex"
'Finished building: MobRob_Steering_Controller.hex'

'Invoking: ARM-GCC Print Size'
"C:/dave/DAVE-IDE-4.4.2-64Bit/DAVE-IDE-4.4.2-64Bit/eclipse/ARM-GCC-49/bin/arm-none-eabi-size" --format=berkeley "MobRob_Steering_Controller.elf"
   text	   data	    bss	    dec	    hex	filename
  40628	    768	   1540	  42936	   a7b8	MobRob_Steering_Controller.elf
'Finished building: MobRob_Steering_Controller.siz'

'Invoking: ARM-GCC Create Listing'
"C:/dave/DAVE-IDE-4.4.2-64Bit/DAVE-IDE-4.4.2-64Bit/eclipse/ARM-GCC-49/bin/arm-none-eabi-objdump" -h -S "MobRob_Steering_Controller.elf" > "MobRob_Steering_Controller.lst"
'Finished building: MobRob_Steering_Controller.lst'

