17:08:12 **** Incremental Build of configuration Debug for project MobRob_Steering_Controller ****
"\"C:\\dave\\DAVE-IDE-4.4.2-64Bit\\DAVE-IDE-4.4.2-64Bit\\eclipse\\ARM-GCC-49\\bin\\make\"" --output-sync -j12 all 
'Invoking: ARM-GCC Print Size'
"C:/dave/DAVE-IDE-4.4.2-64Bit/DAVE-IDE-4.4.2-64Bit/eclipse/ARM-GCC-49/bin/arm-none-eabi-size" --format=berkeley "MobRob_Steering_Controller.elf"
   text	   data	    bss	    dec	    hex	filename
  39972	    764	   1528	  42264	   a518	MobRob_Steering_Controller.elf
'Finished building: MobRob_Steering_Controller.siz'


17:08:12 Build Finished (took 547ms)

