Archive member included because of file (symbol)

c:/dave/dave-ide-4.4.2-64bit/dave-ide-4.4.2-64bit/eclipse/arm-gcc-49/bin/../lib/gcc/arm-none-eabi/4.9.3/../../../../arm-none-eabi/lib/armv7e-m/softfp\libm.a(lib_a-s_copysign.o)
                              ./main.o (copysign)
c:/dave/dave-ide-4.4.2-64bit/dave-ide-4.4.2-64bit/eclipse/arm-gcc-49/bin/../lib/gcc/arm-none-eabi/4.9.3/../../../../arm-none-eabi/lib/armv7e-m/softfp\libm.a(lib_a-sf_atan.o)
                              ./main.o (atanf)
c:/dave/dave-ide-4.4.2-64bit/dave-ide-4.4.2-64bit/eclipse/arm-gcc-49/bin/../lib/gcc/arm-none-eabi/4.9.3/../../../../arm-none-eabi/lib/armv7e-m/softfp\libm.a(lib_a-sf_cos.o)
                              ./main.o (cosf)
c:/dave/dave-ide-4.4.2-64bit/dave-ide-4.4.2-64bit/eclipse/arm-gcc-49/bin/../lib/gcc/arm-none-eabi/4.9.3/../../../../arm-none-eabi/lib/armv7e-m/softfp\libm.a(lib_a-sf_fabs.o)
                              c:/dave/dave-ide-4.4.2-64bit/dave-ide-4.4.2-64bit/eclipse/arm-gcc-49/bin/../lib/gcc/arm-none-eabi/4.9.3/../../../../arm-none-eabi/lib/armv7e-m/softfp\libm.a(lib_a-sf_atan.o) (fabsf)
c:/dave/dave-ide-4.4.2-64bit/dave-ide-4.4.2-64bit/eclipse/arm-gcc-49/bin/../lib/gcc/arm-none-eabi/4.9.3/../../../../arm-none-eabi/lib/armv7e-m/softfp\libm.a(lib_a-sf_sin.o)
                              ./main.o (sinf)
c:/dave/dave-ide-4.4.2-64bit/dave-ide-4.4.2-64bit/eclipse/arm-gcc-49/bin/../lib/gcc/arm-none-eabi/4.9.3/../../../../arm-none-eabi/lib/armv7e-m/softfp\libm.a(lib_a-wf_sqrt.o)
                              ./main.o (sqrtf)
c:/dave/dave-ide-4.4.2-64bit/dave-ide-4.4.2-64bit/eclipse/arm-gcc-49/bin/../lib/gcc/arm-none-eabi/4.9.3/../../../../arm-none-eabi/lib/armv7e-m/softfp\libm.a(lib_a-ef_rem_pio2.o)
                              c:/dave/dave-ide-4.4.2-64bit/dave-ide-4.4.2-64bit/eclipse/arm-gcc-49/bin/../lib/gcc/arm-none-eabi/4.9.3/../../../../arm-none-eabi/lib/armv7e-m/softfp\libm.a(lib_a-sf_cos.o) (__ieee754_rem_pio2f)
c:/dave/dave-ide-4.4.2-64bit/dave-ide-4.4.2-64bit/eclipse/arm-gcc-49/bin/../lib/gcc/arm-none-eabi/4.9.3/../../../../arm-none-eabi/lib/armv7e-m/softfp\libm.a(lib_a-ef_sqrt.o)
                              c:/dave/dave-ide-4.4.2-64bit/dave-ide-4.4.2-64bit/eclipse/arm-gcc-49/bin/../lib/gcc/arm-none-eabi/4.9.3/../../../../arm-none-eabi/lib/armv7e-m/softfp\libm.a(lib_a-wf_sqrt.o) (__ieee754_sqrtf)
c:/dave/dave-ide-4.4.2-64bit/dave-ide-4.4.2-64bit/eclipse/arm-gcc-49/bin/../lib/gcc/arm-none-eabi/4.9.3/../../../../arm-none-eabi/lib/armv7e-m/softfp\libm.a(lib_a-kf_cos.o)
                              c:/dave/dave-ide-4.4.2-64bit/dave-ide-4.4.2-64bit/eclipse/arm-gcc-49/bin/../lib/gcc/arm-none-eabi/4.9.3/../../../../arm-none-eabi/lib/armv7e-m/softfp\libm.a(lib_a-sf_cos.o) (__kernel_cosf)
c:/dave/dave-ide-4.4.2-64bit/dave-ide-4.4.2-64bit/eclipse/arm-gcc-49/bin/../lib/gcc/arm-none-eabi/4.9.3/../../../../arm-none-eabi/lib/armv7e-m/softfp\libm.a(lib_a-kf_rem_pio2.o)
                              c:/dave/dave-ide-4.4.2-64bit/dave-ide-4.4.2-64bit/eclipse/arm-gcc-49/bin/../lib/gcc/arm-none-eabi/4.9.3/../../../../arm-none-eabi/lib/armv7e-m/softfp\libm.a(lib_a-ef_rem_pio2.o) (__kernel_rem_pio2f)
c:/dave/dave-ide-4.4.2-64bit/dave-ide-4.4.2-64bit/eclipse/arm-gcc-49/bin/../lib/gcc/arm-none-eabi/4.9.3/../../../../arm-none-eabi/lib/armv7e-m/softfp\libm.a(lib_a-kf_sin.o)
                              c:/dave/dave-ide-4.4.2-64bit/dave-ide-4.4.2-64bit/eclipse/arm-gcc-49/bin/../lib/gcc/arm-none-eabi/4.9.3/../../../../arm-none-eabi/lib/armv7e-m/softfp\libm.a(lib_a-sf_cos.o) (__kernel_sinf)
c:/dave/dave-ide-4.4.2-64bit/dave-ide-4.4.2-64bit/eclipse/arm-gcc-49/bin/../lib/gcc/arm-none-eabi/4.9.3/../../../../arm-none-eabi/lib/armv7e-m/softfp\libm.a(lib_a-s_lib_ver.o)
                              c:/dave/dave-ide-4.4.2-64bit/dave-ide-4.4.2-64bit/eclipse/arm-gcc-49/bin/../lib/gcc/arm-none-eabi/4.9.3/../../../../arm-none-eabi/lib/armv7e-m/softfp\libm.a(lib_a-wf_sqrt.o) (__fdlib_version)
c:/dave/dave-ide-4.4.2-64bit/dave-ide-4.4.2-64bit/eclipse/arm-gcc-49/bin/../lib/gcc/arm-none-eabi/4.9.3/../../../../arm-none-eabi/lib/armv7e-m/softfp\libm.a(lib_a-s_matherr.o)
                              c:/dave/dave-ide-4.4.2-64bit/dave-ide-4.4.2-64bit/eclipse/arm-gcc-49/bin/../lib/gcc/arm-none-eabi/4.9.3/../../../../arm-none-eabi/lib/armv7e-m/softfp\libm.a(lib_a-wf_sqrt.o) (matherr)
c:/dave/dave-ide-4.4.2-64bit/dave-ide-4.4.2-64bit/eclipse/arm-gcc-49/bin/../lib/gcc/arm-none-eabi/4.9.3/../../../../arm-none-eabi/lib/armv7e-m/softfp\libm.a(lib_a-sf_floor.o)
                              c:/dave/dave-ide-4.4.2-64bit/dave-ide-4.4.2-64bit/eclipse/arm-gcc-49/bin/../lib/gcc/arm-none-eabi/4.9.3/../../../../arm-none-eabi/lib/armv7e-m/softfp\libm.a(lib_a-kf_rem_pio2.o) (floorf)
c:/dave/dave-ide-4.4.2-64bit/dave-ide-4.4.2-64bit/eclipse/arm-gcc-49/bin/../lib/gcc/arm-none-eabi/4.9.3/../../../../arm-none-eabi/lib/armv7e-m/softfp\libm.a(lib_a-sf_fpclassify.o)
[...]
Memory Configuration

Name             Origin             Length             Attributes
FLASH_1_cached   0x08000000         0x00100000         xr
FLASH_1_uncached 0x0c000000         0x00100000         xr
PSRAM_1          0x10000000         0x00010000         !xr
DSRAM_1_system   0x20000000         0x00010000         !xr
DSRAM_2_comm     0x30000000         0x00008000         !xr
*default*        0x00000000         0xffffffff

Linker script and memory map

LOAD ./Startup/startup_XMC4500.o
LOAD ./Startup/system_XMC4500.o
LOAD ./Libraries/XMCLib/src/xmc4_eru.o
LOAD ./Libraries/XMCLib/src/xmc4_flash.o
LOAD ./Libraries/XMCLib/src/xmc4_gpio.o
LOAD ./Libraries/XMCLib/src/xmc4_rtc.o
LOAD ./Libraries/XMCLib/src/xmc4_scu.o
LOAD ./Libraries/XMCLib/src/xmc_can.o
LOAD ./Libraries/XMCLib/src/xmc_ccu4.o
LOAD ./Libraries/XMCLib/src/xmc_ccu8.o
LOAD ./Libraries/XMCLib/src/xmc_common.o
LOAD ./Libraries/XMCLib/src/xmc_dac.o
LOAD ./Libraries/XMCLib/src/xmc_dma.o
LOAD ./Libraries/XMCLib/src/xmc_dsd.o
LOAD ./Libraries/XMCLib/src/xmc_ebu.o
LOAD ./Libraries/XMCLib/src/xmc_ecat.o
LOAD ./Libraries/XMCLib/src/xmc_eru.o
LOAD ./Libraries/XMCLib/src/xmc_eth_mac.o
LOAD ./Libraries/XMCLib/src/xmc_eth_phy_dp83848.o
LOAD ./Libraries/XMCLib/src/xmc_eth_phy_ksz8031rnl.o
LOAD ./Libraries/XMCLib/src/xmc_eth_phy_ksz8081rnb.o
LOAD ./Libraries/XMCLib/src/xmc_fce.o
LOAD ./Libraries/XMCLib/src/xmc_gpio.o
LOAD ./Libraries/XMCLib/src/xmc_hrpwm.o
LOAD ./Libraries/XMCLib/src/xmc_i2c.o
LOAD ./Libraries/XMCLib/src/xmc_i2s.o
LOAD ./Libraries/XMCLib/src/xmc_ledts.o
LOAD ./Libraries/XMCLib/src/xmc_posif.o
LOAD ./Libraries/XMCLib/src/xmc_rtc.o
LOAD ./Libraries/XMCLib/src/xmc_sdmmc.o
LOAD ./Libraries/XMCLib/src/xmc_spi.o
LOAD ./Libraries/XMCLib/src/xmc_uart.o
LOAD ./Libraries/XMCLib/src/xmc_usbd.o
LOAD ./Libraries/XMCLib/src/xmc_usbh.o
LOAD ./Libraries/XMCLib/src/xmc_usic.o
LOAD ./Libraries/XMCLib/src/xmc_vadc.o
LOAD ./Libraries/XMCLib/src/xmc_wdt.o
LOAD ./Libraries/Newlib/syscalls.o
LOAD ./Dave/Generated/TIMER/timer.o
LOAD ./Dave/Generated/TIMER/timer_conf.o
LOAD ./Dave/Generated/SPI_MASTER/spi_master.o
LOAD ./Dave/Generated/SPI_MASTER/spi_master_conf.o
LOAD ./Dave/Generated/PWM_SVM/pwm_svm.o
LOAD ./Dave/Generated/PWM_SVM/pwm_svm_conf.o
LOAD ./Dave/Generated/PWM_SVM/pwm_svm_table.o
LOAD ./Dave/Generated/PIN_INTERRUPT/pin_interrupt.o
LOAD ./Dave/Generated/PIN_INTERRUPT/pin_interrupt_conf.o
LOAD ./Dave/Generated/INTERRUPT/interrupt.o
LOAD ./Dave/Generated/INTERRUPT/interrupt_conf.o
LOAD ./Dave/Generated/GLOBAL_CCU8/global_ccu8.o
LOAD ./Dave/Generated/GLOBAL_CCU8/global_ccu8_conf.o
LOAD ./Dave/Generated/GLOBAL_CCU4/global_ccu4.o
LOAD ./Dave/Generated/GLOBAL_CCU4/global_ccu4_conf.o
LOAD ./Dave/Generated/GLOBAL_CAN/global_can.o
LOAD ./Dave/Generated/GLOBAL_CAN/global_can_conf.o
LOAD ./Dave/Generated/DIGITAL_IO/digital_io.o
LOAD ./Dave/Generated/DIGITAL_IO/digital_io_conf.o
LOAD ./Dave/Generated/CPU_CTRL_XMC4/cpu_ctrl_xmc4.o
LOAD ./Dave/Generated/CPU_CTRL_XMC4/cpu_ctrl_xmc4_conf.o
LOAD ./Dave/Generated/CLOCK_XMC4/clock_xmc4.o
LOAD ./Dave/Generated/CLOCK_XMC4/clock_xmc4_conf.o
LOAD ./Dave/Generated/CAN_NODE/can_node.o
LOAD ./Dave/Generated/CAN_NODE/can_node_conf.o
LOAD ./Dave/Generated/BUS_IO/bus_io.o
LOAD ./Dave/Generated/BUS_IO/bus_io_conf.o
LOAD ./Dave/Generated/DAVE.o
LOAD ./CAN.o
LOAD ./Globals.o
LOAD ./Hall_Sensors.o
LOAD ./PI_Controller.o
LOAD ./Read_Current_Sensor.o
LOAD ./main.o
LOAD ./rec_data_function.o
LOAD c:/dave/dave-ide-4.4.2-64bit/dave-ide-4.4.2-64bit/eclipse/arm-gcc-49/bin/../lib/gcc/arm-none-eabi/4.9.3/../../../../arm-none-eabi/lib/armv7e-m/softfp\libm.a
START GROUP
LOAD c:/dave/dave-ide-4.4.2-64bit/dave-ide-4.4.2-64bit/eclipse/arm-gcc-49/bin/../lib/gcc/arm-none-eabi/4.9.3/armv7e-m/softfp\libgcc.a
LOAD c:/dave/dave-ide-4.4.2-64bit/dave-ide-4.4.2-64bit/eclipse/arm-gcc-49/bin/../lib/gcc/arm-none-eabi/4.9.3/../../../../arm-none-eabi/lib/armv7e-m/softfp\libg_nano.a
LOAD c:/dave/dave-ide-4.4.2-64bit/dave-ide-4.4.2-64bit/eclipse/arm-gcc-49/bin/../lib/gcc/arm-none-eabi/4.9.3/../../../../arm-none-eabi/lib/armv7e-m/softfp\libc_nano.a
END GROUP
START GROUP
LOAD c:/dave/dave-ide-4.4.2-64bit/dave-ide-4.4.2-64bit/eclipse/arm-gcc-49/bin/../lib/gcc/arm-none-eabi/4.9.3/armv7e-m/softfp\libgcc.a
LOAD c:/dave/dave-ide-4.4.2-64bit/dave-ide-4.4.2-64bit/eclipse/arm-gcc-49/bin/../lib/gcc/arm-none-eabi/4.9.3/../../../../arm-none-eabi/lib/armv7e-m/softfp\libc_nano.a
LOAD c:/dave/dave-ide-4.4.2-64bit/dave-ide-4.4.2-64bit/eclipse/arm-gcc-49/bin/../lib/gcc/arm-none-eabi/4.9.3/../../../../arm-none-eabi/lib/armv7e-m/softfp\librdimon_nano.a
LOAD c:/dave/dave-ide-4.4.2-64bit/dave-ide-4.4.2-64bit/eclipse/arm-gcc-49/bin/../lib/gcc/arm-none-eabi/4.9.3/../../../../arm-none-eabi/lib/armv7e-m/softfp\libnosys.a
END GROUP
START GROUP
LOAD c:/dave/dave-ide-4.4.2-64bit/dave-ide-4.4.2-64bit/eclipse/arm-gcc-49/bin/../lib/gcc/arm-none-eabi/4.9.3/armv7e-m/softfp\libgcc.a
LOAD c:/dave/dave-ide-4.4.2-64bit/dave-ide-4.4.2-64bit/eclipse/arm-gcc-49/bin/../lib/gcc/arm-none-eabi/4.9.3/../../../../arm-none-eabi/lib/armv7e-m/softfp\libc_nano.a
LOAD c:/dave/dave-ide-4.4.2-64bit/dave-ide-4.4.2-64bit/eclipse/arm-gcc-49/bin/../lib/gcc/arm-none-eabi/4.9.3/../../../../arm-none-eabi/lib/armv7e-m/softfp\libnosys.a
END GROUP
START GROUP
LOAD c:/dave/dave-ide-4.4.2-64bit/dave-ide-4.4.2-64bit/eclipse/arm-gcc-49/bin/../lib/gcc/arm-none-eabi/4.9.3/armv7e-m/softfp\libgcc.a
LOAD c:/dave/dave-ide-4.4.2-64bit/dave-ide-4.4.2-64bit/eclipse/arm-gcc-49/bin/../lib/gcc/arm-none-eabi/4.9.3/../../../../arm-none-eabi/lib/armv7e-m/softfp\libc_nano.a
LOAD c:/dave/dave-ide-4.4.2-64bit/dave-ide-4.4.2-64bit/eclipse/arm-gcc-49/bin/../lib/gcc/arm-none-eabi/4.9.3/../../../../arm-none-eabi/lib/armv7e-m/softfp\librdimon_nano.a
END GROUP
                0x00000800                stack_size = DEFINED (stack_size)?stack_size:0x800
                0x00000040                no_init_size = 0x40

.text           0x08000000     0x7d74 load address 0x0c000000
                0x08000000                sText = .
 *(.reset)
 .reset         0x08000000      0x2b4 ./Startup/startup_XMC4500.o
                0x08000000                __Vectors
                0x08000200                Reset_Handler
                0x080002b0                DSD0_7_IRQHandler
                0x080002b0                DebugMon_Handler
                0x080002b0                VADC0_C0_0_IRQHandler
                0x080002b0                CAN0_4_IRQHandler
                0x080002b0                VADC0_G2_0_IRQHandler
                0x080002b0                USIC0_5_IRQHandler
                0x080002b0                POSIF0_0_IRQHandler
                0x080002b0                POSIF1_0_IRQHandler
                0x080002b0                HardFault_Handler
                0x080002b0                VADC0_G1_1_IRQHandler
                0x080002b0                SysTick_Handler
                0x080002b0                PendSV_Handler
                0x080002b0                NMI_Handler
                0x080002b0                USIC1_3_IRQHandler
                0x080002b0                CCU40_2_IRQHandler
                0x080002b0                SCU_0_IRQHandler
                0x080002b0                ERU0_0_IRQHandler
                0x080002b0                CCU41_0_IRQHandler
                0x080002b0                USIC1_5_IRQHandler
                0x080002b0                DSD0_4_IRQHandler
                0x080002b0                CCU80_1_IRQHandler
                0x080002b0                CCU81_0_IRQHandler
                0x080002b0                UsageFault_Handler
                0x080002b0                USIC0_0_IRQHandler
                0x080002b0                POSIF1_1_IRQHandler
                0x080002b0                ERU0_2_IRQHandler
                0x080002b0                CCU81_1_IRQHandler
                0x080002b0                ERU1_1_IRQHandler
                0x080002b0                VADC0_G2_3_IRQHandler
                0x080002b0                VADC0_G2_2_IRQHandler
                0x080002b0                CCU42_3_IRQHandler
                0x080002b0                ERU0_3_IRQHandler
                0x080002b0                DSD0_5_IRQHandler
                0x080002b0                VADC0_C0_3_IRQHandler
                0x080002b0                CAN0_6_IRQHandler
                0x080002b0                VADC0_G0_1_IRQHandler
                0x080002b0                CCU81_2_IRQHandler
                0x080002b0                USIC2_4_IRQHandler
                0x080002b0                CCU81_3_IRQHandler
                0x080002b0                CCU42_1_IRQHandler
                0x080002b0                USIC1_1_IRQHandler
                0x080002b0                USIC2_5_IRQHandler
                0x080002b0                CCU40_0_IRQHandler
                0x080002b0                CCU42_2_IRQHandler
                0x080002b0                Default_Handler
                0x080002b0                USIC1_4_IRQHandler
                0x080002b0                USIC1_0_IRQHandler
                0x080002b0                POSIF0_1_IRQHandler
                0x080002b0                VADC0_G0_0_IRQHandler
                0x080002b0                DSD0_2_IRQHandler
                0x080002b0                CCU41_3_IRQHandler
                0x080002b0                CCU80_2_IRQHandler
                0x080002b0                VADC0_G1_3_IRQHandler
                0x080002b0                VADC0_G0_3_IRQHandler
                0x080002b0                GPDMA0_0_IRQHandler
                0x080002b0                PMU0_0_IRQHandler
                0x080002b0                CAN0_7_IRQHandler
                0x080002b0                DSD0_1_IRQHandler
                0x080002b0                CCU41_2_IRQHandler
                0x080002b0                VADC0_C0_1_IRQHandler
                0x080002b0                CCU43_2_IRQHandler
                0x080002b0                USIC2_2_IRQHandler
                0x080002b0                MemManage_Handler
                0x080002b0                VADC0_G3_1_IRQHandler
                0x080002b0                DAC0_0_IRQHandler
                0x080002b0                SVC_Handler
                0x080002b0                VADC0_G3_3_IRQHandler
                0x080002b0                CCU41_1_IRQHandler
                0x080002b0                DSD0_6_IRQHandler
                0x080002b0                VADC0_G1_2_IRQHandler
                0x080002b0                USIC2_3_IRQHandler
                0x080002b0                CAN0_2_IRQHandler
                0x080002b0                USIC2_0_IRQHandler
                0x080002b0                VADC0_G0_2_IRQHandler
                0x080002b0                VADC0_G2_1_IRQHandler
                0x080002b0                CAN0_3_IRQHandler
                0x080002b0                ETH0_0_IRQHandler
                0x080002b0                USIC0_3_IRQHandler
                0x080002b0                DSD0_0_IRQHandler
                0x080002b0                VADC0_C0_2_IRQHandler
                0x080002b0                CCU42_0_IRQHandler
                0x080002b0                FCE0_0_IRQHandler
                0x080002b0                VADC0_G1_0_IRQHandler
                0x080002b0                USB0_0_IRQHandler
                0x080002b0                CAN0_5_IRQHandler
                0x080002b0                CCU80_0_IRQHandler
                0x080002b0                CCU40_1_IRQHandler
                0x080002b0                USIC2_1_IRQHandler
                0x080002b0                USIC0_1_IRQHandler
                0x080002b0                VADC0_G3_2_IRQHandler
                0x080002b0                CCU40_3_IRQHandler
                0x080002b0                BusFault_Handler
                0x080002b0                LEDTS0_0_IRQHandler
                0x080002b0                USIC0_4_IRQHandler
                0x080002b0                CCU43_3_IRQHandler
                0x080002b0                ERU0_1_IRQHandler
                0x080002b0                VADC0_G3_0_IRQHandler
                0x080002b0                USIC1_2_IRQHandler
                0x080002b0                DSD0_3_IRQHandler
                0x080002b0                SDMMC0_0_IRQHandler
                0x080002b0                USIC0_2_IRQHandler
                0x080002b0                DAC0_1_IRQHandler
                0x080002b0                GPDMA1_0_IRQHandler
 *(.text .text.* .gnu.linkonce.t.*)
 .text.SystemInit
                0x080002b4       0x20 ./Startup/system_XMC4500.o
                0x080002b4                SystemInit
 .text.SystemCoreClockUpdate
                0x080002d4       0xd4 ./Startup/system_XMC4500.o
                0x080002d4                SystemCoreClockUpdate
 .text.XMC_ERU_Enable
                0x080003a8       0x24 ./Libraries/XMCLib/src/xmc4_eru.o
                0x080003a8                XMC_ERU_Enable
 .text.XMC_GPIO_Init
                0x080003cc      0x14c ./Libraries/XMCLib/src/xmc4_gpio.o
                0x080003cc                XMC_GPIO_Init
 .text.XMC_SCU_CLOCK_GetCpuClockFrequency
                0x08000518       0x18 ./Libraries/XMCLib/src/xmc4_scu.o
 .text.XMC_SCU_GetMirrorStatus
                0x08000530       0x18 ./Libraries/XMCLib/src/xmc4_scu.o
 .text.XMC_SCU_lDelay
                0x08000548       0x44 ./Libraries/XMCLib/src/xmc4_scu.o
 .text.XMC_SCU_INTERUPT_GetEventStatus
                0x0800058c       0x18 ./Libraries/XMCLib/src/xmc4_scu.o
                0x0800058c                XMC_SCU_INTERUPT_GetEventStatus
 .text.XMC_SCU_INTERRUPT_ClearEventStatus
                0x080005a4       0x1c ./Libraries/XMCLib/src/xmc4_scu.o
                0x080005a4                XMC_SCU_INTERRUPT_ClearEventStatus
 .text.XMC_SCU_CLOCK_Init
                0x080005c0       0xec ./Libraries/XMCLib/src/xmc4_scu.o
                0x080005c0                XMC_SCU_CLOCK_Init
 .text.XMC_SCU_RESET_DeassertPeripheralReset
                0x080006ac       0x38 ./Libraries/XMCLib/src/xmc4_scu.o
                0x080006ac                XMC_SCU_RESET_DeassertPeripheralReset
 .text.XMC_SCU_CLOCK_GetPeripheralClockFrequency
                0x080006e4       0x20 ./Libraries/XMCLib/src/xmc4_scu.o
                0x080006e4                XMC_SCU_CLOCK_GetPeripheralClockFrequency
 .text.XMC_SCU_CLOCK_SetSystemClockSource
                0x08000704       0x28 ./Libraries/XMCLib/src/xmc4_scu.o
                0x08000704                XMC_SCU_CLOCK_SetSystemClockSource
 .text.XMC_SCU_CLOCK_SetUsbClockSource
                0x0800072c       0x28 ./Libraries/XMCLib/src/xmc4_scu.o
                0x0800072c                XMC_SCU_CLOCK_SetUsbClockSource
 .text.XMC_SCU_CLOCK_SetWdtClockSource
                0x08000754       0x28 ./Libraries/XMCLib/src/xmc4_scu.o
                0x08000754                XMC_SCU_CLOCK_SetWdtClockSource
 .text.XMC_SCU_CLOCK_SetSystemPllClockSource
                0x0800077c       0x40 ./Libraries/XMCLib/src/xmc4_scu.o
                0x0800077c                XMC_SCU_CLOCK_SetSystemPllClockSource
 .text.XMC_SCU_HIB_SetRtcClockSource
                0x080007bc       0x3c ./Libraries/XMCLib/src/xmc4_scu.o
                0x080007bc                XMC_SCU_HIB_SetRtcClockSource
 .text.XMC_SCU_HIB_SetStandbyClockSource
                0x080007f8       0x3c ./Libraries/XMCLib/src/xmc4_scu.o
                0x080007f8                XMC_SCU_HIB_SetStandbyClockSource
 .text.XMC_SCU_CLOCK_SetSystemClockDivider
                0x08000834       0x28 ./Libraries/XMCLib/src/xmc4_scu.o
                0x08000834                XMC_SCU_CLOCK_SetSystemClockDivider
 .text.XMC_SCU_CLOCK_SetCcuClockDivider
                0x0800085c       0x28 ./Libraries/XMCLib/src/xmc4_scu.o
                0x0800085c                XMC_SCU_CLOCK_SetCcuClockDivider
 .text.XMC_SCU_CLOCK_SetCpuClockDivider
                0x08000884       0x28 ./Libraries/XMCLib/src/xmc4_scu.o
                0x08000884                XMC_SCU_CLOCK_SetCpuClockDivider
 .text.XMC_SCU_CLOCK_SetPeripheralClockDivider
                0x080008ac       0x28 ./Libraries/XMCLib/src/xmc4_scu.o
                0x080008ac                XMC_SCU_CLOCK_SetPeripheralClockDivider
 .text.XMC_SCU_CLOCK_SetUsbClockDivider
                0x080008d4       0x28 ./Libraries/XMCLib/src/xmc4_scu.o
                0x080008d4                XMC_SCU_CLOCK_SetUsbClockDivider
 .text.XMC_SCU_CLOCK_SetEbuClockDivider
                0x080008fc       0x28 ./Libraries/XMCLib/src/xmc4_scu.o
                0x080008fc                XMC_SCU_CLOCK_SetEbuClockDivider
 .text.XMC_SCU_CLOCK_SetWdtClockDivider
                0x08000924       0x28 ./Libraries/XMCLib/src/xmc4_scu.o
                0x08000924                XMC_SCU_CLOCK_SetWdtClockDivider
 .text.XMC_SCU_CLOCK_EnableClock
                0x0800094c       0x20 ./Libraries/XMCLib/src/xmc4_scu.o
                0x0800094c                XMC_SCU_CLOCK_EnableClock
 .text.XMC_SCU_CLOCK_StartUsbPll
                0x0800096c       0x74 ./Libraries/XMCLib/src/xmc4_scu.o
                0x0800096c                XMC_SCU_CLOCK_StartUsbPll
 .text.XMC_SCU_CLOCK_SetBackupClockCalibrationMode
                0x080009e0       0x4c ./Libraries/XMCLib/src/xmc4_scu.o
                0x080009e0                XMC_SCU_CLOCK_SetBackupClockCalibrationMode
 .text.XMC_SCU_HIB_EnableHibernateDomain
                0x08000a2c       0x58 ./Libraries/XMCLib/src/xmc4_scu.o
                0x08000a2c                XMC_SCU_HIB_EnableHibernateDomain
 .text.XMC_SCU_CLOCK_IsLowPowerOscillatorStable
                0x08000a84       0x24 ./Libraries/XMCLib/src/xmc4_scu.o
                0x08000a84                XMC_SCU_CLOCK_IsLowPowerOscillatorStable
 .text.XMC_SCU_CLOCK_EnableLowPowerOscillator
                0x08000aa8       0x70 ./Libraries/XMCLib/src/xmc4_scu.o
                0x08000aa8                XMC_SCU_CLOCK_EnableLowPowerOscillator
 .text.XMC_SCU_CLOCK_EnableHighPerformanceOscillator
                0x08000b18       0x50 ./Libraries/XMCLib/src/xmc4_scu.o
                0x08000b18                XMC_SCU_CLOCK_EnableHighPerformanceOscillator
 .text.XMC_SCU_CLOCK_IsHighPerformanceOscillatorStable
                0x08000b68       0x28 ./Libraries/XMCLib/src/xmc4_scu.o
                0x08000b68                XMC_SCU_CLOCK_IsHighPerformanceOscillatorStable
 .text.XMC_SCU_CLOCK_EnableSystemPll
                0x08000b90       0x20 ./Libraries/XMCLib/src/xmc4_scu.o
                0x08000b90                XMC_SCU_CLOCK_EnableSystemPll
 .text.XMC_SCU_CLOCK_DisableSystemPll
                0x08000bb0       0x20 ./Libraries/XMCLib/src/xmc4_scu.o
                0x08000bb0                XMC_SCU_CLOCK_DisableSystemPll
 .text.XMC_SCU_CLOCK_StartSystemPll
                0x08000bd0      0x174 ./Libraries/XMCLib/src/xmc4_scu.o
                0x08000bd0                XMC_SCU_CLOCK_StartSystemPll
 .text.XMC_SCU_CLOCK_StepSystemPllFrequency
                0x08000d44       0x2c ./Libraries/XMCLib/src/xmc4_scu.o
                0x08000d44                XMC_SCU_CLOCK_StepSystemPllFrequency
 .text.XMC_CAN_IsPanelControlReady
                0x08000d70       0x28 ./Libraries/XMCLib/src/xmc_can.o
 .text.XMC_CAN_PanelControl
                0x08000d98       0x3c ./Libraries/XMCLib/src/xmc_can.o
 .text.XMC_CAN_NODE_EnableConfigurationChange
                0x08000dd4       0x20 ./Libraries/XMCLib/src/xmc_can.o
 .text.XMC_CAN_NODE_DisableConfigurationChange
                0x08000df4       0x20 ./Libraries/XMCLib/src/xmc_can.o
 .text.max      0x08000e14       0x20 ./Libraries/XMCLib/src/xmc_can.o
 .text.min      0x08000e34       0x20 ./Libraries/XMCLib/src/xmc_can.o
 .text.XMC_CAN_NODE_NominalBitTimeConfigure
                0x08000e54      0x1c4 ./Libraries/XMCLib/src/xmc_can.o
                0x08000e54                XMC_CAN_NODE_NominalBitTimeConfigure
 .text.XMC_CAN_AllocateMOtoNodeList
                0x08001018       0x3c ./Libraries/XMCLib/src/xmc_can.o
                0x08001018                XMC_CAN_AllocateMOtoNodeList
 .text.XMC_CAN_Enable
                0x08001054       0x34 ./Libraries/XMCLib/src/xmc_can.o
                0x08001054                XMC_CAN_Enable
 .text.XMC_CAN_SetBaudrateClockSource
                0x08001088       0x18 ./Libraries/XMCLib/src/xmc_can.o
                0x08001088                XMC_CAN_SetBaudrateClockSource
 .text.XMC_CAN_GetBaudrateClockFrequency
                0x080010a0       0x18 ./Libraries/XMCLib/src/xmc_can.o
                0x080010a0                XMC_CAN_GetBaudrateClockFrequency
 .text.XMC_CAN_InitEx
                0x080010b8       0x80 ./Libraries/XMCLib/src/xmc_can.o
                0x080010b8                XMC_CAN_InitEx
 .text.XMC_CAN_MO_Config
                0x08001138      0x138 ./Libraries/XMCLib/src/xmc_can.o
                0x08001138                XMC_CAN_MO_Config
 .text.XMC_CAN_MO_UpdateData
                0x08001270       0x70 ./Libraries/XMCLib/src/xmc_can.o
                0x08001270                XMC_CAN_MO_UpdateData
 .text.XMC_CAN_MO_Transmit
                0x080012e0       0x5c ./Libraries/XMCLib/src/xmc_can.o
                0x080012e0                XMC_CAN_MO_Transmit
 .text.XMC_CAN_MO_Receive
                0x0800133c      0x1a0 ./Libraries/XMCLib/src/xmc_can.o
                0x0800133c                XMC_CAN_MO_Receive
 .text.XMC_CAN_NODE_EnableEvent
                0x080014dc       0x38 ./Libraries/XMCLib/src/xmc_can.o
                0x080014dc                XMC_CAN_NODE_EnableEvent
 .text.XMC_CCU4_StartPrescaler
                0x08001514       0x20 ./Libraries/XMCLib/src/xmc_ccu4.o
 .text.XMC_CCU4_lDeassertReset
                0x08001534       0x60 ./Libraries/XMCLib/src/xmc_ccu4.o
 .text.XMC_CCU4_EnableModule
                0x08001594       0x1c ./Libraries/XMCLib/src/xmc_ccu4.o
                0x08001594                XMC_CCU4_EnableModule
 .text.XMC_CCU4_Init
                0x080015b0       0x3c ./Libraries/XMCLib/src/xmc_ccu4.o
                0x080015b0                XMC_CCU4_Init
 .text.XMC_CCU4_SLICE_CompareInit
                0x080015ec       0x6c ./Libraries/XMCLib/src/xmc_ccu4.o
                0x080015ec                XMC_CCU4_SLICE_CompareInit
 .text.XMC_CCU4_SLICE_SetInterruptNode
                0x08001658       0xb0 ./Libraries/XMCLib/src/xmc_ccu4.o
                0x08001658                XMC_CCU4_SLICE_SetInterruptNode
 .text.XMC_CCU8_StartPrescaler
                0x08001708       0x20 ./Libraries/XMCLib/src/xmc_ccu8.o
 .text.XMC_CCU8_SLICE_StopTimer
                0x08001728       0x18 ./Libraries/XMCLib/src/xmc_ccu8.o
 .text.XMC_CCU8_lDeassertReset
                0x08001740       0x38 ./Libraries/XMCLib/src/xmc_ccu8.o
 .text.XMC_CCU8_EnableModule
                0x08001778       0x1c ./Libraries/XMCLib/src/xmc_ccu8.o
                0x08001778                XMC_CCU8_EnableModule
 .text.XMC_CCU8_Init
                0x08001794       0x3c ./Libraries/XMCLib/src/xmc_ccu8.o
                0x08001794                XMC_CCU8_Init
 .text.XMC_CCU8_SLICE_CompareInit
                0x080017d0       0x74 ./Libraries/XMCLib/src/xmc_ccu8.o
                0x080017d0                XMC_CCU8_SLICE_CompareInit
 .text.XMC_CCU8_SLICE_StartConfig
                0x08001844       0x5c ./Libraries/XMCLib/src/xmc_ccu8.o
                0x08001844                XMC_CCU8_SLICE_StartConfig
 .text.XMC_CCU8_SLICE_TrapConfig
                0x080018a0       0x74 ./Libraries/XMCLib/src/xmc_ccu8.o
                0x080018a0                XMC_CCU8_SLICE_TrapConfig
 .text.XMC_CCU8_SLICE_ConfigureEvent
                0x08001914       0xd4 ./Libraries/XMCLib/src/xmc_ccu8.o
                0x08001914                XMC_CCU8_SLICE_ConfigureEvent
 .text.XMC_CCU8_SLICE_SetTimerPeriodMatch
                0x080019e8       0x1c ./Libraries/XMCLib/src/xmc_ccu8.o
                0x080019e8                XMC_CCU8_SLICE_SetTimerPeriodMatch
 .text.XMC_CCU8_SLICE_SetTimerCompareMatch
                0x08001a04       0x30 ./Libraries/XMCLib/src/xmc_ccu8.o
                0x08001a04                XMC_CCU8_SLICE_SetTimerCompareMatch
 .text.XMC_CCU8_SLICE_DeadTimeInit
                0x08001a34       0x2c ./Libraries/XMCLib/src/xmc_ccu8.o
                0x08001a34                XMC_CCU8_SLICE_DeadTimeInit
 .text.XMC_CCU8_SLICE_ConfigureStatusBitOutput
                0x08001a60       0x30 ./Libraries/XMCLib/src/xmc_ccu8.o
                0x08001a60                XMC_CCU8_SLICE_ConfigureStatusBitOutput
 .text.XMC_ERU_ETL_Init
                0x08001a90       0x4c ./Libraries/XMCLib/src/xmc_eru.o
                0x08001a90                XMC_ERU_ETL_Init
 .text.XMC_ERU_OGU_SetServiceRequestMode
                0x08001adc       0x3c ./Libraries/XMCLib/src/xmc_eru.o
                0x08001adc                XMC_ERU_OGU_SetServiceRequestMode
 .text.XMC_GPIO_SetHardwareControl
                0x08001b18       0x44 ./Libraries/XMCLib/src/xmc_gpio.o
                0x08001b18                XMC_GPIO_SetHardwareControl
 .text.XMC_SPI_CH_Init
                0x08001b5c       0x68 ./Libraries/XMCLib/src/xmc_spi.o
                0x08001b5c                XMC_SPI_CH_Init
 .text.XMC_SPI_CH_GetReceivedData
                0x08001bc4       0x34 ./Libraries/XMCLib/src/xmc_spi.o
                0x08001bc4                XMC_SPI_CH_GetReceivedData
 .text.XMC_USIC_CH_Enable
                0x08001bf8       0x98 ./Libraries/XMCLib/src/xmc_usic.o
                0x08001bf8                XMC_USIC_CH_Enable
 .text.XMC_USIC_CH_SetBaudrate
                0x08001c90       0xe0 ./Libraries/XMCLib/src/xmc_usic.o
                0x08001c90                XMC_USIC_CH_SetBaudrate
 .text.XMC_USIC_CH_TXFIFO_Configure
                0x08001d70       0x50 ./Libraries/XMCLib/src/xmc_usic.o
                0x08001d70                XMC_USIC_CH_TXFIFO_Configure
 .text.XMC_USIC_CH_RXFIFO_Configure
                0x08001dc0       0x54 ./Libraries/XMCLib/src/xmc_usic.o
                0x08001dc0                XMC_USIC_CH_RXFIFO_Configure
 .text.XMC_USIC_CH_SetInterruptNodePointer
                0x08001e14       0x38 ./Libraries/XMCLib/src/xmc_usic.o
                0x08001e14                XMC_USIC_CH_SetInterruptNodePointer
 .text.XMC_USIC_Enable
                0x08001e4c       0x54 ./Libraries/XMCLib/src/xmc_usic.o
                0x08001e4c                XMC_USIC_Enable
 .text._init    0x08001ea0        0xc ./Libraries/Newlib/syscalls.o
                0x08001ea0                _init
 .text.XMC_CCU4_EnableClock
                0x08001eac       0x28 ./Dave/Generated/TIMER/timer.o
 .text.XMC_CCU4_SLICE_StartTimer
                0x08001ed4       0x18 ./Dave/Generated/TIMER/timer.o
 .text.XMC_CCU4_SLICE_ClearTimer
                0x08001eec       0x18 ./Dave/Generated/TIMER/timer.o
 .text.XMC_CCU4_SLICE_SetTimerPeriodMatch
                0x08001f04       0x1c ./Dave/Generated/TIMER/timer.o
 .text.XMC_CCU4_SLICE_SetTimerCompareMatch
                0x08001f20       0x1c ./Dave/Generated/TIMER/timer.o
 .text.XMC_CCU4_EnableShadowTransfer
                0x08001f3c       0x1c ./Dave/Generated/TIMER/timer.o
 .text.XMC_CCU4_SLICE_EnableEvent
                0x08001f58       0x2c ./Dave/Generated/TIMER/timer.o
 .text.TIMER_Init
                0x08001f84       0x3c ./Dave/Generated/TIMER/timer.o
                0x08001f84                TIMER_Init
 .text.TIMER_CCU4_lInit
                0x08001fc0       0x98 ./Dave/Generated/TIMER/timer.o
                0x08001fc0                TIMER_CCU4_lInit
 .text.TIMER_CCU4_lShadowTransfer
                0x08002058       0x3c ./Dave/Generated/TIMER/timer.o
                0x08002058                TIMER_CCU4_lShadowTransfer
 .text.XMC_USIC_CH_WriteToTBUFTCI
                0x08002094       0x24 ./Dave/Generated/SPI_MASTER/spi_master.o
 .text.XMC_USIC_CH_GetTransmitBufferStatus
                0x080020b8       0x20 ./Dave/Generated/SPI_MASTER/spi_master.o
 .text.XMC_USIC_CH_GetReceiveBufferStatus
                0x080020d8       0x1c ./Dave/Generated/SPI_MASTER/spi_master.o
 .text.XMC_USIC_CH_TXFIFO_PutDataHPCMode
                0x080020f4       0x24 ./Dave/Generated/SPI_MASTER/spi_master.o
 .text.XMC_USIC_CH_RXFIFO_Flush
                0x08002118       0x1c ./Dave/Generated/SPI_MASTER/spi_master.o
 .text.XMC_USIC_CH_RXFIFO_IsEmpty
                0x08002134       0x28 ./Dave/Generated/SPI_MASTER/spi_master.o
 .text.XMC_USIC_CH_RXFIFO_ClearEvent
                0x0800215c       0x1c ./Dave/Generated/SPI_MASTER/spi_master.o
 .text.XMC_SPI_CH_SetTransmitMode
                0x08002178       0x2c ./Dave/Generated/SPI_MASTER/spi_master.o
 .text.XMC_SPI_CH_ClearStatusFlag
                0x080021a4       0x20 ./Dave/Generated/SPI_MASTER/spi_master.o
 .text.SPI_MASTER_Init
                0x080021c4       0x20 ./Dave/Generated/SPI_MASTER/spi_master.o
                0x080021c4                SPI_MASTER_Init
 .text.SPI_MASTER_Receive
                0x080021e4       0x34 ./Dave/Generated/SPI_MASTER/spi_master.o
                0x080021e4                SPI_MASTER_Receive
 .text.SPI_MASTER_lStartReceivePolling
                0x08002218       0x98 ./Dave/Generated/SPI_MASTER/spi_master.o
 .text.SPI_MASTER_lReceivePolling
                0x080022b0      0x400 ./Dave/Generated/SPI_MASTER/spi_master.o
 .text.SPI_MASTER_lStdRBUFFlush
                0x080026b0       0x1c ./Dave/Generated/SPI_MASTER/spi_master.o
 .text.XMC_USIC_CH_SetInputSource
                0x080026cc       0x3c ./Dave/Generated/SPI_MASTER/spi_master_conf.o
 .text.XMC_USIC_CH_SetWordLength
                0x08002708       0x2c ./Dave/Generated/SPI_MASTER/spi_master_conf.o
 .text.XMC_USIC_CH_SetFrameLength
                0x08002734       0x2c ./Dave/Generated/SPI_MASTER/spi_master_conf.o
 .text.XMC_USIC_CH_ConfigureShiftClockOutput
                0x08002760       0x2c ./Dave/Generated/SPI_MASTER/spi_master_conf.o
 .text.XMC_USIC_CH_SetMode
                0x0800278c       0x28 ./Dave/Generated/SPI_MASTER/spi_master_conf.o
 .text.XMC_SPI_CH_Start
                0x080027b4       0x18 ./Dave/Generated/SPI_MASTER/spi_master_conf.o
 .text.XMC_SPI_CH_SetBitOrderMsbFirst
                0x080027cc       0x20 ./Dave/Generated/SPI_MASTER/spi_master_conf.o
 .text.XMC_SPI_CH_SetSlaveSelectDelay
                0x080027ec       0x2c ./Dave/Generated/SPI_MASTER/spi_master_conf.o
 .text.XMC_SPI_CH_DisableFEM
                0x08002818       0x20 ./Dave/Generated/SPI_MASTER/spi_master_conf.o
 .text.XMC_SPI_CH_ConfigureShiftClockOutput
                0x08002838       0x1c ./Dave/Generated/SPI_MASTER/spi_master_conf.o
 .text.XMC_SPI_CH_SetWordLength
                0x08002854       0x1c ./Dave/Generated/SPI_MASTER/spi_master_conf.o
 .text.XMC_SPI_CH_SetFrameLength
                0x08002870       0x1c ./Dave/Generated/SPI_MASTER/spi_master_conf.o
 .text.XMC_SPI_CH_SetInputSource
                0x0800288c       0x44 ./Dave/Generated/SPI_MASTER/spi_master_conf.o
 .text.SPI_MASTER_0_lInit
                0x080028d0       0xb4 ./Dave/Generated/SPI_MASTER/spi_master_conf.o
 .text.XMC_CCU8_EnableClock
                0x08002984       0x28 ./Dave/Generated/PWM_SVM/pwm_svm.o
 .text.XMC_CCU8_SLICE_EnableTrap
                0x080029ac       0x24 ./Dave/Generated/PWM_SVM/pwm_svm.o
 .text.XMC_CCU8_EnableShadowTransfer
                0x080029d0       0x1c ./Dave/Generated/PWM_SVM/pwm_svm.o
 .text.XMC_CCU8_SLICE_SetTimerValue
                0x080029ec       0x1c ./Dave/Generated/PWM_SVM/pwm_svm.o
 .text.XMC_CCU8_SLICE_EnableEvent
                0x08002a08       0x2c ./Dave/Generated/PWM_SVM/pwm_svm.o
 .text.XMC_CCU8_SLICE_ClearEvent
                0x08002a34       0x2c ./Dave/Generated/PWM_SVM/pwm_svm.o
 .text.XMC_SCU_SetCcuTriggerHigh
                0x08002a60       0x24 ./Dave/Generated/PWM_SVM/pwm_svm.o
 .text.XMC_SCU_SetCcuTriggerLow
                0x08002a84       0x24 ./Dave/Generated/PWM_SVM/pwm_svm.o
 .text.XMC_GPIO_SetOutputHigh
                0x08002aa8       0x20 ./Dave/Generated/PWM_SVM/pwm_svm.o
 .text.XMC_GPIO_SetOutputLow
                0x08002ac8       0x24 ./Dave/Generated/PWM_SVM/pwm_svm.o
 .text.PWM_SVM_lEnableEvent
                0x08002aec       0x44 ./Dave/Generated/PWM_SVM/pwm_svm.o
                0x08002aec                PWM_SVM_lEnableEvent
 .text.PWM_SVM_InverterDisable
                0x08002b30       0x4c ./Dave/Generated/PWM_SVM/pwm_svm.o
                0x08002b30                PWM_SVM_InverterDisable
 .text.PWM_SVM_InverterEnable
                0x08002b7c       0x4c ./Dave/Generated/PWM_SVM/pwm_svm.o
                0x08002b7c                PWM_SVM_InverterEnable
 .text.PWM_SVM_Init
                0x08002bc8      0x298 ./Dave/Generated/PWM_SVM/pwm_svm.o
                0x08002bc8                PWM_SVM_Init
 .text.PWM_SVM_Start
                0x08002e60      0x294 ./Dave/Generated/PWM_SVM/pwm_svm.o
                0x08002e60                PWM_SVM_Start
 .text.__NVIC_GetPriorityGrouping
                0x080030f4       0x1c ./Dave/Generated/PIN_INTERRUPT/pin_interrupt.o
 .text.__NVIC_EnableIRQ
                0x08003110       0x38 ./Dave/Generated/PIN_INTERRUPT/pin_interrupt.o
 .text.__NVIC_ClearPendingIRQ
                0x08003148       0x3c ./Dave/Generated/PIN_INTERRUPT/pin_interrupt.o
 .text.__NVIC_SetPriority
                0x08003184       0x54 ./Dave/Generated/PIN_INTERRUPT/pin_interrupt.o
 .text.NVIC_EncodePriority
                0x080031d8       0x64 ./Dave/Generated/PIN_INTERRUPT/pin_interrupt.o
 .text.PIN_INTERRUPT_Init
                0x0800323c       0xa0 ./Dave/Generated/PIN_INTERRUPT/pin_interrupt.o
                0x0800323c                PIN_INTERRUPT_Init
 .text.__NVIC_GetPriorityGrouping
                0x080032dc       0x1c ./Dave/Generated/INTERRUPT/interrupt.o
 .text.__NVIC_EnableIRQ
                0x080032f8       0x38 ./Dave/Generated/INTERRUPT/interrupt.o
 .text.__NVIC_SetPriority
                0x08003330       0x54 ./Dave/Generated/INTERRUPT/interrupt.o
 .text.NVIC_EncodePriority
                0x08003384       0x64 ./Dave/Generated/INTERRUPT/interrupt.o
 .text.INTERRUPT_Enable
                0x080033e8       0x1c ./Dave/Generated/INTERRUPT/interrupt.o
 .text.INTERRUPT_Init
                0x08003404       0x4c ./Dave/Generated/INTERRUPT/interrupt.o
                0x08003404                INTERRUPT_Init
 .text.XMC_CCU8_StartPrescaler
                0x08003450       0x20 ./Dave/Generated/GLOBAL_CCU8/global_ccu8.o
 .text.GLOBAL_CCU8_Init
                0x08003470       0x40 ./Dave/Generated/GLOBAL_CCU8/global_ccu8.o
                0x08003470                GLOBAL_CCU8_Init
 .text.XMC_CCU4_StartPrescaler
                0x080034b0       0x20 ./Dave/Generated/GLOBAL_CCU4/global_ccu4.o
 .text.GLOBAL_CCU4_Init
                0x080034d0       0x40 ./Dave/Generated/GLOBAL_CCU4/global_ccu4.o
                0x080034d0                GLOBAL_CCU4_Init
 .text.GLOBAL_CAN_Init
                0x08003510       0x40 ./Dave/Generated/GLOBAL_CAN/global_can.o
                0x08003510                GLOBAL_CAN_Init
 .text.DIGITAL_IO_Init
                0x08003550       0x40 ./Dave/Generated/DIGITAL_IO/digital_io.o
                0x08003550                DIGITAL_IO_Init
 .text.__NVIC_SetPriorityGrouping
                0x08003590       0x48 ./Dave/Generated/CPU_CTRL_XMC4/cpu_ctrl_xmc4_conf.o
 .text.SystemCoreSetup
                0x080035d8       0xa0 ./Dave/Generated/CPU_CTRL_XMC4/cpu_ctrl_xmc4_conf.o
                0x080035d8                SystemCoreSetup
 .text.CLOCK_XMC4_Init
                0x08003678       0x20 ./Dave/Generated/CLOCK_XMC4/clock_xmc4.o
                0x08003678                CLOCK_XMC4_Init
 .text.OSCHP_GetFrequency
                0x08003698       0x14 ./Dave/Generated/CLOCK_XMC4/clock_xmc4.o
                0x08003698                OSCHP_GetFrequency
 .text.SystemCoreClockSetup
                0x080036ac       0x54 ./Dave/Generated/CLOCK_XMC4/clock_xmc4_conf.o
                0x080036ac                SystemCoreClockSetup
 .text.XMC_CAN_NODE_SetEventNodePointer
                0x08003700       0x38 ./Dave/Generated/CAN_NODE/can_node.o
 .text.XMC_CAN_NODE_SetReceiveInput
                0x08003738       0x2c ./Dave/Generated/CAN_NODE/can_node.o
 .text.XMC_CAN_NODE_EnableLoopBack
                0x08003764       0x20 ./Dave/Generated/CAN_NODE/can_node.o
 .text.XMC_CAN_NODE_EnableConfigurationChange
                0x08003784       0x20 ./Dave/Generated/CAN_NODE/can_node.o
 .text.XMC_CAN_NODE_DisableConfigurationChange
                0x080037a4       0x20 ./Dave/Generated/CAN_NODE/can_node.o
 .text.XMC_CAN_NODE_SetInitBit
                0x080037c4       0x20 ./Dave/Generated/CAN_NODE/can_node.o
 .text.XMC_CAN_NODE_ResetInitBit
                0x080037e4       0x20 ./Dave/Generated/CAN_NODE/can_node.o
 .text.XMC_CAN_MO_SetEventNodePointer
                0x08003804       0x3c ./Dave/Generated/CAN_NODE/can_node.o
 .text.XMC_CAN_MO_EnableEvent
                0x08003840       0x24 ./Dave/Generated/CAN_NODE/can_node.o
 .text.CAN_NODE_MO_EnableTxEvent
                0x08003864       0x1c ./Dave/Generated/CAN_NODE/can_node.o
 .text.CAN_NODE_MO_EnableRxEvent
                0x08003880       0x1c ./Dave/Generated/CAN_NODE/can_node.o
 .text.CAN_NODE_SetNodeEvents
                0x0800389c       0x74 ./Dave/Generated/CAN_NODE/can_node.o
 .text.CAN_NODE_SetNodePointer
                0x08003910       0x68 ./Dave/Generated/CAN_NODE/can_node.o
 .text.CAN_NODE_MO_Init
                0x08003978       0x58 ./Dave/Generated/CAN_NODE/can_node.o
                0x08003978                CAN_NODE_MO_Init
 .text.CAN_NODE_MO_Transmit
                0x080039d0       0x24 ./Dave/Generated/CAN_NODE/can_node.o
                0x080039d0                CAN_NODE_MO_Transmit
 .text.CAN_NODE_MO_Receive
                0x080039f4       0x24 ./Dave/Generated/CAN_NODE/can_node.o
                0x080039f4                CAN_NODE_MO_Receive
 .text.CAN_NODE_MO_UpdateData
                0x08003a18       0x40 ./Dave/Generated/CAN_NODE/can_node.o
                0x08003a18                CAN_NODE_MO_UpdateData
 .text.CAN_NODE_Init
                0x08003a58      0x130 ./Dave/Generated/CAN_NODE/can_node.o
                0x08003a58                CAN_NODE_Init
 .text.XMC_GPIO_SetOutputLevel
                0x08003b88       0x24 ./Dave/Generated/BUS_IO/bus_io.o
 .text.BUS_IO_Init
                0x08003bac       0x64 ./Dave/Generated/BUS_IO/bus_io.o
                0x08003bac                BUS_IO_Init
 .text.BUS_IO_Write
                0x08003c10       0x70 ./Dave/Generated/BUS_IO/bus_io.o
                0x08003c10                BUS_IO_Write
 .text.DAVE_Init
                0x08003c80      0x1b4 ./Dave/Generated/DAVE.o
                0x08003c80                DAVE_Init
 .text.CAN0_1_IRQHandler
                0x08003e34      0x100 ./CAN.o
                0x08003e34                CAN0_1_IRQHandler
 .text.CAN0_0_IRQHandler
                0x08003f34       0x58 ./CAN.o
                0x08003f34                CAN0_0_IRQHandler
 *fill*         0x08003f8c        0x4 
 .text.CAN_send
                0x08003f90      0x178 ./CAN.o
                0x08003f90                CAN_send
 .text.XMC_GPIO_GetInput
                0x08004108       0x28 ./Hall_Sensors.o
 .text.PIN_INTERRUPT_GetPinValue
                0x08004130       0x24 ./Hall_Sensors.o
 .text.CCU43_0_IRQHandler
                0x08004154       0x38 ./Hall_Sensors.o
                0x08004154                CCU43_0_IRQHandler
 .text.ERU1_2_IRQHandler
                0x0800418c       0x64 ./Hall_Sensors.o
                0x0800418c                ERU1_2_IRQHandler
 .text.ERU1_0_IRQHandler
                0x080041f0       0x2c ./Hall_Sensors.o
                0x080041f0                ERU1_0_IRQHandler
 .text.ERU1_3_IRQHandler
                0x0800421c       0x2c ./Hall_Sensors.o
                0x0800421c                ERU1_3_IRQHandler
 .text.Hall_init
                0x08004248       0x9c ./Hall_Sensors.o
                0x08004248                Hall_init
 .text.HallSensor
                0x080042e4       0xdc ./Hall_Sensors.o
                0x080042e4                HallSensor
 .text.Hall_postion_speed_estimation
                0x080043c0      0x398 ./Hall_Sensors.o
                0x080043c0                Hall_postion_speed_estimation
 .text.omega_param_selctor
                0x08004758      0x104 ./PI_Controller.o
                0x08004758                omega_param_selctor
 *fill*         0x0800485c        0x4 
 .text.PI_Controller
                0x08004860      0x110 ./PI_Controller.o
                0x08004860                PI_Controller
 .text.readCurrent
                0x08004970       0xa8 ./Read_Current_Sensor.o
                0x08004970                readCurrent
 .text.XMC_GPIO_SetOutputHigh
                0x08004a18       0x20 ./main.o
 .text.XMC_GPIO_SetOutputLow
                0x08004a38       0x24 ./main.o
 .text.DIGITAL_IO_SetOutputHigh
                0x08004a5c       0x20 ./main.o
 .text.DIGITAL_IO_SetOutputLow
                0x08004a7c       0x20 ./main.o
 .text.main     0x08004a9c       0x94 ./main.o
                0x08004a9c                main
 .text.CCU43_1_IRQHandler
                0x08004b30        0xc ./main.o
                0x08004b30                CCU43_1_IRQHandler
 .text.CCU80_3_IRQHandler
                0x08004b3c       0x68 ./main.o
                0x08004b3c                CCU80_3_IRQHandler
 *fill*         0x08004ba4        0x4 
 .text.Control_calc
                0x08004ba8      0x730 ./main.o
                0x08004ba8                Control_calc
 .text.copysign
                0x080052d8       0x10 c:/dave/dave-ide-4.4.2-64bit/dave-ide-4.4.2-64bit/eclipse/arm-gcc-49/bin/../lib/gcc/arm-none-eabi/4.9.3/../../../../arm-none-eabi/lib/armv7e-m/softfp\libm.a(lib_a-s_copysign.o)
                0x080052d8                copysign
 .text.atanf    0x080052e8      0x1bc c:/dave/dave-ide-4.4.2-64bit/dave-ide-4.4.2-64bit/eclipse/arm-gcc-49/bin/../lib/gcc/arm-none-eabi/4.9.3/../../../../arm-none-eabi/lib/armv7e-m/softfp\libm.a(lib_a-sf_atan.o)
                0x080052e8                atanf
 .text.cosf     0x080054a4       0x8c c:/dave/dave-ide-4.4.2-64bit/dave-ide-4.4.2-64bit/eclipse/arm-gcc-49/bin/../lib/gcc/arm-none-eabi/4.9.3/../../../../arm-none-eabi/lib/armv7e-m/softfp\libm.a(lib_a-sf_cos.o)
                0x080054a4                cosf
 .text.fabsf    0x08005530        0x8 c:/dave/dave-ide-4.4.2-64bit/dave-ide-4.4.2-64bit/eclipse/arm-gcc-49/bin/../lib/gcc/arm-none-eabi/4.9.3/../../../../arm-none-eabi/lib/armv7e-m/softfp\libm.a(lib_a-sf_fabs.o)
                0x08005530                fabsf
 .text.sinf     0x08005538       0x9c c:/dave/dave-ide-4.4.2-64bit/dave-ide-4.4.2-64bit/eclipse/arm-gcc-49/bin/../lib/gcc/arm-none-eabi/4.9.3/../../../../arm-none-eabi/lib/armv7e-m/softfp\libm.a(lib_a-sf_sin.o)
                0x08005538                sinf
 .text.sqrtf    0x080055d4       0xb0 c:/dave/dave-ide-4.4.2-64bit/dave-ide-4.4.2-64bit/eclipse/arm-gcc-49/bin/../lib/gcc/arm-none-eabi/4.9.3/../../../../arm-none-eabi/lib/armv7e-m/softfp\libm.a(lib_a-wf_sqrt.o)
                0x080055d4                sqrtf
 .text.__ieee754_rem_pio2f
                0x08005684      0x298 c:/dave/dave-ide-4.4.2-64bit/dave-ide-4.4.2-64bit/eclipse/arm-gcc-49/bin/../lib/gcc/arm-none-eabi/4.9.3/../../../../arm-none-eabi/lib/armv7e-m/softfp\libm.a(lib_a-ef_rem_pio2.o)
                0x08005684                __ieee754_rem_pio2f
 .text.__ieee754_sqrtf
                0x0800591c       0xac c:/dave/dave-ide-4.4.2-64bit/dave-ide-4.4.2-64bit/eclipse/arm-gcc-49/bin/../lib/gcc/arm-none-eabi/4.9.3/../../../../arm-none-eabi/lib/armv7e-m/softfp\libm.a(lib_a-ef_sqrt.o)
                0x0800591c                __ieee754_sqrtf
 .text.__kernel_cosf
                0x080059c8      0x114 c:/dave/dave-ide-4.4.2-64bit/dave-ide-4.4.2-64bit/eclipse/arm-gcc-49/bin/../lib/gcc/arm-none-eabi/4.9.3/../../../../arm-none-eabi/lib/armv7e-m/softfp\libm.a(lib_a-kf_cos.o)
                0x080059c8                __kernel_cosf
 .text.__kernel_rem_pio2f
                0x08005adc      0x628 c:/dave/dave-ide-4.4.2-64bit/dave-ide-4.4.2-64bit/eclipse/arm-gcc-49/bin/../lib/gcc/arm-none-eabi/4.9.3/../../../../arm-none-eabi/lib/armv7e-m/softfp\libm.a(lib_a-kf_rem_pio2.o)
                0x08005adc                __kernel_rem_pio2f
 .text.__kernel_sinf
                0x08006104       0x9c c:/dave/dave-ide-4.4.2-64bit/dave-ide-4.4.2-64bit/eclipse/arm-gcc-49/bin/../lib/gcc/arm-none-eabi/4.9.3/../../../../arm-none-eabi/lib/armv7e-m/softfp\libm.a(lib_a-kf_sin.o)
                0x08006104                __kernel_sinf
 .text.matherr  0x080061a0        0x4 c:/dave/dave-ide-4.4.2-64bit/dave-ide-4.4.2-64bit/eclipse/arm-gcc-49/bin/../lib/gcc/arm-none-eabi/4.9.3/../../../../arm-none-eabi/lib/armv7e-m/softfp\libm.a(lib_a-s_matherr.o)
                0x080061a0                matherr
 .text.floorf   0x080061a4       0xb4 c:/dave/dave-ide-4.4.2-64bit/dave-ide-4.4.2-64bit/eclipse/arm-gcc-49/bin/../lib/gcc/arm-none-eabi/4.9.3/../../../../arm-none-eabi/lib/armv7e-m/softfp\libm.a(lib_a-sf_floor.o)
                0x080061a4                floorf
 .text.__fpclassifyf
                0x08006258       0x34 c:/dave/dave-ide-4.4.2-64bit/dave-ide-4.4.2-64bit/eclipse/arm-gcc-49/bin/../lib/gcc/arm-none-eabi/4.9.3/../../../../arm-none-eabi/lib/armv7e-m/softfp\libm.a(lib_a-sf_fpclassify.o)
                0x08006258                __fpclassifyf
 .text.scalbnf  0x0800628c      0x100 c:/dave/dave-ide-4.4.2-64bit/dave-ide-4.4.2-64bit/eclipse/arm-gcc-49/bin/../lib/gcc/arm-none-eabi/4.9.3/../../../../arm-none-eabi/lib/armv7e-m/softfp\libm.a(lib_a-sf_scalbn.o)
                0x0800628c                scalbnf
 .text.copysignf
                0x0800638c        0xc c:/dave/dave-ide-4.4.2-64bit/dave-ide-4.4.2-64bit/eclipse/arm-gcc-49/bin/../lib/gcc/arm-none-eabi/4.9.3/../../../../arm-none-eabi/lib/armv7e-m/softfp\libm.a(lib_a-sf_copysign.o)
                0x0800638c                copysignf
 .text          0x08006398      0x370 c:/dave/dave-ide-4.4.2-64bit/dave-ide-4.4.2-64bit/eclipse/arm-gcc-49/bin/../lib/gcc/arm-none-eabi/4.9.3/armv7e-m/softfp\libgcc.a(_arm_addsubdf3.o)
                0x08006398                __aeabi_drsub
                0x080063a0                __aeabi_dsub
                0x080063a0                __subdf3
                0x080063a4                __aeabi_dadd
                0x080063a4                __adddf3
                0x0800661c                __floatunsidf
                0x0800661c                __aeabi_ui2d
                0x0800663c                __floatsidf
                0x0800663c                __aeabi_i2d
                0x08006660                __aeabi_f2d
                0x08006660                __extendsfdf2
                0x0800669c                __floatundidf
                0x0800669c                __aeabi_ul2d
                0x080066ac                __floatdidf
                0x080066ac                __aeabi_l2d
 .text          0x08006708      0x424 c:/dave/dave-ide-4.4.2-64bit/dave-ide-4.4.2-64bit/eclipse/arm-gcc-49/bin/../lib/gcc/arm-none-eabi/4.9.3/armv7e-m/softfp\libgcc.a(_arm_muldivdf3.o)
                0x08006708                __aeabi_dmul
                0x08006708                __muldf3
                0x0800695c                __divdf3
                0x0800695c                __aeabi_ddiv
 .text          0x08006b2c      0x110 c:/dave/dave-ide-4.4.2-64bit/dave-ide-4.4.2-64bit/eclipse/arm-gcc-49/bin/../lib/gcc/arm-none-eabi/4.9.3/armv7e-m/softfp\libgcc.a(_arm_cmpdf2.o)
                0x08006b2c                __gtdf2
                0x08006b2c                __gedf2
                0x08006b34                __ltdf2
                0x08006b34                __ledf2
                0x08006b3c                __nedf2
                0x08006b3c                __eqdf2
                0x08006b3c                __cmpdf2
                0x08006bb8                __aeabi_cdrcmple
                0x08006bc8                __aeabi_cdcmpeq
                0x08006bc8                __aeabi_cdcmple
                0x08006bd8                __aeabi_dcmpeq
                0x08006bec                __aeabi_dcmplt
                0x08006c00                __aeabi_dcmple
                0x08006c14                __aeabi_dcmpge
                0x08006c28                __aeabi_dcmpgt
 .text          0x08006c3c       0xa0 c:/dave/dave-ide-4.4.2-64bit/dave-ide-4.4.2-64bit/eclipse/arm-gcc-49/bin/../lib/gcc/arm-none-eabi/4.9.3/armv7e-m/softfp\libgcc.a(_arm_truncdfsf2.o)
                0x08006c3c                __truncdfsf2
                0x08006c3c                __aeabi_d2f
 .text.__errno  0x08006cdc        0xc c:/dave/dave-ide-4.4.2-64bit/dave-ide-4.4.2-64bit/eclipse/arm-gcc-49/bin/../lib/gcc/arm-none-eabi/4.9.3/../../../../arm-none-eabi/lib/armv7e-m/softfp\libg_nano.a(lib_a-errno.o)
                0x08006cdc                __errno
 .text.__libc_init_array
                0x08006ce8       0x4c c:/dave/dave-ide-4.4.2-64bit/dave-ide-4.4.2-64bit/eclipse/arm-gcc-49/bin/../lib/gcc/arm-none-eabi/4.9.3/../../../../arm-none-eabi/lib/armv7e-m/softfp\libg_nano.a(lib_a-init.o)
                0x08006ce8                __libc_init_array
 *fill*         0x08006d34        0x4 
 .text.__libc_init_array.__stub
                0x08006d38       0x10 linker stubs
 *(.init)
 *(.fini)
 *crtbegin.o(.ctors)
 *crtbegin?.o(.ctors)
 *(EXCLUDE_FILE(*crtend.o *crtend?.o) .ctors)
 *(SORT(.ctors.*))
 *(.ctors)
 *crtbegin.o(.dtors)
 *crtbegin?.o(.dtors)
 *(EXCLUDE_FILE(*crtend.o *crtend?.o) .dtors)
 *(SORT(.dtors.*))
 *(.dtors)
 *(.rodata .rodata.*)
 .rodata.SPI_MASTER_0_MOSI
                0x08006d48        0x8 ./Dave/Generated/SPI_MASTER/spi_master_conf.o
                0x08006d48                SPI_MASTER_0_MOSI
 .rodata.SPI_MASTER_0_MISO
                0x08006d50        0x8 ./Dave/Generated/SPI_MASTER/spi_master_conf.o
                0x08006d50                SPI_MASTER_0_MISO
 .rodata.SPI_MASTER_0_SCLKOUT
                0x08006d58        0x8 ./Dave/Generated/SPI_MASTER/spi_master_conf.o
                0x08006d58                SPI_MASTER_0_SCLKOUT
 .rodata.SPI_MASTER_0_SCLKOUT_Config
                0x08006d60       0x14 ./Dave/Generated/SPI_MASTER/spi_master_conf.o
                0x08006d60                SPI_MASTER_0_SCLKOUT_Config
 .rodata.SPI_MASTER_0_Config
                0x08006d74       0x8c ./Dave/Generated/SPI_MASTER/spi_master_conf.o
                0x08006d74                SPI_MASTER_0_Config
 .rodata.PWM_SVM_0_PhUHighPin
                0x08006e00        0x8 ./Dave/Generated/PWM_SVM/pwm_svm_conf.o
                0x08006e00                PWM_SVM_0_PhUHighPin
 .rodata.PWM_SVM_0_PhULowPin
                0x08006e08        0x8 ./Dave/Generated/PWM_SVM/pwm_svm_conf.o
                0x08006e08                PWM_SVM_0_PhULowPin
 .rodata.PWM_SVM_0_PhVHighPin
                0x08006e10        0x8 ./Dave/Generated/PWM_SVM/pwm_svm_conf.o
                0x08006e10                PWM_SVM_0_PhVHighPin
 .rodata.PWM_SVM_0_PhVLowPin
                0x08006e18        0x8 ./Dave/Generated/PWM_SVM/pwm_svm_conf.o
                0x08006e18                PWM_SVM_0_PhVLowPin
 .rodata.PWM_SVM_0_PhWHighPin
                0x08006e20        0x8 ./Dave/Generated/PWM_SVM/pwm_svm_conf.o
                0x08006e20                PWM_SVM_0_PhWHighPin
 .rodata.PWM_SVM_0_PhWLowPin
                0x08006e28        0x8 ./Dave/Generated/PWM_SVM/pwm_svm_conf.o
                0x08006e28                PWM_SVM_0_PhWLowPin
 .rodata.PWM_SVM_0_PhUHiOutPinConf
                0x08006e30        0xc ./Dave/Generated/PWM_SVM/pwm_svm_conf.o
                0x08006e30                PWM_SVM_0_PhUHiOutPinConf
 .rodata.PWM_SVM_0_PhULoOutPinConf
                0x08006e3c        0xc ./Dave/Generated/PWM_SVM/pwm_svm_conf.o
                0x08006e3c                PWM_SVM_0_PhULoOutPinConf
 .rodata.PWM_SVM_0_PhVHiOutPinConf
                0x08006e48        0xc ./Dave/Generated/PWM_SVM/pwm_svm_conf.o
                0x08006e48                PWM_SVM_0_PhVHiOutPinConf
 .rodata.PWM_SVM_0_PhVLoOutPinConf
                0x08006e54        0xc ./Dave/Generated/PWM_SVM/pwm_svm_conf.o
                0x08006e54                PWM_SVM_0_PhVLoOutPinConf
 .rodata.PWM_SVM_0_PhWHiOutPinConf
                0x08006e60        0xc ./Dave/Generated/PWM_SVM/pwm_svm_conf.o
                0x08006e60                PWM_SVM_0_PhWHiOutPinConf
 .rodata.PWM_SVM_0_PhWLoOutPinConf
                0x08006e6c        0xc ./Dave/Generated/PWM_SVM/pwm_svm_conf.o
                0x08006e6c                PWM_SVM_0_PhWLoOutPinConf
 .rodata.PWM_SVM_0_PhU
                0x08006e78        0x8 ./Dave/Generated/PWM_SVM/pwm_svm_conf.o
                0x08006e78                PWM_SVM_0_PhU
 .rodata.PWM_SVM_0_PhV
                0x08006e80        0x8 ./Dave/Generated/PWM_SVM/pwm_svm_conf.o
                0x08006e80                PWM_SVM_0_PhV
 .rodata.PWM_SVM_0_PhW
                0x08006e88        0x8 ./Dave/Generated/PWM_SVM/pwm_svm_conf.o
                0x08006e88                PWM_SVM_0_PhW
 .rodata.PWM_SVM_0_CurrentTrig
                0x08006e90        0x8 ./Dave/Generated/PWM_SVM/pwm_svm_conf.o
                0x08006e90                PWM_SVM_0_CurrentTrig
 .rodata.PWM_SVM_0_StartConfig
                0x08006e98        0x4 ./Dave/Generated/PWM_SVM/pwm_svm_conf.o
                0x08006e98                PWM_SVM_0_StartConfig
 .rodata.PWM_SVM_0_TimerInitHandle
                0x08006e9c       0x10 ./Dave/Generated/PWM_SVM/pwm_svm_conf.o
                0x08006e9c                PWM_SVM_0_TimerInitHandle
 .rodata.PWM_SVM_0_TimerInit_CurrentTrig
                0x08006eac       0x10 ./Dave/Generated/PWM_SVM/pwm_svm_conf.o
                0x08006eac                PWM_SVM_0_TimerInit_CurrentTrig
 .rodata.PWM_SVM_0_AppConfig
                0x08006ebc       0x4c ./Dave/Generated/PWM_SVM/pwm_svm_conf.o
                0x08006ebc                PWM_SVM_0_AppConfig
 .rodata.Sinus60_tab
                0x08006f08      0x804 ./Dave/Generated/PWM_SVM/pwm_svm_table.o
                0x08006f08                Sinus60_tab
 .rodata.OverCurrent_U
                0x0800770c       0x24 ./Dave/Generated/PIN_INTERRUPT/pin_interrupt_conf.o
                0x0800770c                OverCurrent_U
 .rodata.OverCurrent_V
                0x08007730       0x24 ./Dave/Generated/PIN_INTERRUPT/pin_interrupt_conf.o
                0x08007730                OverCurrent_V
 .rodata.OverCurrent_W
                0x08007754       0x24 ./Dave/Generated/PIN_INTERRUPT/pin_interrupt_conf.o
                0x08007754                OverCurrent_W
 .rodata.Hall_A_ISR
                0x08007778       0x24 ./Dave/Generated/PIN_INTERRUPT/pin_interrupt_conf.o
                0x08007778                Hall_A_ISR
 .rodata.Hall_B_ISR
                0x0800779c       0x24 ./Dave/Generated/PIN_INTERRUPT/pin_interrupt_conf.o
                0x0800779c                Hall_B_ISR
 .rodata.Hall_C_ISR
                0x080077c0       0x24 ./Dave/Generated/PIN_INTERRUPT/pin_interrupt_conf.o
                0x080077c0                Hall_C_ISR
 .rodata.INTERRUPT_0
                0x080077e4        0x4 ./Dave/Generated/INTERRUPT/interrupt_conf.o
                0x080077e4                INTERRUPT_0
 .rodata.Time_Counter
                0x080077e8        0x4 ./Dave/Generated/INTERRUPT/interrupt_conf.o
                0x080077e8                Time_Counter
 .rodata.calc_ISR
                0x080077ec        0x4 ./Dave/Generated/INTERRUPT/interrupt_conf.o
                0x080077ec                calc_ISR
 .rodata.CAN_RX_MO2
                0x080077f0        0x4 ./Dave/Generated/INTERRUPT/interrupt_conf.o
                0x080077f0                CAN_RX_MO2
 .rodata.INTERRUPT_1
                0x080077f4        0x4 ./Dave/Generated/INTERRUPT/interrupt_conf.o
                0x080077f4                INTERRUPT_1
 .rodata.CAN_RX_MO7
                0x080077f8        0x4 ./Dave/Generated/INTERRUPT/interrupt_conf.o
                0x080077f8                CAN_RX_MO7
 .rodata.status_LED_green
                0x080077fc       0x14 ./Dave/Generated/DIGITAL_IO/digital_io_conf.o
                0x080077fc                status_LED_green
 .rodata.status_LED_red_cal_time
                0x08007810       0x14 ./Dave/Generated/DIGITAL_IO/digital_io_conf.o
                0x08007810                status_LED_red_cal_time
 .rodata        0x08007824       0x14 ./Dave/Generated/CLOCK_XMC4/clock_xmc4_conf.o
 .rodata.CAN_NODE_0_gpio_out
                0x08007838        0x8 ./Dave/Generated/CAN_NODE/can_node_conf.o
                0x08007838                CAN_NODE_0_gpio_out
 .rodata.CAN_NODE_0_gpio_out_config
                0x08007840        0xc ./Dave/Generated/CAN_NODE/can_node_conf.o
                0x08007840                CAN_NODE_0_gpio_out_config
 .rodata.CAN_NODE_0_gpio_in
                0x0800784c        0x8 ./Dave/Generated/CAN_NODE/can_node_conf.o
                0x0800784c                CAN_NODE_0_gpio_in
 .rodata.CAN_NODE_0_gpio_in_config
                0x08007854        0xc ./Dave/Generated/CAN_NODE/can_node_conf.o
                0x08007854                CAN_NODE_0_gpio_in_config
 .rodata.CAN_NODE_0_sr
                0x08007860        0x4 ./Dave/Generated/CAN_NODE/can_node_conf.o
                0x08007860                CAN_NODE_0_sr
 .rodata.CAN_NODE_0_LMO_01_Config
                0x08007864        0xc ./Dave/Generated/CAN_NODE/can_node_conf.o
                0x08007864                CAN_NODE_0_LMO_01_Config
 .rodata.CAN_NODE_0_LMO_02_Config
                0x08007870        0xc ./Dave/Generated/CAN_NODE/can_node_conf.o
                0x08007870                CAN_NODE_0_LMO_02_Config
 .rodata.CAN_NODE_0_LMO_03_Config
                0x0800787c        0xc ./Dave/Generated/CAN_NODE/can_node_conf.o
                0x0800787c                CAN_NODE_0_LMO_03_Config
 .rodata.CAN_NODE_0_LMO_04_Config
                0x08007888        0xc ./Dave/Generated/CAN_NODE/can_node_conf.o
                0x08007888                CAN_NODE_0_LMO_04_Config
 .rodata.CAN_NODE_0_LMO_05_Config
                0x08007894        0xc ./Dave/Generated/CAN_NODE/can_node_conf.o
                0x08007894                CAN_NODE_0_LMO_05_Config
 .rodata.CAN_NODE_0_LMO_06_Config
                0x080078a0        0xc ./Dave/Generated/CAN_NODE/can_node_conf.o
                0x080078a0                CAN_NODE_0_LMO_06_Config
 .rodata.CAN_NODE_0_LMO_07_Config
                0x080078ac        0xc ./Dave/Generated/CAN_NODE/can_node_conf.o
                0x080078ac                CAN_NODE_0_LMO_07_Config
 .rodata.CAN_NODE_0
                0x080078b8       0xa8 ./Dave/Generated/CAN_NODE/can_node_conf.o
                0x080078b8                CAN_NODE_0
 .rodata.SPI_ChipSelect_pin_list
                0x08007960       0x18 ./Dave/Generated/BUS_IO/bus_io_conf.o
                0x08007960                SPI_ChipSelect_pin_list
 .rodata.atanlo
                0x08007978       0x10 c:/dave/dave-ide-4.4.2-64bit/dave-ide-4.4.2-64bit/eclipse/arm-gcc-49/bin/../lib/gcc/arm-none-eabi/4.9.3/../../../../arm-none-eabi/lib/armv7e-m/softfp\libm.a(lib_a-sf_atan.o)
 .rodata.atanhi
                0x08007988       0x10 c:/dave/dave-ide-4.4.2-64bit/dave-ide-4.4.2-64bit/eclipse/arm-gcc-49/bin/../lib/gcc/arm-none-eabi/4.9.3/../../../../arm-none-eabi/lib/armv7e-m/softfp\libm.a(lib_a-sf_atan.o)
 .rodata.str1.4
                0x08007998        0x8 c:/dave/dave-ide-4.4.2-64bit/dave-ide-4.4.2-64bit/eclipse/arm-gcc-49/bin/../lib/gcc/arm-none-eabi/4.9.3/../../../../arm-none-eabi/lib/armv7e-m/softfp\libm.a(lib_a-wf_sqrt.o)
 .rodata.npio2_hw
                0x080079a0       0x80 c:/dave/dave-ide-4.4.2-64bit/dave-ide-4.4.2-64bit/eclipse/arm-gcc-49/bin/../lib/gcc/arm-none-eabi/4.9.3/../../../../arm-none-eabi/lib/armv7e-m/softfp\libm.a(lib_a-ef_rem_pio2.o)
 .rodata.two_over_pi
                0x08007a20      0x318 c:/dave/dave-ide-4.4.2-64bit/dave-ide-4.4.2-64bit/eclipse/arm-gcc-49/bin/../lib/gcc/arm-none-eabi/4.9.3/../../../../arm-none-eabi/lib/armv7e-m/softfp\libm.a(lib_a-ef_rem_pio2.o)
 .rodata.init_jk
                0x08007d38        0xc c:/dave/dave-ide-4.4.2-64bit/dave-ide-4.4.2-64bit/eclipse/arm-gcc-49/bin/../lib/gcc/arm-none-eabi/4.9.3/../../../../arm-none-eabi/lib/armv7e-m/softfp\libm.a(lib_a-kf_rem_pio2.o)
 .rodata.PIo2   0x08007d44       0x2c c:/dave/dave-ide-4.4.2-64bit/dave-ide-4.4.2-64bit/eclipse/arm-gcc-49/bin/../lib/gcc/arm-none-eabi/4.9.3/../../../../arm-none-eabi/lib/armv7e-m/softfp\libm.a(lib_a-kf_rem_pio2.o)
 .rodata.str1.1
                0x08007d70        0x2 c:/dave/dave-ide-4.4.2-64bit/dave-ide-4.4.2-64bit/eclipse/arm-gcc-49/bin/../lib/gcc/arm-none-eabi/4.9.3/../../../../arm-none-eabi/lib/armv7e-m/softfp\libg_nano.a(lib_a-impure.o)
 *(.gnu.linkonce.r*)
 *(vtable)
                0x08007d74                . = ALIGN (0x4)
 *fill*         0x08007d72        0x2 

.glue_7         0x08007d74        0x0 load address 0x0c007d74
 .glue_7        0x00000000        0x0 linker stubs

.glue_7t        0x08007d74        0x0 load address 0x0c007d74
 .glue_7t       0x00000000        0x0 linker stubs

.vfp11_veneer   0x08007d74        0x0 load address 0x0c007d74
 .vfp11_veneer  0x00000000        0x0 linker stubs

.v4_bx          0x08007d74        0x0 load address 0x0c007d74
 .v4_bx         0x00000000        0x0 linker stubs

.iplt           0x08007d74        0x0 load address 0x0c007d74
 .iplt          0x00000000        0x0 ./Startup/startup_XMC4500.o

.eh_frame_hdr
 *(.eh_frame_hdr)

.eh_frame
 *(.eh_frame)

.ARM.extab
 *(.ARM.extab* .gnu.linkonce.armextab.*)
                0x08007d74                . = ALIGN (0x4)
                0x08007d74                __exidx_start = .

.ARM.exidx
 *(.ARM.exidx* .gnu.linkonce.armexidx.*)
                0x08007d74                __exidx_end = .
                0x08007d74                . = ALIGN (0x4)

Stack           0x10000000      0x800
                0x10000000                __stack_start = .
                0x10000800                . = (. + stack_size)
 *fill*         0x10000000      0x800 
                0x10000800                __stack_end = .
                0x10000800                __initial_sp = .

.ram_code       0x10000800      0x448 load address 0x0c007d74
                0x10000800                . = ALIGN (0x4)
                0x10000800                __ram_code_start = .
 *(.ram_code)
 .ram_code      0x10000800      0x448 ./Dave/Generated/PWM_SVM/pwm_svm.o
                0x10000960                PWM_SVM_CalCmpValueSym7
                0x100009f8                PWM_SVM_CalCmpValueSym5
                0x10000a78                PWM_SVM_TimecalcUsingLUT
                0x10000c00                PWM_SVM_SVMUpdate
                0x10000c48                . = ALIGN (0x4)
                0x10000c48                __ram_code_end = .
                0x0c007d74                __ram_code_load = LOADADDR (.ram_code)
                0x00000448                __ram_code_size = (__ram_code_end - __ram_code_start)

.rel.dyn        0x10000c48        0x0 load address 0x0c0081bc
 .rel.iplt      0x00000000        0x0 ./Startup/startup_XMC4500.o

PSRAM_DATA      0x10000c48        0x0 load address 0x0c0081bc
                0x10000c48                . = ALIGN (0x4)
                0x10000c48                __data3_start = .
 *(PSRAM_DATA)
                0x10000c48                . = ALIGN (0x4)
                0x10000c48                __data3_end = .
                0x0c0081bc                __data3_load = LOADADDR (PSRAM_DATA)
                0x00000000                __data3_size = (__data3_end - __data3_start)

PSRAM_BSS       0x10000c48        0x0 load address 0x0c0081bc
                0x10000c48                . = ALIGN (0x4)
                0x10000c48                __bss3_start = .
 *(PSRAM_BSS)
                0x10000c48                . = ALIGN (0x4)
                0x10000c48                __bss3_end = .
                0x10000c48                . = ALIGN (0x8)
                0x10000c48                Heap_Bank3_Start = .
                0x00000000                __bss3_size = (__bss3_end - __bss3_start)

.data           0x20000000      0x3c4 load address 0x0c0081bc
                0x20000000                . = ALIGN (0x4)
                0x20000000                __data_start = .
 *(.data)
 *(.data*)
 .data.TIMER_0  0x20000000       0x28 ./Dave/Generated/TIMER/timer_conf.o
                0x20000000                TIMER_0
 .data.TIMER_1  0x20000028       0x28 ./Dave/Generated/TIMER/timer_conf.o
                0x20000028                TIMER_1
 .data.dummy_data.8510
                0x20000050        0x4 ./Dave/Generated/SPI_MASTER/spi_master.o
 .data.SPI_MASTER_0_MOSI_Config
                0x20000054       0x14 ./Dave/Generated/SPI_MASTER/spi_master_conf.o
                0x20000054                SPI_MASTER_0_MOSI_Config
 .data.SPI_MASTER_0_Channel_Config
                0x20000068        0x8 ./Dave/Generated/SPI_MASTER/spi_master_conf.o
                0x20000068                SPI_MASTER_0_Channel_Config
 .data.SPI_MASTER_0_runtime
                0x20000070       0x24 ./Dave/Generated/SPI_MASTER/spi_master_conf.o
                0x20000070                SPI_MASTER_0_runtime
 .data.SPI_MASTER_0
                0x20000094        0xc ./Dave/Generated/SPI_MASTER/spi_master_conf.o
                0x20000094                SPI_MASTER_0
 .data.PWM_SVM_0_DeadTimeConfig
                0x200000a0        0xc ./Dave/Generated/PWM_SVM/pwm_svm_conf.o
                0x200000a0                PWM_SVM_0_DeadTimeConfig
 .data.PWM_SVM_0
                0x200000ac       0xcc ./Dave/Generated/PWM_SVM/pwm_svm_conf.o
                0x200000ac                PWM_SVM_0
 .data.GLOBAL_CCU8_0
                0x20000178       0x10 ./Dave/Generated/GLOBAL_CCU8/global_ccu8_conf.o
                0x20000178                GLOBAL_CCU8_0
 .data.GLOBAL_CCU4_0
                0x20000188       0x10 ./Dave/Generated/GLOBAL_CCU4/global_ccu4_conf.o
                0x20000188                GLOBAL_CCU4_0
 .data.GLOBAL_CAN_0
                0x20000198        0xc ./Dave/Generated/GLOBAL_CAN/global_can_conf.o
                0x20000198                GLOBAL_CAN_0
 .data.CAN_NODE_0_BitTimeConfig
                0x200001a4        0xc ./Dave/Generated/CAN_NODE/can_node_conf.o
                0x200001a4                CAN_NODE_0_BitTimeConfig
 .data.CAN_NODE_0_LMO_01
                0x200001b0       0x20 ./Dave/Generated/CAN_NODE/can_node_conf.o
                0x200001b0                CAN_NODE_0_LMO_01
 .data.CAN_NODE_0_LMO_02
                0x200001d0       0x20 ./Dave/Generated/CAN_NODE/can_node_conf.o
                0x200001d0                CAN_NODE_0_LMO_02
 .data.CAN_NODE_0_LMO_03
                0x200001f0       0x20 ./Dave/Generated/CAN_NODE/can_node_conf.o
                0x200001f0                CAN_NODE_0_LMO_03
 .data.CAN_NODE_0_LMO_04
                0x20000210       0x20 ./Dave/Generated/CAN_NODE/can_node_conf.o
                0x20000210                CAN_NODE_0_LMO_04
 .data.CAN_NODE_0_LMO_05
                0x20000230       0x20 ./Dave/Generated/CAN_NODE/can_node_conf.o
                0x20000230                CAN_NODE_0_LMO_05
 .data.CAN_NODE_0_LMO_06
                0x20000250       0x20 ./Dave/Generated/CAN_NODE/can_node_conf.o
                0x20000250                CAN_NODE_0_LMO_06
 .data.CAN_NODE_0_LMO_07
                0x20000270       0x20 ./Dave/Generated/CAN_NODE/can_node_conf.o
                0x20000270                CAN_NODE_0_LMO_07
 .data.SPI_ChipSelect
                0x20000290       0x14 ./Dave/Generated/BUS_IO/bus_io_conf.o
                0x20000290                SPI_ChipSelect
 .data.V_DC_link
                0x200002a4        0x4 ./Globals.o
                0x200002a4                V_DC_link
 .data.offset_pos
                0x200002a8        0x4 ./Hall_Sensors.o
                0x200002a8                offset_pos
 .data.offset_neg
                0x200002ac        0x4 ./Hall_Sensors.o
                0x200002ac                offset_neg
 .data.lookup_table
                0x200002b0       0x40 ./Hall_Sensors.o
                0x200002b0                lookup_table
 .data.time_180deg
                0x200002f0        0x4 ./Hall_Sensors.o
                0x200002f0                time_180deg
 .data.time_180deg_cal
                0x200002f4        0x4 ./Hall_Sensors.o
                0x200002f4                time_180deg_cal
 .data.angle_in_sector
                0x200002f8        0x4 ./Hall_Sensors.o
                0x200002f8                angle_in_sector
 .data.Iq_param
                0x200002fc       0x20 ./PI_Controller.o
                0x200002fc                Iq_param
 .data.Id_param
                0x2000031c       0x20 ./PI_Controller.o
                0x2000031c                Id_param
 .data.omega_param
                0x2000033c       0x20 ./PI_Controller.o
                0x2000033c                omega_param
 .data.Torque_control
                0x2000035c        0x1 ./main.o
                0x2000035c                Torque_control
 .data.Speed_control
                0x2000035d        0x1 ./main.o
                0x2000035d                Speed_control
 .data.CAN_control
                0x2000035e        0x1 ./main.o
                0x2000035e                CAN_control
 .data.__fdlib_version
                0x2000035f        0x1 c:/dave/dave-ide-4.4.2-64bit/dave-ide-4.4.2-64bit/eclipse/arm-gcc-49/bin/../lib/gcc/arm-none-eabi/4.9.3/../../../../arm-none-eabi/lib/armv7e-m/softfp\libm.a(lib_a-s_lib_ver.o)
                0x2000035f                __fdlib_version
 .data.impure_data
                0x20000360       0x60 c:/dave/dave-ide-4.4.2-64bit/dave-ide-4.4.2-64bit/eclipse/arm-gcc-49/bin/../lib/gcc/arm-none-eabi/4.9.3/../../../../arm-none-eabi/lib/armv7e-m/softfp\libg_nano.a(lib_a-impure.o)
 .data._impure_ptr
                0x200003c0        0x4 c:/dave/dave-ide-4.4.2-64bit/dave-ide-4.4.2-64bit/eclipse/arm-gcc-49/bin/../lib/gcc/arm-none-eabi/4.9.3/../../../../arm-none-eabi/lib/armv7e-m/softfp\libg_nano.a(lib_a-impure.o)
                0x200003c0                _impure_ptr
 *(*.data)
 *(.gnu.linkonce.d*)
                0x200003c4                . = ALIGN (0x4)
                0x200003c4                PROVIDE (__preinit_array_start, .)
 *(.preinit_array)
                0x200003c4                PROVIDE (__preinit_array_end, .)
                0x200003c4                . = ALIGN (0x4)
                0x200003c4                PROVIDE (__init_array_start, .)
 *(SORT(.init_array.*))
 *(.init_array)
                0x200003c4                PROVIDE (__init_array_end, .)
                0x200003c4                . = ALIGN (0x4)
                0x200003c4                PROVIDE (__fini_array_start, .)
 *(SORT(.fini_array.*))
 *(.fini_array)
                0x200003c4                PROVIDE (__fini_array_end, .)
                0x200003c4                . = ALIGN (0x4)
                0x200003c4                __data_end = .
                0x0c0081bc                __data_load = LOADADDR (.data)
                0x000003c4                __data_size = (__data_end - __data_start)

.igot.plt       0x200003c4        0x0 load address 0x0c008580
 .igot.plt      0x00000000        0x0 ./Startup/startup_XMC4500.o

.bss            0x200003c4       0xc4 load address 0x0c008580
                0x200003c4                . = ALIGN (0x4)
                0x200003c4                __bss_start = .
 *(.bss)
 *(.bss*)
 .bss.TIMER_0_config
                0x200003c4        0x8 ./Dave/Generated/TIMER/timer_conf.o
                0x200003c4                TIMER_0_config
 .bss.TIMER_1_config
                0x200003cc        0x8 ./Dave/Generated/TIMER/timer_conf.o
                0x200003cc                TIMER_1_config
 .bss.SPI_MASTER_0_MISO_Config
                0x200003d4       0x14 ./Dave/Generated/SPI_MASTER/spi_master_conf.o
                0x200003d4                SPI_MASTER_0_MISO_Config
 .bss.CLOCK_XMC4_0
                0x200003e8        0x4 ./Dave/Generated/CLOCK_XMC4/clock_xmc4_conf.o
                0x200003e8                CLOCK_XMC4_0
 .bss.CAN_new_meassage
                0x200003ec        0x1 ./CAN.o
                0x200003ec                CAN_new_meassage
 .bss.CAN_no_com_counter
                0x200003ed        0x1 ./CAN.o
                0x200003ed                CAN_no_com_counter
 *fill*         0x200003ee        0x2 
 .bss.Speed_act
                0x200003f0        0x4 ./CAN.o
                0x200003f0                Speed_act
 .bss.distance  0x200003f4        0x4 ./CAN.o
                0x200003f4                distance
 .bss.distance_180deg_ele_count
                0x200003f8        0x4 ./Globals.o
                0x200003f8                distance_180deg_ele_count
 .bss.angle_phi
                0x200003fc        0x4 ./Globals.o
                0x200003fc                angle_phi
 .bss.omega_mech_rps
                0x20000400        0x4 ./Globals.o
                0x20000400                omega_mech_rps
 .bss.sector    0x20000404        0x1 ./Hall_Sensors.o
                0x20000404                sector
 .bss.direction
                0x20000405        0x1 ./Hall_Sensors.o
                0x20000405                direction
 .bss.enc_val   0x20000406        0x2 ./Hall_Sensors.o
                0x20000406                enc_val
 .bss.time_since_A
                0x20000408        0x4 ./Hall_Sensors.o
                0x20000408                time_since_A
 .bss.time_since_B
                0x2000040c        0x4 ./Hall_Sensors.o
                0x2000040c                time_since_B
 .bss.time_since_C
                0x20000410        0x4 ./Hall_Sensors.o
                0x20000410                time_since_C
 .bss.omega_mech_rps_temp
                0x20000414        0x4 ./Hall_Sensors.o
                0x20000414                omega_mech_rps_temp
 .bss.speed_ref
                0x20000418        0x4 ./main.o
                0x20000418                speed_ref
 .bss.iq_ref    0x2000041c        0x4 ./main.o
                0x2000041c                iq_ref
 .bss.T_ref     0x20000420        0x4 ./main.o
                0x20000420                T_ref
 .bss.omega_mech_rps_ref
                0x20000424        0x4 ./main.o
                0x20000424                omega_mech_rps_ref
 .bss.Vd        0x20000428        0x4 ./main.o
                0x20000428                Vd
 .bss.Vq        0x2000042c        0x4 ./main.o
                0x2000042c                Vq
 .bss.count     0x20000430        0x1 ./main.o
                0x20000430                count
 .bss.start_help_count
                0x20000431        0x1 ./main.o
                0x20000431                start_help_count
 .bss.start_help
                0x20000432        0x1 ./main.o
                0x20000432                start_help
 .bss.start_help_flag
                0x20000433        0x1 ./main.o
                0x20000433                start_help_flag
 .bss.CAN_send_counter
                0x20000434        0x2 ./main.o
                0x20000434                CAN_send_counter
 *(COMMON)
 *fill*         0x20000436        0x2 
 COMMON         0x20000438        0xc ./CAN.o
                0x20000438                CAN_speed_ref
                0x2000043c                Speeds_int16_r
 COMMON         0x20000444        0x1 ./Hall_Sensors.o
                0x20000444                last_Hall_trig
 *fill*         0x20000445        0x3 
 COMMON         0x20000448       0x40 ./main.o
                0x20000448                angle_ab_rad
                0x2000044c                ibeta
                0x20000450                iq
                0x20000454                amplitude_ab
                0x20000458                Current_V
                0x2000045c                amplitude_corrected
                0x20000460                id
                0x20000464                modulation_index
                0x20000468                T_ref_controlled
                0x2000046c                ialpha
                0x20000470                Vbeta
                0x20000474                angle_ab
                0x20000478                Current_U
                0x2000047c                Current_W
                0x20000480                Valpha
                0x20000484                modulation_index_scaled
 *(.gnu.linkonce.b*)
                0x20000488                . = ALIGN (0x4)
                0x20000488                __bss_end = .
                0x20000488                . = ALIGN (0x8)
                0x20000488                Heap_Bank1_Start = .
                0x000000c4                __bss_size = (__bss_end - __bss_start)

.no_init        0x2000ffc0       0x14
                0x2000ffc0                Heap_Bank1_End = .
 *(.no_init)
 .no_init       0x2000ffc0       0x14 ./Startup/system_XMC4500.o
                0x2000ffc0                SystemCoreClock
                0x2000ffc4                g_chipid

DSRAM2_DATA     0x30000000        0x0 load address 0x0c008580
                0x30000000                . = ALIGN (0x4)
                0x30000000                __data2_start = .
 *(DSRAM2_DATA)
                0x30000000                . = ALIGN (0x4)
                0x30000000                __data2_end = .
                0x0c008580                __data2_load = LOADADDR (DSRAM2_DATA)
                0x00000000                __data2_size = (__data2_end - __data2_start)
                0x00008580                __text_size = (((((__exidx_end - sText) + __data_size) + __ram_code_size) + __data2_size) + __data3_size)
                0x08008580                eText = (sText + __text_size)

DSRAM2_BSS      0x30000000        0x0 load address 0x0c008580
                0x30000000                . = ALIGN (0x4)
                0x30000000                __bss2_start = .
 *(ETH_RAM)
 *(USB_RAM)
 *(DSRAM2_BSS)
                0x30000000                . = ALIGN (0x4)
                0x30000000                __bss2_end = .
                0x30000000                . = ALIGN (0x8)
                0x30000000                Heap_Bank2_Start = .
                0x00000000                __bss2_size = (__bss2_end - __bss2_start)
                0x0000fb38                Heap_Bank1_Size = (Heap_Bank1_End - Heap_Bank1_Start)
                0x00008000                Heap_Bank2_Size = (0x8000 - (Heap_Bank2_Start - ORIGIN (DSRAM_2_comm)))
                0x0000f3b8                Heap_Bank3_Size = (0x10000 - (Heap_Bank3_Start - ORIGIN (PSRAM_1)))
                0x00000001                ASSERT ((Heap_Bank1_Start <= Heap_Bank1_End), region SRAM_combined overflowed no_init section)

/DISCARD/
 *(.comment)

.stab
 *(.stab)

.stabstr
 *(.stabstr)

.debug
 *(.debug)

.line
 *(.line)

.debug_srcinfo
 *(.debug_srcinfo)

.debug_sfnames
 *(.debug_sfnames)

.debug_aranges  0x00000000     0x1410
 *(.debug_aranges)
 .debug_aranges
                0x00000000       0x20 ./Startup/startup_XMC4500.o
 .debug_aranges
                0x00000020       0x48 ./Startup/system_XMC4500.o
 .debug_aranges
                0x00000068       0x28 ./Libraries/XMCLib/src/xmc4_eru.o
 .debug_aranges
                0x00000090       0x28 ./Libraries/XMCLib/src/xmc4_gpio.o
 .debug_aranges
                0x000000b8      0x3c8 ./Libraries/XMCLib/src/xmc4_scu.o
 .debug_aranges
                0x00000480      0x118 ./Libraries/XMCLib/src/xmc_can.o
 .debug_aranges
                0x00000598      0x128 ./Libraries/XMCLib/src/xmc_ccu4.o
 .debug_aranges
                0x000006c0      0x180 ./Libraries/XMCLib/src/xmc_ccu8.o
 .debug_aranges
                0x00000840       0x88 ./Libraries/XMCLib/src/xmc_eru.o
 .debug_aranges
                0x000008c8       0x28 ./Libraries/XMCLib/src/xmc_gpio.o
 .debug_aranges
                0x000008f0       0x80 ./Libraries/XMCLib/src/xmc_spi.o
 .debug_aranges
                0x00000970       0x90 ./Libraries/XMCLib/src/xmc_usic.o
 .debug_aranges
                0x00000a00       0x28 ./Libraries/Newlib/syscalls.o
 .debug_aranges
                0x00000a28       0xd8 ./Dave/Generated/TIMER/timer.o
 .debug_aranges
                0x00000b00       0x18 ./Dave/Generated/TIMER/timer_conf.o
 .debug_aranges
                0x00000b18      0x148 ./Dave/Generated/SPI_MASTER/spi_master.o
 .debug_aranges
                0x00000c60       0x88 ./Dave/Generated/SPI_MASTER/spi_master_conf.o
 .debug_aranges
                0x00000ce8      0x180 ./Dave/Generated/PWM_SVM/pwm_svm.o
 .debug_aranges
                0x00000e68       0x18 ./Dave/Generated/PWM_SVM/pwm_svm_conf.o
 .debug_aranges
                0x00000e80       0x18 ./Dave/Generated/PWM_SVM/pwm_svm_table.o
 .debug_aranges
                0x00000e98       0x60 ./Dave/Generated/PIN_INTERRUPT/pin_interrupt.o
 .debug_aranges
                0x00000ef8       0x18 ./Dave/Generated/PIN_INTERRUPT/pin_interrupt_conf.o
 .debug_aranges
                0x00000f10       0x50 ./Dave/Generated/INTERRUPT/interrupt.o
 .debug_aranges
                0x00000f60       0x18 ./Dave/Generated/INTERRUPT/interrupt_conf.o
 .debug_aranges
                0x00000f78       0x30 ./Dave/Generated/GLOBAL_CCU8/global_ccu8.o
 .debug_aranges
                0x00000fa8       0x18 ./Dave/Generated/GLOBAL_CCU8/global_ccu8_conf.o
 .debug_aranges
                0x00000fc0       0x30 ./Dave/Generated/GLOBAL_CCU4/global_ccu4.o
 .debug_aranges
                0x00000ff0       0x18 ./Dave/Generated/GLOBAL_CCU4/global_ccu4_conf.o
 .debug_aranges
                0x00001008       0x28 ./Dave/Generated/GLOBAL_CAN/global_can.o
 .debug_aranges
                0x00001030       0x18 ./Dave/Generated/GLOBAL_CAN/global_can_conf.o
 .debug_aranges
                0x00001048       0x28 ./Dave/Generated/DIGITAL_IO/digital_io.o
 .debug_aranges
                0x00001070       0x18 ./Dave/Generated/DIGITAL_IO/digital_io_conf.o
 .debug_aranges
                0x00001088       0x28 ./Dave/Generated/CPU_CTRL_XMC4/cpu_ctrl_xmc4_conf.o
 .debug_aranges
                0x000010b0       0x38 ./Dave/Generated/CLOCK_XMC4/clock_xmc4.o
 .debug_aranges
                0x000010e8       0x20 ./Dave/Generated/CLOCK_XMC4/clock_xmc4_conf.o
 .debug_aranges
                0x00001108      0x110 ./Dave/Generated/CAN_NODE/can_node.o
 .debug_aranges
                0x00001218       0x18 ./Dave/Generated/CAN_NODE/can_node_conf.o
 .debug_aranges
                0x00001230       0x60 ./Dave/Generated/BUS_IO/bus_io.o
 .debug_aranges
                0x00001290       0x18 ./Dave/Generated/BUS_IO/bus_io_conf.o
 .debug_aranges
                0x000012a8       0x20 ./Dave/Generated/DAVE.o
 .debug_aranges
                0x000012c8       0x30 ./CAN.o
 .debug_aranges
                0x000012f8       0x18 ./Globals.o
 .debug_aranges
                0x00001310       0x60 ./Hall_Sensors.o
 .debug_aranges
                0x00001370       0x28 ./PI_Controller.o
 .debug_aranges
                0x00001398       0x20 ./Read_Current_Sensor.o
 .debug_aranges
                0x000013b8       0x58 ./main.o

.debug_pubnames
 *(.debug_pubnames)

.debug_pubtypes
 *(.debug_pubtypes)

.debug_info     0x00000000    0x21c7d
 *(.debug_info .gnu.linkonce.wi.*)
 .debug_info    0x00000000       0x88 ./Startup/startup_XMC4500.o
 .debug_info    0x00000088      0x8b7 ./Startup/system_XMC4500.o
 .debug_info    0x0000093f      0x4ae ./Libraries/XMCLib/src/xmc4_eru.o
 .debug_info    0x00000ded      0x422 ./Libraries/XMCLib/src/xmc4_gpio.o
 .debug_info    0x0000120f     0x20c5 ./Libraries/XMCLib/src/xmc4_scu.o
 .debug_info    0x000032d4     0x12fa ./Libraries/XMCLib/src/xmc_can.o
 .debug_info    0x000045ce     0x15c1 ./Libraries/XMCLib/src/xmc_ccu4.o
 .debug_info    0x00005b8f     0x1ce0 ./Libraries/XMCLib/src/xmc_ccu8.o
 .debug_info    0x0000786f      0xaaf ./Libraries/XMCLib/src/xmc_eru.o
 .debug_info    0x0000831e      0x39d ./Libraries/XMCLib/src/xmc_gpio.o
 .debug_info    0x000086bb      0xa27 ./Libraries/XMCLib/src/xmc_spi.o
 .debug_info    0x000090e2      0xb5e ./Libraries/XMCLib/src/xmc_usic.o
 .debug_info    0x00009c40      0x11f ./Libraries/Newlib/syscalls.o
 .debug_info    0x00009d5f      0xd93 ./Dave/Generated/TIMER/timer.o
 .debug_info    0x0000aaf2      0x85f ./Dave/Generated/TIMER/timer_conf.o
 .debug_info    0x0000b351     0x1a8c ./Dave/Generated/SPI_MASTER/spi_master.o
 .debug_info    0x0000cddd     0x12f8 ./Dave/Generated/SPI_MASTER/spi_master_conf.o
 .debug_info    0x0000e0d5     0x22dd ./Dave/Generated/PWM_SVM/pwm_svm.o
 .debug_info    0x000103b2     0x162f ./Dave/Generated/PWM_SVM/pwm_svm_conf.o
 .debug_info    0x000119e1      0x103 ./Dave/Generated/PWM_SVM/pwm_svm_table.o
 .debug_info    0x00011ae4     0x1043 ./Dave/Generated/PIN_INTERRUPT/pin_interrupt.o
 .debug_info    0x00012b27      0xbfa ./Dave/Generated/PIN_INTERRUPT/pin_interrupt_conf.o
 .debug_info    0x00013721      0x910 ./Dave/Generated/INTERRUPT/interrupt.o
 .debug_info    0x00014031      0x45f ./Dave/Generated/INTERRUPT/interrupt_conf.o
 .debug_info    0x00014490      0x3cd ./Dave/Generated/GLOBAL_CCU8/global_ccu8.o
 .debug_info    0x0001485d      0x2cd ./Dave/Generated/GLOBAL_CCU8/global_ccu8_conf.o
 .debug_info    0x00014b2a      0x3be ./Dave/Generated/GLOBAL_CCU4/global_ccu4.o
 .debug_info    0x00014ee8      0x2be ./Dave/Generated/GLOBAL_CCU4/global_ccu4_conf.o
 .debug_info    0x000151a6      0x39d ./Dave/Generated/GLOBAL_CAN/global_can.o
 .debug_info    0x00015543      0x2bb ./Dave/Generated/GLOBAL_CAN/global_can_conf.o
 .debug_info    0x000157fe      0x4dc ./Dave/Generated/DIGITAL_IO/digital_io.o
 .debug_info    0x00015cda      0x429 ./Dave/Generated/DIGITAL_IO/digital_io_conf.o
 .debug_info    0x00016103      0x475 ./Dave/Generated/CPU_CTRL_XMC4/cpu_ctrl_xmc4_conf.o
 .debug_info    0x00016578      0x224 ./Dave/Generated/CLOCK_XMC4/clock_xmc4.o
 .debug_info    0x0001679c      0x385 ./Dave/Generated/CLOCK_XMC4/clock_xmc4_conf.o
 .debug_info    0x00016b21     0x1447 ./Dave/Generated/CAN_NODE/can_node.o
 .debug_info    0x00017f68      0xd1b ./Dave/Generated/CAN_NODE/can_node_conf.o
 .debug_info    0x00018c83      0x6f4 ./Dave/Generated/BUS_IO/bus_io.o
 .debug_info    0x00019377      0x44b ./Dave/Generated/BUS_IO/bus_io_conf.o
 .debug_info    0x000197c2     0x354f ./Dave/Generated/DAVE.o
 .debug_info    0x0001cd11      0xd76 ./CAN.o
 .debug_info    0x0001da87       0xbd ./Globals.o
 .debug_info    0x0001db44      0xdf3 ./Hall_Sensors.o
 .debug_info    0x0001e937      0x1e9 ./PI_Controller.o
 .debug_info    0x0001eb20      0xec5 ./Read_Current_Sensor.o
 .debug_info    0x0001f9e5     0x2298 ./main.o

.debug_abbrev   0x00000000     0x4752
 *(.debug_abbrev)
 .debug_abbrev  0x00000000       0x14 ./Startup/startup_XMC4500.o
 .debug_abbrev  0x00000014      0x1a1 ./Startup/system_XMC4500.o
 .debug_abbrev  0x000001b5      0x13b ./Libraries/XMCLib/src/xmc4_eru.o
 .debug_abbrev  0x000002f0      0x11b ./Libraries/XMCLib/src/xmc4_gpio.o
 .debug_abbrev  0x0000040b      0x289 ./Libraries/XMCLib/src/xmc4_scu.o
 .debug_abbrev  0x00000694      0x2b8 ./Libraries/XMCLib/src/xmc_can.o
 .debug_abbrev  0x0000094c      0x1fc ./Libraries/XMCLib/src/xmc_ccu4.o
 .debug_abbrev  0x00000b48      0x21e ./Libraries/XMCLib/src/xmc_ccu8.o
 .debug_abbrev  0x00000d66      0x1e8 ./Libraries/XMCLib/src/xmc_eru.o
 .debug_abbrev  0x00000f4e      0x10c ./Libraries/XMCLib/src/xmc_gpio.o
 .debug_abbrev  0x0000105a      0x218 ./Libraries/XMCLib/src/xmc_spi.o
 .debug_abbrev  0x00001272      0x1eb ./Libraries/XMCLib/src/xmc_usic.o
 .debug_abbrev  0x0000145d       0xbd ./Libraries/Newlib/syscalls.o
 .debug_abbrev  0x0000151a      0x22b ./Dave/Generated/TIMER/timer.o
 .debug_abbrev  0x00001745      0x15a ./Dave/Generated/TIMER/timer_conf.o
 .debug_abbrev  0x0000189f      0x255 ./Dave/Generated/SPI_MASTER/spi_master.o
 .debug_abbrev  0x00001af4      0x1da ./Dave/Generated/SPI_MASTER/spi_master_conf.o
 .debug_abbrev  0x00001cce      0x29d ./Dave/Generated/PWM_SVM/pwm_svm.o
 .debug_abbrev  0x00001f6b      0x1b3 ./Dave/Generated/PWM_SVM/pwm_svm_conf.o
 .debug_abbrev  0x0000211e       0x86 ./Dave/Generated/PWM_SVM/pwm_svm_table.o
 .debug_abbrev  0x000021a4      0x27b ./Dave/Generated/PIN_INTERRUPT/pin_interrupt.o
 .debug_abbrev  0x0000241f      0x189 ./Dave/Generated/PIN_INTERRUPT/pin_interrupt_conf.o
 .debug_abbrev  0x000025a8      0x1da ./Dave/Generated/INTERRUPT/interrupt.o
 .debug_abbrev  0x00002782       0x97 ./Dave/Generated/INTERRUPT/interrupt_conf.o
 .debug_abbrev  0x00002819      0x16f ./Dave/Generated/GLOBAL_CCU8/global_ccu8.o
 .debug_abbrev  0x00002988       0xfd ./Dave/Generated/GLOBAL_CCU8/global_ccu8_conf.o
 .debug_abbrev  0x00002a85      0x16f ./Dave/Generated/GLOBAL_CCU4/global_ccu4.o
 .debug_abbrev  0x00002bf4       0xfd ./Dave/Generated/GLOBAL_CCU4/global_ccu4_conf.o
 .debug_abbrev  0x00002cf1      0x157 ./Dave/Generated/GLOBAL_CAN/global_can.o
 .debug_abbrev  0x00002e48       0xe5 ./Dave/Generated/GLOBAL_CAN/global_can_conf.o
 .debug_abbrev  0x00002f2d      0x148 ./Dave/Generated/DIGITAL_IO/digital_io.o
 .debug_abbrev  0x00003075       0xfd ./Dave/Generated/DIGITAL_IO/digital_io_conf.o
 .debug_abbrev  0x00003172      0x184 ./Dave/Generated/CPU_CTRL_XMC4/cpu_ctrl_xmc4_conf.o
 .debug_abbrev  0x000032f6      0x10f ./Dave/Generated/CLOCK_XMC4/clock_xmc4.o
 .debug_abbrev  0x00003405      0x104 ./Dave/Generated/CLOCK_XMC4/clock_xmc4_conf.o
 .debug_abbrev  0x00003509      0x2a0 ./Dave/Generated/CAN_NODE/can_node.o
 .debug_abbrev  0x000037a9      0x187 ./Dave/Generated/CAN_NODE/can_node_conf.o
 .debug_abbrev  0x00003930      0x1e8 ./Dave/Generated/BUS_IO/bus_io.o
 .debug_abbrev  0x00003b18       0xfd ./Dave/Generated/BUS_IO/bus_io_conf.o
 .debug_abbrev  0x00003c15      0x1fb ./Dave/Generated/DAVE.o
 .debug_abbrev  0x00003e10      0x1b4 ./CAN.o
 .debug_abbrev  0x00003fc4       0x3e ./Globals.o
 .debug_abbrev  0x00004002      0x258 ./Hall_Sensors.o
 .debug_abbrev  0x0000425a       0xd4 ./PI_Controller.o
 .debug_abbrev  0x0000432e      0x19b ./Read_Current_Sensor.o
 .debug_abbrev  0x000044c9      0x289 ./main.o

.debug_line     0x00000000     0xadef
 *(.debug_line)
 .debug_line    0x00000000       0x88 ./Startup/startup_XMC4500.o
 .debug_line    0x00000088      0x319 ./Startup/system_XMC4500.o
 .debug_line    0x000003a1      0x297 ./Libraries/XMCLib/src/xmc4_eru.o
 .debug_line    0x00000638      0x22e ./Libraries/XMCLib/src/xmc4_gpio.o
 .debug_line    0x00000866      0xdc2 ./Libraries/XMCLib/src/xmc4_scu.o
 .debug_line    0x00001628      0x6c4 ./Libraries/XMCLib/src/xmc_can.o
 .debug_line    0x00001cec      0x602 ./Libraries/XMCLib/src/xmc_ccu4.o
 .debug_line    0x000022ee      0x6f0 ./Libraries/XMCLib/src/xmc_ccu8.o
 .debug_line    0x000029de      0x2f0 ./Libraries/XMCLib/src/xmc_eru.o
 .debug_line    0x00002cce      0x21b ./Libraries/XMCLib/src/xmc_gpio.o
 .debug_line    0x00002ee9      0x3d0 ./Libraries/XMCLib/src/xmc_spi.o
 .debug_line    0x000032b9      0x435 ./Libraries/XMCLib/src/xmc_usic.o
 .debug_line    0x000036ee       0xd4 ./Libraries/Newlib/syscalls.o
 .debug_line    0x000037c2      0x57d ./Dave/Generated/TIMER/timer.o
 .debug_line    0x00003d3f      0x30e ./Dave/Generated/TIMER/timer_conf.o
 .debug_line    0x0000404d      0x82c ./Dave/Generated/SPI_MASTER/spi_master.o
 .debug_line    0x00004879      0x3d6 ./Dave/Generated/SPI_MASTER/spi_master_conf.o
 .debug_line    0x00004c4f      0x9f7 ./Dave/Generated/PWM_SVM/pwm_svm.o
 .debug_line    0x00005646      0x302 ./Dave/Generated/PWM_SVM/pwm_svm_conf.o
 .debug_line    0x00005948      0x20c ./Dave/Generated/PWM_SVM/pwm_svm_table.o
 .debug_line    0x00005b54      0x3ee ./Dave/Generated/PIN_INTERRUPT/pin_interrupt.o
 .debug_line    0x00005f42      0x2b3 ./Dave/Generated/PIN_INTERRUPT/pin_interrupt_conf.o
 .debug_line    0x000061f5      0x329 ./Dave/Generated/INTERRUPT/interrupt.o
 .debug_line    0x0000651e      0x217 ./Dave/Generated/INTERRUPT/interrupt_conf.o
 .debug_line    0x00006735      0x339 ./Dave/Generated/GLOBAL_CCU8/global_ccu8.o
 .debug_line    0x00006a6e      0x29f ./Dave/Generated/GLOBAL_CCU8/global_ccu8_conf.o
 .debug_line    0x00006d0d      0x339 ./Dave/Generated/GLOBAL_CCU4/global_ccu4.o
 .debug_line    0x00007046      0x29f ./Dave/Generated/GLOBAL_CCU4/global_ccu4_conf.o
 .debug_line    0x000072e5      0x312 ./Dave/Generated/GLOBAL_CAN/global_can.o
 .debug_line    0x000075f7      0x28d ./Dave/Generated/GLOBAL_CAN/global_can_conf.o
 .debug_line    0x00007884      0x291 ./Dave/Generated/DIGITAL_IO/digital_io.o
 .debug_line    0x00007b15      0x20f ./Dave/Generated/DIGITAL_IO/digital_io_conf.o
 .debug_line    0x00007d24      0x294 ./Dave/Generated/CPU_CTRL_XMC4/cpu_ctrl_xmc4_conf.o
 .debug_line    0x00007fb8      0x2c7 ./Dave/Generated/CLOCK_XMC4/clock_xmc4.o
 .debug_line    0x0000827f      0x29d ./Dave/Generated/CLOCK_XMC4/clock_xmc4_conf.o
 .debug_line    0x0000851c      0x5ef ./Dave/Generated/CAN_NODE/can_node.o
 .debug_line    0x00008b0b      0x2f4 ./Dave/Generated/CAN_NODE/can_node_conf.o
 .debug_line    0x00008dff      0x372 ./Dave/Generated/BUS_IO/bus_io.o
 .debug_line    0x00009171      0x203 ./Dave/Generated/BUS_IO/bus_io_conf.o
 .debug_line    0x00009374      0x5e6 ./Dave/Generated/DAVE.o
 .debug_line    0x0000995a      0x405 ./CAN.o
 .debug_line    0x00009d5f       0x2d ./Globals.o
 .debug_line    0x00009d8c      0x4bf ./Hall_Sensors.o
 .debug_line    0x0000a24b      0x173 ./PI_Controller.o
 .debug_line    0x0000a3be      0x38c ./Read_Current_Sensor.o
 .debug_line    0x0000a74a      0x6a5 ./main.o

.debug_frame    0x00000000     0x5380
 *(.debug_frame)
 .debug_frame   0x00000000       0xec ./Startup/system_XMC4500.o
 .debug_frame   0x000000ec       0x60 ./Libraries/XMCLib/src/xmc4_eru.o
 .debug_frame   0x0000014c       0x60 ./Libraries/XMCLib/src/xmc4_gpio.o
 .debug_frame   0x000001ac     0x11c0 ./Libraries/XMCLib/src/xmc4_scu.o
 .debug_frame   0x0000136c      0x510 ./Libraries/XMCLib/src/xmc_can.o
 .debug_frame   0x0000187c      0x560 ./Libraries/XMCLib/src/xmc_ccu4.o
 .debug_frame   0x00001ddc      0x718 ./Libraries/XMCLib/src/xmc_ccu8.o
 .debug_frame   0x000024f4      0x240 ./Libraries/XMCLib/src/xmc_eru.o
 .debug_frame   0x00002734       0x60 ./Libraries/XMCLib/src/xmc_gpio.o
 .debug_frame   0x00002794      0x218 ./Libraries/XMCLib/src/xmc_spi.o
 .debug_frame   0x000029ac      0x268 ./Libraries/XMCLib/src/xmc_usic.o
 .debug_frame   0x00002c14       0x5c ./Libraries/Newlib/syscalls.o
 .debug_frame   0x00002c70      0x3e0 ./Dave/Generated/TIMER/timer.o
 .debug_frame   0x00003050      0x608 ./Dave/Generated/SPI_MASTER/spi_master.o
 .debug_frame   0x00003658      0x240 ./Dave/Generated/SPI_MASTER/spi_master_conf.o
 .debug_frame   0x00003898      0x71c ./Dave/Generated/PWM_SVM/pwm_svm.o
 .debug_frame   0x00003fb4      0x178 ./Dave/Generated/PIN_INTERRUPT/pin_interrupt.o
 .debug_frame   0x0000412c      0x124 ./Dave/Generated/INTERRUPT/interrupt.o