Archive member included because of file (symbol)

c:/dave/dave-ide-4.4.2-64bit/dave-ide-4.4.2-64bit/eclipse/arm-gcc-49/bin/../lib/gcc/arm-none-eabi/4.9.3/../../../../arm-none-eabi/lib/armv7e-m/softfp\libm.a(lib_a-s_copysign.o)
                              ./main.o (copysign)
c:/dave/dave-ide-4.4.2-64bit/dave-ide-4.4.2-64bit/eclipse/arm-gcc-49/bin/../lib/gcc/arm-none-eabi/4.9.3/../../../../arm-none-eabi/lib/armv7e-m/softfp\libm.a(lib_a-sf_atan.o)
                              ./main.o (atanf)
c:/dave/dave-ide-4.4.2-64bit/dave-ide-4.4.2-64bit/eclipse/arm-gcc-49/bin/../lib/gcc/arm-none-eabi/4.9.3/../../../../arm-none-eabi/lib/armv7e-m/softfp\libm.a(lib_a-sf_cos.o)
                              ./main.o (cosf)
c:/dave/dave-ide-4.4.2-64bit/dave-ide-4.4.2-64bit/eclipse/arm-gcc-49/bin/../lib/gcc/arm-none-eabi/4.9.3/../../../../arm-none-eabi/lib/armv7e-m/softfp\libm.a(lib_a-sf_fabs.o)
                              c:/dave/dave-ide-4.4.2-64bit/dave-ide-4.4.2-64bit/eclipse/arm-gcc-49/bin/../lib/gcc/arm-none-eabi/4.9.3/../../../../arm-none-eabi/lib/armv7e-m/softfp\libm.a(lib_a-sf_atan.o) (fabsf)
c:/dave/dave-ide-4.4.2-64bit/dave-ide-4.4.2-64bit/eclipse/arm-gcc-49/bin/../lib/gcc/arm-none-eabi/4.9.3/../../../../arm-none-eabi/lib/armv7e-m/softfp\libm.a(lib_a-sf_sin.o)
                              ./main.o (sinf)
c:/dave/dave-ide-4.4.2-64bit/dave-ide-4.4.2-64bit/eclipse/arm-gcc-49/bin/../lib/gcc/arm-none-eabi/4.9.3/../../../../arm-none-eabi/lib/armv7e-m/softfp\libm.a(lib_a-wf_sqrt.o)
                              ./main.o (sqrtf)
c:/dave/dave-ide-4.4.2-64bit/dave-ide-4.4.2-64bit/eclipse/arm-gcc-49/bin/../lib/gcc/arm-none-eabi/4.9.3/../../../../arm-none-eabi/lib/armv7e-m/softfp\libm.a(lib_a-ef_rem_pio2.o)
                              c:/dave/dave-ide-4.4.2-64bit/dave-ide-4.4.2-64bit/eclipse/arm-gcc-49/bin/../lib/gcc/arm-none-eabi/4.9.3/../../../../arm-none-eabi/lib/armv7e-m/softfp\libm.a(lib_a-sf_cos.o) (__ieee754_rem_pio2f)
c:/dave/dave-ide-4.4.2-64bit/dave-ide-4.4.2-64bit/eclipse/arm-gcc-49/bin/../lib/gcc/arm-none-eabi/4.9.3/../../../../arm-none-eabi/lib/armv7e-m/softfp\libm.a(lib_a-ef_sqrt.o)
                              c:/dave/dave-ide-4.4.2-64bit/dave-ide-4.4.2-64bit/eclipse/arm-gcc-49/bin/../lib/gcc/arm-none-eabi/4.9.3/../../../../arm-none-eabi/lib/armv7e-m/softfp\libm.a(lib_a-wf_sqrt.o) (__ieee754_sqrtf)
c:/dave/dave-ide-4.4.2-64bit/dave-ide-4.4.2-64bit/eclipse/arm-gcc-49/bin/../lib/gcc/arm-none-eabi/4.9.3/../../../../arm-none-eabi/lib/armv7e-m/softfp\libm.a(lib_a-kf_cos.o)
                              c:/dave/dave-ide-4.4.2-64bit/dave-ide-4.4.2-64bit/eclipse/arm-gcc-49/bin/../lib/gcc/arm-none-eabi/4.9.3/../../../../arm-none-eabi/lib/armv7e-m/softfp\libm.a(lib_a-sf_cos.o) (__kernel_cosf)
c:/dave/dave-ide-4.4.2-64bit/dave-ide-4.4.2-64bit/eclipse/arm-gcc-49/bin/../lib/gcc/arm-none-eabi/4.9.3/../../../../arm-none-eabi/lib/armv7e-m/softfp\libm.a(lib_a-kf_rem_pio2.o)
                              c:/dave/dave-ide-4.4.2-64bit/dave-ide-4.4.2-64bit/eclipse/arm-gcc-49/bin/../lib/gcc/arm-none-eabi/4.9.3/../../../../arm-none-eabi/lib/armv7e-m/softfp\libm.a(lib_a-ef_rem_pio2.o) (__kernel_rem_pio2f)
c:/dave/dave-ide-4.4.2-64bit/dave-ide-4.4.2-64bit/eclipse/arm-gcc-49/bin/../lib/gcc/arm-none-eabi/4.9.3/../../../../arm-none-eabi/lib/armv7e-m/softfp\libm.a(lib_a-kf_sin.o)
                              c:/dave/dave-ide-4.4.2-64bit/dave-ide-4.4.2-64bit/eclipse/arm-gcc-49/bin/../lib/gcc/arm-none-eabi/4.9.3/../../../../arm-none-eabi/lib/armv7e-m/softfp\libm.a(lib_a-sf_cos.o) (__kernel_sinf)
c:/dave/dave-ide-4.4.2-64bit/dave-ide-4.4.2-64bit/eclipse/arm-gcc-49/bin/../lib/gcc/arm-none-eabi/4.9.3/../../../../arm-none-eabi/lib/armv7e-m/softfp\libm.a(lib_a-s_lib_ver.o)
                              c:/dave/dave-ide-4.4.2-64bit/dave-ide-4.4.2-64bit/eclipse/arm-gcc-49/bin/../lib/gcc/arm-none-eabi/4.9.3/../../../../arm-none-eabi/lib/armv7e-m/softfp\libm.a(lib_a-wf_sqrt.o) (__fdlib_version)
c:/dave/dave-ide-4.4.2-64bit/dave-ide-4.4.2-64bit/eclipse/arm-gcc-49/bin/../lib/gcc/arm-none-eabi/4.9.3/../../../../arm-none-eabi/lib/armv7e-m/softfp\libm.a(lib_a-s_matherr.o)
                              c:/dave/dave-ide-4.4.2-64bit/dave-ide-4.4.2-64bit/eclipse/arm-gcc-49/bin/../lib/gcc/arm-none-eabi/4.9.3/../../../../arm-none-eabi/lib/armv7e-m/softfp\libm.a(lib_a-wf_sqrt.o) (matherr)
c:/dave/dave-ide-4.4.2-64bit/dave-ide-4.4.2-64bit/eclipse/arm-gcc-49/bin/../lib/gcc/arm-none-eabi/4.9.3/../../../../arm-none-eabi/lib/armv7e-m/softfp\libm.a(lib_a-sf_floor.o)
                              c:/dave/dave-ide-4.4.2-64bit/dave-ide-4.4.2-64bit/eclipse/arm-gcc-49/bin/../lib/gcc/arm-none-eabi/4.9.3/../../../../arm-none-eabi/lib/armv7e-m/softfp\libm.a(lib_a-kf_rem_pio2.o) (floorf)
c:/dave/dave-ide-4.4.2-64bit/dave-ide-4.4.2-64bit/eclipse/arm-gcc-49/bin/../lib/gcc/arm-none-eabi/4.9.3/../../../../arm-none-eabi/lib/armv7e-m/softfp\libm.a(lib_a-sf_fpclassify.o)
[...]
Memory Configuration

Name             Origin             Length             Attributes
FLASH_1_cached   0x08000000         0x00100000         xr
FLASH_1_uncached 0x0c000000         0x00100000         xr
PSRAM_1          0x10000000         0x00010000         !xr
DSRAM_1_system   0x20000000         0x00010000         !xr
DSRAM_2_comm     0x30000000         0x00008000         !xr
*default*        0x00000000         0xffffffff

Linker script and memory map

LOAD ./Startup/startup_XMC4500.o
LOAD ./Startup/system_XMC4500.o
LOAD ./Libraries/XMCLib/src/xmc4_eru.o
LOAD ./Libraries/XMCLib/src/xmc4_flash.o
LOAD ./Libraries/XMCLib/src/xmc4_gpio.o
LOAD ./Libraries/XMCLib/src/xmc4_rtc.o
LOAD ./Libraries/XMCLib/src/xmc4_scu.o
LOAD ./Libraries/XMCLib/src/xmc_can.o
LOAD ./Libraries/XMCLib/src/xmc_ccu4.o
LOAD ./Libraries/XMCLib/src/xmc_ccu8.o
LOAD ./Libraries/XMCLib/src/xmc_common.o
LOAD ./Libraries/XMCLib/src/xmc_dac.o
LOAD ./Libraries/XMCLib/src/xmc_dma.o
LOAD ./Libraries/XMCLib/src/xmc_dsd.o
LOAD ./Libraries/XMCLib/src/xmc_ebu.o
LOAD ./Libraries/XMCLib/src/xmc_ecat.o
LOAD ./Libraries/XMCLib/src/xmc_eru.o
LOAD ./Libraries/XMCLib/src/xmc_eth_mac.o
LOAD ./Libraries/XMCLib/src/xmc_eth_phy_dp83848.o
LOAD ./Libraries/XMCLib/src/xmc_eth_phy_ksz8031rnl.o
LOAD ./Libraries/XMCLib/src/xmc_eth_phy_ksz8081rnb.o
LOAD ./Libraries/XMCLib/src/xmc_fce.o
LOAD ./Libraries/XMCLib/src/xmc_gpio.o
LOAD ./Libraries/XMCLib/src/xmc_hrpwm.o
LOAD ./Libraries/XMCLib/src/xmc_i2c.o
LOAD ./Libraries/XMCLib/src/xmc_i2s.o
LOAD ./Libraries/XMCLib/src/xmc_ledts.o
LOAD ./Libraries/XMCLib/src/xmc_posif.o
LOAD ./Libraries/XMCLib/src/xmc_rtc.o
LOAD ./Libraries/XMCLib/src/xmc_sdmmc.o
LOAD ./Libraries/XMCLib/src/xmc_spi.o
LOAD ./Libraries/XMCLib/src/xmc_uart.o
LOAD ./Libraries/XMCLib/src/xmc_usbd.o
LOAD ./Libraries/XMCLib/src/xmc_usbh.o
LOAD ./Libraries/XMCLib/src/xmc_usic.o
LOAD ./Libraries/XMCLib/src/xmc_vadc.o
LOAD ./Libraries/XMCLib/src/xmc_wdt.o
LOAD ./Libraries/Newlib/syscalls.o
LOAD ./Dave/Generated/TIMER/timer.o
LOAD ./Dave/Generated/TIMER/timer_conf.o
LOAD ./Dave/Generated/SPI_MASTER/spi_master.o
LOAD ./Dave/Generated/SPI_MASTER/spi_master_conf.o
LOAD ./Dave/Generated/PWM_SVM/pwm_svm.o
LOAD ./Dave/Generated/PWM_SVM/pwm_svm_conf.o
LOAD ./Dave/Generated/PWM_SVM/pwm_svm_table.o
LOAD ./Dave/Generated/PIN_INTERRUPT/pin_interrupt.o
LOAD ./Dave/Generated/PIN_INTERRUPT/pin_interrupt_conf.o
LOAD ./Dave/Generated/INTERRUPT/interrupt.o
LOAD ./Dave/Generated/INTERRUPT/interrupt_conf.o
LOAD ./Dave/Generated/GLOBAL_CCU8/global_ccu8.o
LOAD ./Dave/Generated/GLOBAL_CCU8/global_ccu8_conf.o
LOAD ./Dave/Generated/GLOBAL_CCU4/global_ccu4.o
LOAD ./Dave/Generated/GLOBAL_CCU4/global_ccu4_conf.o
LOAD ./Dave/Generated/GLOBAL_CAN/global_can.o
LOAD ./Dave/Generated/GLOBAL_CAN/global_can_conf.o
LOAD ./Dave/Generated/GLOBAL_ADC/global_adc.o
LOAD ./Dave/Generated/GLOBAL_ADC/global_adc_conf.o
LOAD ./Dave/Generated/DIGITAL_IO/digital_io.o
LOAD ./Dave/Generated/DIGITAL_IO/digital_io_conf.o
LOAD ./Dave/Generated/CPU_CTRL_XMC4/cpu_ctrl_xmc4.o
LOAD ./Dave/Generated/CPU_CTRL_XMC4/cpu_ctrl_xmc4_conf.o
LOAD ./Dave/Generated/CLOCK_XMC4/clock_xmc4.o
LOAD ./Dave/Generated/CLOCK_XMC4/clock_xmc4_conf.o
LOAD ./Dave/Generated/CAN_NODE/can_node.o
LOAD ./Dave/Generated/CAN_NODE/can_node_conf.o
LOAD ./Dave/Generated/BUS_IO/bus_io.o
LOAD ./Dave/Generated/BUS_IO/bus_io_conf.o
LOAD ./Dave/Generated/ADC_MEASUREMENT/adc_measurement.o
LOAD ./Dave/Generated/ADC_MEASUREMENT/adc_measurement_conf.o
LOAD ./Dave/Generated/DAVE.o
LOAD ./CAN.o
LOAD ./Globals.o
LOAD ./Hall_Sensors.o
LOAD ./PI_Controller.o
LOAD ./Read_Current_Sensor.o
LOAD ./main.o
LOAD ./rec_data_function.o
LOAD c:/dave/dave-ide-4.4.2-64bit/dave-ide-4.4.2-64bit/eclipse/arm-gcc-49/bin/../lib/gcc/arm-none-eabi/4.9.3/../../../../arm-none-eabi/lib/armv7e-m/softfp\libm.a
START GROUP
LOAD c:/dave/dave-ide-4.4.2-64bit/dave-ide-4.4.2-64bit/eclipse/arm-gcc-49/bin/../lib/gcc/arm-none-eabi/4.9.3/armv7e-m/softfp\libgcc.a
LOAD c:/dave/dave-ide-4.4.2-64bit/dave-ide-4.4.2-64bit/eclipse/arm-gcc-49/bin/../lib/gcc/arm-none-eabi/4.9.3/../../../../arm-none-eabi/lib/armv7e-m/softfp\libg_nano.a
LOAD c:/dave/dave-ide-4.4.2-64bit/dave-ide-4.4.2-64bit/eclipse/arm-gcc-49/bin/../lib/gcc/arm-none-eabi/4.9.3/../../../../arm-none-eabi/lib/armv7e-m/softfp\libc_nano.a
END GROUP
START GROUP
LOAD c:/dave/dave-ide-4.4.2-64bit/dave-ide-4.4.2-64bit/eclipse/arm-gcc-49/bin/../lib/gcc/arm-none-eabi/4.9.3/armv7e-m/softfp\libgcc.a
LOAD c:/dave/dave-ide-4.4.2-64bit/dave-ide-4.4.2-64bit/eclipse/arm-gcc-49/bin/../lib/gcc/arm-none-eabi/4.9.3/../../../../arm-none-eabi/lib/armv7e-m/softfp\libc_nano.a
LOAD c:/dave/dave-ide-4.4.2-64bit/dave-ide-4.4.2-64bit/eclipse/arm-gcc-49/bin/../lib/gcc/arm-none-eabi/4.9.3/../../../../arm-none-eabi/lib/armv7e-m/softfp\librdimon_nano.a
LOAD c:/dave/dave-ide-4.4.2-64bit/dave-ide-4.4.2-64bit/eclipse/arm-gcc-49/bin/../lib/gcc/arm-none-eabi/4.9.3/../../../../arm-none-eabi/lib/armv7e-m/softfp\libnosys.a
END GROUP
START GROUP
LOAD c:/dave/dave-ide-4.4.2-64bit/dave-ide-4.4.2-64bit/eclipse/arm-gcc-49/bin/../lib/gcc/arm-none-eabi/4.9.3/armv7e-m/softfp\libgcc.a
LOAD c:/dave/dave-ide-4.4.2-64bit/dave-ide-4.4.2-64bit/eclipse/arm-gcc-49/bin/../lib/gcc/arm-none-eabi/4.9.3/../../../../arm-none-eabi/lib/armv7e-m/softfp\libc_nano.a
LOAD c:/dave/dave-ide-4.4.2-64bit/dave-ide-4.4.2-64bit/eclipse/arm-gcc-49/bin/../lib/gcc/arm-none-eabi/4.9.3/../../../../arm-none-eabi/lib/armv7e-m/softfp\libnosys.a
END GROUP
START GROUP
LOAD c:/dave/dave-ide-4.4.2-64bit/dave-ide-4.4.2-64bit/eclipse/arm-gcc-49/bin/../lib/gcc/arm-none-eabi/4.9.3/armv7e-m/softfp\libgcc.a
LOAD c:/dave/dave-ide-4.4.2-64bit/dave-ide-4.4.2-64bit/eclipse/arm-gcc-49/bin/../lib/gcc/arm-none-eabi/4.9.3/../../../../arm-none-eabi/lib/armv7e-m/softfp\libc_nano.a
LOAD c:/dave/dave-ide-4.4.2-64bit/dave-ide-4.4.2-64bit/eclipse/arm-gcc-49/bin/../lib/gcc/arm-none-eabi/4.9.3/../../../../arm-none-eabi/lib/armv7e-m/softfp\librdimon_nano.a
END GROUP
                0x00000800                stack_size = DEFINED (stack_size)?stack_size:0x800
                0x00000040                no_init_size = 0x40

.text           0x08000000     0x88dc load address 0x0c000000
                0x08000000                sText = .
 *(.reset)
 .reset         0x08000000      0x2b4 ./Startup/startup_XMC4500.o
                0x08000000                __Vectors
                0x08000200                Reset_Handler
                0x080002b0                DSD0_7_IRQHandler
                0x080002b0                DebugMon_Handler
                0x080002b0                VADC0_C0_0_IRQHandler
                0x080002b0                CAN0_4_IRQHandler
                0x080002b0                VADC0_G2_0_IRQHandler
                0x080002b0                USIC0_5_IRQHandler
                0x080002b0                POSIF0_0_IRQHandler
                0x080002b0                POSIF1_0_IRQHandler
                0x080002b0                HardFault_Handler
                0x080002b0                VADC0_G1_1_IRQHandler
                0x080002b0                SysTick_Handler
                0x080002b0                PendSV_Handler
                0x080002b0                NMI_Handler
                0x080002b0                USIC1_3_IRQHandler
                0x080002b0                CCU40_2_IRQHandler
                0x080002b0                SCU_0_IRQHandler
                0x080002b0                ERU0_0_IRQHandler
                0x080002b0                CCU41_0_IRQHandler
                0x080002b0                USIC1_5_IRQHandler
                0x080002b0                DSD0_4_IRQHandler
                0x080002b0                CCU80_1_IRQHandler
                0x080002b0                CCU81_0_IRQHandler
                0x080002b0                UsageFault_Handler
                0x080002b0                USIC0_0_IRQHandler
                0x080002b0                POSIF1_1_IRQHandler
                0x080002b0                ERU0_2_IRQHandler
                0x080002b0                CCU81_1_IRQHandler
                0x080002b0                ERU1_1_IRQHandler
                0x080002b0                VADC0_G2_3_IRQHandler
                0x080002b0                VADC0_G2_2_IRQHandler
                0x080002b0                CCU42_3_IRQHandler
                0x080002b0                ERU0_3_IRQHandler
                0x080002b0                DSD0_5_IRQHandler
                0x080002b0                VADC0_C0_3_IRQHandler
                0x080002b0                CAN0_6_IRQHandler
                0x080002b0                VADC0_G0_1_IRQHandler
                0x080002b0                CCU81_2_IRQHandler
                0x080002b0                USIC2_4_IRQHandler
                0x080002b0                CCU81_3_IRQHandler
                0x080002b0                CCU42_1_IRQHandler
                0x080002b0                USIC1_1_IRQHandler
                0x080002b0                USIC2_5_IRQHandler
                0x080002b0                CCU40_0_IRQHandler
                0x080002b0                CCU42_2_IRQHandler
                0x080002b0                Default_Handler
                0x080002b0                USIC1_4_IRQHandler
                0x080002b0                USIC1_0_IRQHandler
                0x080002b0                POSIF0_1_IRQHandler
                0x080002b0                VADC0_G0_0_IRQHandler
                0x080002b0                DSD0_2_IRQHandler
                0x080002b0                CCU41_3_IRQHandler
                0x080002b0                CCU80_2_IRQHandler
                0x080002b0                VADC0_G1_3_IRQHandler
                0x080002b0                VADC0_G0_3_IRQHandler
                0x080002b0                GPDMA0_0_IRQHandler
                0x080002b0                PMU0_0_IRQHandler
                0x080002b0                CAN0_7_IRQHandler
                0x080002b0                DSD0_1_IRQHandler
                0x080002b0                CCU41_2_IRQHandler
                0x080002b0                VADC0_C0_1_IRQHandler
                0x080002b0                CCU43_2_IRQHandler
                0x080002b0                USIC2_2_IRQHandler
                0x080002b0                MemManage_Handler
                0x080002b0                VADC0_G3_1_IRQHandler
                0x080002b0                DAC0_0_IRQHandler
                0x080002b0                SVC_Handler
                0x080002b0                VADC0_G3_3_IRQHandler
                0x080002b0                CCU41_1_IRQHandler
                0x080002b0                DSD0_6_IRQHandler
                0x080002b0                VADC0_G1_2_IRQHandler
                0x080002b0                USIC2_3_IRQHandler
                0x080002b0                CAN0_2_IRQHandler
                0x080002b0                USIC2_0_IRQHandler
                0x080002b0                VADC0_G0_2_IRQHandler
                0x080002b0                VADC0_G2_1_IRQHandler
                0x080002b0                CAN0_3_IRQHandler
                0x080002b0                ETH0_0_IRQHandler
                0x080002b0                USIC0_3_IRQHandler
                0x080002b0                DSD0_0_IRQHandler
                0x080002b0                CCU42_0_IRQHandler
                0x080002b0                FCE0_0_IRQHandler
                0x080002b0                VADC0_G1_0_IRQHandler
                0x080002b0                USB0_0_IRQHandler
                0x080002b0                CAN0_5_IRQHandler
                0x080002b0                CCU80_0_IRQHandler
                0x080002b0                CCU40_1_IRQHandler
                0x080002b0                USIC2_1_IRQHandler
                0x080002b0                USIC0_1_IRQHandler
                0x080002b0                VADC0_G3_2_IRQHandler
                0x080002b0                CCU40_3_IRQHandler
                0x080002b0                BusFault_Handler
                0x080002b0                LEDTS0_0_IRQHandler
                0x080002b0                USIC0_4_IRQHandler
                0x080002b0                ERU0_1_IRQHandler
                0x080002b0                VADC0_G3_0_IRQHandler
                0x080002b0                USIC1_2_IRQHandler
                0x080002b0                DSD0_3_IRQHandler
                0x080002b0                SDMMC0_0_IRQHandler
                0x080002b0                USIC0_2_IRQHandler
                0x080002b0                DAC0_1_IRQHandler
                0x080002b0                GPDMA1_0_IRQHandler
 *(.text .text.* .gnu.linkonce.t.*)
 .text.SystemInit
                0x080002b4       0x20 ./Startup/system_XMC4500.o
                0x080002b4                SystemInit
 .text.SystemCoreClockUpdate
                0x080002d4       0xd4 ./Startup/system_XMC4500.o
                0x080002d4                SystemCoreClockUpdate
 .text.XMC_ERU_Enable
                0x080003a8       0x24 ./Libraries/XMCLib/src/xmc4_eru.o
                0x080003a8                XMC_ERU_Enable
 .text.XMC_GPIO_Init
                0x080003cc      0x14c ./Libraries/XMCLib/src/xmc4_gpio.o
                0x080003cc                XMC_GPIO_Init
 .text.XMC_SCU_CLOCK_GetCpuClockFrequency
                0x08000518       0x18 ./Libraries/XMCLib/src/xmc4_scu.o
 .text.XMC_SCU_GetMirrorStatus
                0x08000530       0x18 ./Libraries/XMCLib/src/xmc4_scu.o
 .text.XMC_SCU_lDelay
                0x08000548       0x44 ./Libraries/XMCLib/src/xmc4_scu.o
 .text.XMC_SCU_INTERUPT_GetEventStatus
                0x0800058c       0x18 ./Libraries/XMCLib/src/xmc4_scu.o
                0x0800058c                XMC_SCU_INTERUPT_GetEventStatus
 .text.XMC_SCU_INTERRUPT_ClearEventStatus
                0x080005a4       0x1c ./Libraries/XMCLib/src/xmc4_scu.o
                0x080005a4                XMC_SCU_INTERRUPT_ClearEventStatus
 .text.XMC_SCU_CLOCK_Init
                0x080005c0       0xec ./Libraries/XMCLib/src/xmc4_scu.o
                0x080005c0                XMC_SCU_CLOCK_Init
 .text.XMC_SCU_RESET_DeassertPeripheralReset
                0x080006ac       0x38 ./Libraries/XMCLib/src/xmc4_scu.o
                0x080006ac                XMC_SCU_RESET_DeassertPeripheralReset
 .text.XMC_SCU_CLOCK_GetPeripheralClockFrequency
                0x080006e4       0x20 ./Libraries/XMCLib/src/xmc4_scu.o
                0x080006e4                XMC_SCU_CLOCK_GetPeripheralClockFrequency
 .text.XMC_SCU_CLOCK_SetSystemClockSource
                0x08000704       0x28 ./Libraries/XMCLib/src/xmc4_scu.o
                0x08000704                XMC_SCU_CLOCK_SetSystemClockSource
 .text.XMC_SCU_CLOCK_SetUsbClockSource
                0x0800072c       0x28 ./Libraries/XMCLib/src/xmc4_scu.o
                0x0800072c                XMC_SCU_CLOCK_SetUsbClockSource
 .text.XMC_SCU_CLOCK_SetWdtClockSource
                0x08000754       0x28 ./Libraries/XMCLib/src/xmc4_scu.o
                0x08000754                XMC_SCU_CLOCK_SetWdtClockSource
 .text.XMC_SCU_CLOCK_SetSystemPllClockSource
                0x0800077c       0x40 ./Libraries/XMCLib/src/xmc4_scu.o
                0x0800077c                XMC_SCU_CLOCK_SetSystemPllClockSource
 .text.XMC_SCU_HIB_SetRtcClockSource
                0x080007bc       0x3c ./Libraries/XMCLib/src/xmc4_scu.o
                0x080007bc                XMC_SCU_HIB_SetRtcClockSource
 .text.XMC_SCU_HIB_SetStandbyClockSource
                0x080007f8       0x3c ./Libraries/XMCLib/src/xmc4_scu.o
                0x080007f8                XMC_SCU_HIB_SetStandbyClockSource
 .text.XMC_SCU_CLOCK_SetSystemClockDivider
                0x08000834       0x28 ./Libraries/XMCLib/src/xmc4_scu.o
                0x08000834                XMC_SCU_CLOCK_SetSystemClockDivider
 .text.XMC_SCU_CLOCK_SetCcuClockDivider
                0x0800085c       0x28 ./Libraries/XMCLib/src/xmc4_scu.o
                0x0800085c                XMC_SCU_CLOCK_SetCcuClockDivider
 .text.XMC_SCU_CLOCK_SetCpuClockDivider
                0x08000884       0x28 ./Libraries/XMCLib/src/xmc4_scu.o
                0x08000884                XMC_SCU_CLOCK_SetCpuClockDivider
 .text.XMC_SCU_CLOCK_SetPeripheralClockDivider
                0x080008ac       0x28 ./Libraries/XMCLib/src/xmc4_scu.o
                0x080008ac                XMC_SCU_CLOCK_SetPeripheralClockDivider
 .text.XMC_SCU_CLOCK_SetUsbClockDivider
                0x080008d4       0x28 ./Libraries/XMCLib/src/xmc4_scu.o
                0x080008d4                XMC_SCU_CLOCK_SetUsbClockDivider
 .text.XMC_SCU_CLOCK_SetEbuClockDivider
                0x080008fc       0x28 ./Libraries/XMCLib/src/xmc4_scu.o
                0x080008fc                XMC_SCU_CLOCK_SetEbuClockDivider
 .text.XMC_SCU_CLOCK_SetWdtClockDivider
                0x08000924       0x28 ./Libraries/XMCLib/src/xmc4_scu.o
                0x08000924                XMC_SCU_CLOCK_SetWdtClockDivider
 .text.XMC_SCU_CLOCK_EnableClock
                0x0800094c       0x20 ./Libraries/XMCLib/src/xmc4_scu.o
                0x0800094c                XMC_SCU_CLOCK_EnableClock
 .text.XMC_SCU_CLOCK_StartUsbPll
                0x0800096c       0x74 ./Libraries/XMCLib/src/xmc4_scu.o
                0x0800096c                XMC_SCU_CLOCK_StartUsbPll
 .text.XMC_SCU_CLOCK_SetBackupClockCalibrationMode
                0x080009e0       0x4c ./Libraries/XMCLib/src/xmc4_scu.o
                0x080009e0                XMC_SCU_CLOCK_SetBackupClockCalibrationMode
 .text.XMC_SCU_HIB_EnableHibernateDomain
                0x08000a2c       0x58 ./Libraries/XMCLib/src/xmc4_scu.o
                0x08000a2c                XMC_SCU_HIB_EnableHibernateDomain
 .text.XMC_SCU_CLOCK_IsLowPowerOscillatorStable
                0x08000a84       0x24 ./Libraries/XMCLib/src/xmc4_scu.o
                0x08000a84                XMC_SCU_CLOCK_IsLowPowerOscillatorStable
 .text.XMC_SCU_CLOCK_EnableLowPowerOscillator
                0x08000aa8       0x70 ./Libraries/XMCLib/src/xmc4_scu.o
                0x08000aa8                XMC_SCU_CLOCK_EnableLowPowerOscillator
 .text.XMC_SCU_CLOCK_EnableHighPerformanceOscillator
                0x08000b18       0x50 ./Libraries/XMCLib/src/xmc4_scu.o
                0x08000b18                XMC_SCU_CLOCK_EnableHighPerformanceOscillator
 .text.XMC_SCU_CLOCK_IsHighPerformanceOscillatorStable
                0x08000b68       0x28 ./Libraries/XMCLib/src/xmc4_scu.o
                0x08000b68                XMC_SCU_CLOCK_IsHighPerformanceOscillatorStable
 .text.XMC_SCU_CLOCK_EnableSystemPll
                0x08000b90       0x20 ./Libraries/XMCLib/src/xmc4_scu.o
                0x08000b90                XMC_SCU_CLOCK_EnableSystemPll
 .text.XMC_SCU_CLOCK_DisableSystemPll
                0x08000bb0       0x20 ./Libraries/XMCLib/src/xmc4_scu.o
                0x08000bb0                XMC_SCU_CLOCK_DisableSystemPll
 .text.XMC_SCU_CLOCK_StartSystemPll
                0x08000bd0      0x174 ./Libraries/XMCLib/src/xmc4_scu.o
                0x08000bd0                XMC_SCU_CLOCK_StartSystemPll
 .text.XMC_SCU_CLOCK_StepSystemPllFrequency
                0x08000d44       0x2c ./Libraries/XMCLib/src/xmc4_scu.o
                0x08000d44                XMC_SCU_CLOCK_StepSystemPllFrequency
 .text.XMC_CAN_IsPanelControlReady
                0x08000d70       0x28 ./Libraries/XMCLib/src/xmc_can.o
 .text.XMC_CAN_PanelControl
                0x08000d98       0x3c ./Libraries/XMCLib/src/xmc_can.o
 .text.XMC_CAN_NODE_EnableConfigurationChange
                0x08000dd4       0x20 ./Libraries/XMCLib/src/xmc_can.o
 .text.XMC_CAN_NODE_DisableConfigurationChange
                0x08000df4       0x20 ./Libraries/XMCLib/src/xmc_can.o
 .text.max      0x08000e14       0x20 ./Libraries/XMCLib/src/xmc_can.o
 .text.min      0x08000e34       0x20 ./Libraries/XMCLib/src/xmc_can.o
 .text.XMC_CAN_NODE_NominalBitTimeConfigure
                0x08000e54      0x1c4 ./Libraries/XMCLib/src/xmc_can.o
                0x08000e54                XMC_CAN_NODE_NominalBitTimeConfigure
 .text.XMC_CAN_AllocateMOtoNodeList
                0x08001018       0x3c ./Libraries/XMCLib/src/xmc_can.o
                0x08001018                XMC_CAN_AllocateMOtoNodeList
 .text.XMC_CAN_Enable
                0x08001054       0x34 ./Libraries/XMCLib/src/xmc_can.o
                0x08001054                XMC_CAN_Enable
 .text.XMC_CAN_SetBaudrateClockSource
                0x08001088       0x18 ./Libraries/XMCLib/src/xmc_can.o
                0x08001088                XMC_CAN_SetBaudrateClockSource
 .text.XMC_CAN_GetBaudrateClockFrequency
                0x080010a0       0x18 ./Libraries/XMCLib/src/xmc_can.o
                0x080010a0                XMC_CAN_GetBaudrateClockFrequency
 .text.XMC_CAN_InitEx
                0x080010b8       0x80 ./Libraries/XMCLib/src/xmc_can.o
                0x080010b8                XMC_CAN_InitEx
 .text.XMC_CAN_MO_Config
                0x08001138      0x138 ./Libraries/XMCLib/src/xmc_can.o
                0x08001138                XMC_CAN_MO_Config
 .text.XMC_CAN_MO_UpdateData
                0x08001270       0x70 ./Libraries/XMCLib/src/xmc_can.o
                0x08001270                XMC_CAN_MO_UpdateData
 .text.XMC_CAN_MO_Transmit
                0x080012e0       0x5c ./Libraries/XMCLib/src/xmc_can.o
                0x080012e0                XMC_CAN_MO_Transmit
 .text.XMC_CAN_MO_Receive
                0x0800133c      0x1a0 ./Libraries/XMCLib/src/xmc_can.o
                0x0800133c                XMC_CAN_MO_Receive
 .text.XMC_CAN_NODE_EnableEvent
                0x080014dc       0x38 ./Libraries/XMCLib/src/xmc_can.o
                0x080014dc                XMC_CAN_NODE_EnableEvent
 .text.XMC_CCU4_StartPrescaler
                0x08001514       0x20 ./Libraries/XMCLib/src/xmc_ccu4.o
 .text.XMC_CCU4_lDeassertReset
                0x08001534       0x60 ./Libraries/XMCLib/src/xmc_ccu4.o
 .text.XMC_CCU4_EnableModule
                0x08001594       0x1c ./Libraries/XMCLib/src/xmc_ccu4.o
                0x08001594                XMC_CCU4_EnableModule
 .text.XMC_CCU4_Init
                0x080015b0       0x3c ./Libraries/XMCLib/src/xmc_ccu4.o
                0x080015b0                XMC_CCU4_Init
 .text.XMC_CCU4_SLICE_CompareInit
                0x080015ec       0x6c ./Libraries/XMCLib/src/xmc_ccu4.o
                0x080015ec                XMC_CCU4_SLICE_CompareInit
 .text.XMC_CCU4_SLICE_SetInterruptNode
                0x08001658       0xb0 ./Libraries/XMCLib/src/xmc_ccu4.o
                0x08001658                XMC_CCU4_SLICE_SetInterruptNode
 .text.XMC_CCU8_StartPrescaler
                0x08001708       0x20 ./Libraries/XMCLib/src/xmc_ccu8.o
 .text.XMC_CCU8_SLICE_StopTimer
                0x08001728       0x18 ./Libraries/XMCLib/src/xmc_ccu8.o
 .text.XMC_CCU8_lDeassertReset
                0x08001740       0x38 ./Libraries/XMCLib/src/xmc_ccu8.o
 .text.XMC_CCU8_EnableModule
                0x08001778       0x1c ./Libraries/XMCLib/src/xmc_ccu8.o
                0x08001778                XMC_CCU8_EnableModule
 .text.XMC_CCU8_Init
                0x08001794       0x3c ./Libraries/XMCLib/src/xmc_ccu8.o
                0x08001794                XMC_CCU8_Init
 .text.XMC_CCU8_SLICE_CompareInit
                0x080017d0       0x74 ./Libraries/XMCLib/src/xmc_ccu8.o
                0x080017d0                XMC_CCU8_SLICE_CompareInit
 .text.XMC_CCU8_SLICE_StartConfig
                0x08001844       0x5c ./Libraries/XMCLib/src/xmc_ccu8.o
                0x08001844                XMC_CCU8_SLICE_StartConfig
 .text.XMC_CCU8_SLICE_TrapConfig
                0x080018a0       0x74 ./Libraries/XMCLib/src/xmc_ccu8.o
                0x080018a0                XMC_CCU8_SLICE_TrapConfig
 .text.XMC_CCU8_SLICE_ConfigureEvent
                0x08001914       0xd4 ./Libraries/XMCLib/src/xmc_ccu8.o
                0x08001914                XMC_CCU8_SLICE_ConfigureEvent
 .text.XMC_CCU8_SLICE_SetTimerPeriodMatch
                0x080019e8       0x1c ./Libraries/XMCLib/src/xmc_ccu8.o
                0x080019e8                XMC_CCU8_SLICE_SetTimerPeriodMatch
 .text.XMC_CCU8_SLICE_SetTimerCompareMatch
                0x08001a04       0x30 ./Libraries/XMCLib/src/xmc_ccu8.o
                0x08001a04                XMC_CCU8_SLICE_SetTimerCompareMatch
 .text.XMC_CCU8_SLICE_DeadTimeInit
                0x08001a34       0x2c ./Libraries/XMCLib/src/xmc_ccu8.o
                0x08001a34                XMC_CCU8_SLICE_DeadTimeInit
 .text.XMC_CCU8_SLICE_ConfigureStatusBitOutput
                0x08001a60       0x30 ./Libraries/XMCLib/src/xmc_ccu8.o
                0x08001a60                XMC_CCU8_SLICE_ConfigureStatusBitOutput
 .text.XMC_ERU_ETL_Init
                0x08001a90       0x4c ./Libraries/XMCLib/src/xmc_eru.o
                0x08001a90                XMC_ERU_ETL_Init
 .text.XMC_ERU_OGU_SetServiceRequestMode
                0x08001adc       0x3c ./Libraries/XMCLib/src/xmc_eru.o
                0x08001adc                XMC_ERU_OGU_SetServiceRequestMode
 .text.XMC_GPIO_SetHardwareControl
                0x08001b18       0x44 ./Libraries/XMCLib/src/xmc_gpio.o
                0x08001b18                XMC_GPIO_SetHardwareControl
 .text.XMC_SPI_CH_Init
                0x08001b5c       0x68 ./Libraries/XMCLib/src/xmc_spi.o
                0x08001b5c                XMC_SPI_CH_Init
 .text.XMC_SPI_CH_GetReceivedData
                0x08001bc4       0x34 ./Libraries/XMCLib/src/xmc_spi.o
                0x08001bc4                XMC_SPI_CH_GetReceivedData
 .text.XMC_USIC_CH_Enable
                0x08001bf8       0x98 ./Libraries/XMCLib/src/xmc_usic.o
                0x08001bf8                XMC_USIC_CH_Enable
 .text.XMC_USIC_CH_SetBaudrate
                0x08001c90       0xe0 ./Libraries/XMCLib/src/xmc_usic.o
                0x08001c90                XMC_USIC_CH_SetBaudrate
 .text.XMC_USIC_CH_TXFIFO_Configure
                0x08001d70       0x50 ./Libraries/XMCLib/src/xmc_usic.o
                0x08001d70                XMC_USIC_CH_TXFIFO_Configure
 .text.XMC_USIC_CH_RXFIFO_Configure
                0x08001dc0       0x54 ./Libraries/XMCLib/src/xmc_usic.o
                0x08001dc0                XMC_USIC_CH_RXFIFO_Configure
 .text.XMC_USIC_CH_SetInterruptNodePointer
                0x08001e14       0x38 ./Libraries/XMCLib/src/xmc_usic.o
                0x08001e14                XMC_USIC_CH_SetInterruptNodePointer
 .text.XMC_USIC_Enable
                0x08001e4c       0x54 ./Libraries/XMCLib/src/xmc_usic.o
                0x08001e4c                XMC_USIC_Enable
 .text.XMC_VADC_GROUP_ExternalMuxControlInit
                0x08001ea0       0x6c ./Libraries/XMCLib/src/xmc_vadc.o
 .text.XMC_VADC_GROUP_BackgroundEnableArbitrationSlot
                0x08001f0c       0x24 ./Libraries/XMCLib/src/xmc_vadc.o
 .text.XMC_VADC_GROUP_BackgroundDisableArbitrationSlot
                0x08001f30       0x24 ./Libraries/XMCLib/src/xmc_vadc.o
 .text.XMC_VADC_GLOBAL_EnableModule
                0x08001f54        0xc ./Libraries/XMCLib/src/xmc_vadc.o
                0x08001f54                XMC_VADC_GLOBAL_EnableModule
 .text.XMC_VADC_GLOBAL_Init
                0x08001f60       0x54 ./Libraries/XMCLib/src/xmc_vadc.o
                0x08001f60                XMC_VADC_GLOBAL_Init
 .text.XMC_VADC_GLOBAL_InputClassInit
                0x08001fb4       0x48 ./Libraries/XMCLib/src/xmc_vadc.o
                0x08001fb4                XMC_VADC_GLOBAL_InputClassInit
 .text.XMC_VADC_GLOBAL_StartupCalibration
                0x08001ffc       0x64 ./Libraries/XMCLib/src/xmc_vadc.o
                0x08001ffc                XMC_VADC_GLOBAL_StartupCalibration
 .text.XMC_VADC_GLOBAL_BackgroundSetReqSrcEventInterruptNode
                0x08002060       0x48 ./Libraries/XMCLib/src/xmc_vadc.o
                0x08002060                XMC_VADC_GLOBAL_BackgroundSetReqSrcEventInterruptNode
 .text.XMC_VADC_GROUP_Init
                0x080020a8       0x68 ./Libraries/XMCLib/src/xmc_vadc.o
                0x080020a8                XMC_VADC_GROUP_Init
 .text.XMC_VADC_GROUP_InputClassInit
                0x08002110       0xb8 ./Libraries/XMCLib/src/xmc_vadc.o
                0x08002110                XMC_VADC_GROUP_InputClassInit
 .text.XMC_VADC_GROUP_SetPowerMode
                0x080021c8       0x38 ./Libraries/XMCLib/src/xmc_vadc.o
                0x080021c8                XMC_VADC_GROUP_SetPowerMode
 .text.XMC_VADC_GLOBAL_BackgroundInit
                0x08002200       0xfc ./Libraries/XMCLib/src/xmc_vadc.o
                0x08002200                XMC_VADC_GLOBAL_BackgroundInit
 .text.XMC_VADC_GROUP_ChannelInit
                0x080022fc       0xc8 ./Libraries/XMCLib/src/xmc_vadc.o
                0x080022fc                XMC_VADC_GROUP_ChannelInit
 .text._init    0x080023c4        0xc ./Libraries/Newlib/syscalls.o
                0x080023c4                _init
 .text.XMC_CCU4_EnableClock
                0x080023d0       0x28 ./Dave/Generated/TIMER/timer.o
 .text.XMC_CCU4_SLICE_StartTimer
                0x080023f8       0x18 ./Dave/Generated/TIMER/timer.o
 .text.XMC_CCU4_SLICE_ClearTimer
                0x08002410       0x18 ./Dave/Generated/TIMER/timer.o
 .text.XMC_CCU4_SLICE_SetTimerPeriodMatch
                0x08002428       0x1c ./Dave/Generated/TIMER/timer.o
 .text.XMC_CCU4_SLICE_SetTimerCompareMatch
                0x08002444       0x1c ./Dave/Generated/TIMER/timer.o
 .text.XMC_CCU4_EnableShadowTransfer
                0x08002460       0x1c ./Dave/Generated/TIMER/timer.o
 .text.XMC_CCU4_SLICE_EnableEvent
                0x0800247c       0x2c ./Dave/Generated/TIMER/timer.o
 .text.TIMER_Init
                0x080024a8       0x3c ./Dave/Generated/TIMER/timer.o
                0x080024a8                TIMER_Init
 .text.TIMER_CCU4_lInit
                0x080024e4       0x98 ./Dave/Generated/TIMER/timer.o
                0x080024e4                TIMER_CCU4_lInit
 .text.TIMER_CCU4_lShadowTransfer
                0x0800257c       0x3c ./Dave/Generated/TIMER/timer.o
                0x0800257c                TIMER_CCU4_lShadowTransfer
 .text.XMC_USIC_CH_WriteToTBUFTCI
                0x080025b8       0x24 ./Dave/Generated/SPI_MASTER/spi_master.o
 .text.XMC_USIC_CH_GetTransmitBufferStatus
                0x080025dc       0x20 ./Dave/Generated/SPI_MASTER/spi_master.o
 .text.XMC_USIC_CH_GetReceiveBufferStatus
                0x080025fc       0x1c ./Dave/Generated/SPI_MASTER/spi_master.o
 .text.XMC_USIC_CH_TXFIFO_PutDataHPCMode
                0x08002618       0x24 ./Dave/Generated/SPI_MASTER/spi_master.o
 .text.XMC_USIC_CH_RXFIFO_Flush
                0x0800263c       0x1c ./Dave/Generated/SPI_MASTER/spi_master.o
 .text.XMC_USIC_CH_RXFIFO_IsEmpty
                0x08002658       0x28 ./Dave/Generated/SPI_MASTER/spi_master.o
 .text.XMC_USIC_CH_RXFIFO_ClearEvent
                0x08002680       0x1c ./Dave/Generated/SPI_MASTER/spi_master.o
 .text.XMC_SPI_CH_SetTransmitMode
                0x0800269c       0x2c ./Dave/Generated/SPI_MASTER/spi_master.o
 .text.XMC_SPI_CH_ClearStatusFlag
                0x080026c8       0x20 ./Dave/Generated/SPI_MASTER/spi_master.o
 .text.SPI_MASTER_Init
                0x080026e8       0x20 ./Dave/Generated/SPI_MASTER/spi_master.o
                0x080026e8                SPI_MASTER_Init
 .text.SPI_MASTER_Receive
                0x08002708       0x34 ./Dave/Generated/SPI_MASTER/spi_master.o
                0x08002708                SPI_MASTER_Receive
 .text.SPI_MASTER_lStartReceivePolling
                0x0800273c       0x98 ./Dave/Generated/SPI_MASTER/spi_master.o
 .text.SPI_MASTER_lReceivePolling
                0x080027d4      0x400 ./Dave/Generated/SPI_MASTER/spi_master.o
 .text.SPI_MASTER_lStdRBUFFlush
                0x08002bd4       0x1c ./Dave/Generated/SPI_MASTER/spi_master.o
 .text.XMC_USIC_CH_SetInputSource
                0x08002bf0       0x3c ./Dave/Generated/SPI_MASTER/spi_master_conf.o
 .text.XMC_USIC_CH_SetWordLength
                0x08002c2c       0x2c ./Dave/Generated/SPI_MASTER/spi_master_conf.o
 .text.XMC_USIC_CH_SetFrameLength
                0x08002c58       0x2c ./Dave/Generated/SPI_MASTER/spi_master_conf.o
 .text.XMC_USIC_CH_ConfigureShiftClockOutput
                0x08002c84       0x2c ./Dave/Generated/SPI_MASTER/spi_master_conf.o
 .text.XMC_USIC_CH_SetMode
                0x08002cb0       0x28 ./Dave/Generated/SPI_MASTER/spi_master_conf.o
 .text.XMC_SPI_CH_Start
                0x08002cd8       0x18 ./Dave/Generated/SPI_MASTER/spi_master_conf.o
 .text.XMC_SPI_CH_SetBitOrderMsbFirst
                0x08002cf0       0x20 ./Dave/Generated/SPI_MASTER/spi_master_conf.o
 .text.XMC_SPI_CH_SetSlaveSelectDelay
                0x08002d10       0x2c ./Dave/Generated/SPI_MASTER/spi_master_conf.o
 .text.XMC_SPI_CH_DisableFEM
                0x08002d3c       0x20 ./Dave/Generated/SPI_MASTER/spi_master_conf.o
 .text.XMC_SPI_CH_ConfigureShiftClockOutput
                0x08002d5c       0x1c ./Dave/Generated/SPI_MASTER/spi_master_conf.o
 .text.XMC_SPI_CH_SetWordLength
                0x08002d78       0x1c ./Dave/Generated/SPI_MASTER/spi_master_conf.o
 .text.XMC_SPI_CH_SetFrameLength
                0x08002d94       0x1c ./Dave/Generated/SPI_MASTER/spi_master_conf.o
 .text.XMC_SPI_CH_SetInputSource
                0x08002db0       0x44 ./Dave/Generated/SPI_MASTER/spi_master_conf.o
 .text.SPI_MASTER_0_lInit
                0x08002df4       0xb4 ./Dave/Generated/SPI_MASTER/spi_master_conf.o
 .text.XMC_CCU8_EnableClock
                0x08002ea8       0x28 ./Dave/Generated/PWM_SVM/pwm_svm.o
 .text.XMC_CCU8_SLICE_EnableTrap
                0x08002ed0       0x24 ./Dave/Generated/PWM_SVM/pwm_svm.o
 .text.XMC_CCU8_EnableShadowTransfer
                0x08002ef4       0x1c ./Dave/Generated/PWM_SVM/pwm_svm.o
 .text.XMC_CCU8_SLICE_SetTimerValue
                0x08002f10       0x1c ./Dave/Generated/PWM_SVM/pwm_svm.o
 .text.XMC_CCU8_SLICE_EnableEvent
                0x08002f2c       0x2c ./Dave/Generated/PWM_SVM/pwm_svm.o
 .text.XMC_CCU8_SLICE_ClearEvent
                0x08002f58       0x2c ./Dave/Generated/PWM_SVM/pwm_svm.o
 .text.XMC_SCU_SetCcuTriggerHigh
                0x08002f84       0x24 ./Dave/Generated/PWM_SVM/pwm_svm.o
 .text.XMC_SCU_SetCcuTriggerLow
                0x08002fa8       0x24 ./Dave/Generated/PWM_SVM/pwm_svm.o
 .text.XMC_GPIO_SetOutputHigh
                0x08002fcc       0x20 ./Dave/Generated/PWM_SVM/pwm_svm.o
 .text.XMC_GPIO_SetOutputLow
                0x08002fec       0x24 ./Dave/Generated/PWM_SVM/pwm_svm.o
 .text.PWM_SVM_lEnableEvent
                0x08003010       0x44 ./Dave/Generated/PWM_SVM/pwm_svm.o
                0x08003010                PWM_SVM_lEnableEvent
 .text.PWM_SVM_InverterDisable
                0x08003054       0x4c ./Dave/Generated/PWM_SVM/pwm_svm.o
                0x08003054                PWM_SVM_InverterDisable
 .text.PWM_SVM_InverterEnable
                0x080030a0       0x4c ./Dave/Generated/PWM_SVM/pwm_svm.o
                0x080030a0                PWM_SVM_InverterEnable
 .text.PWM_SVM_Init
                0x080030ec      0x298 ./Dave/Generated/PWM_SVM/pwm_svm.o
                0x080030ec                PWM_SVM_Init
 .text.PWM_SVM_Start
                0x08003384      0x294 ./Dave/Generated/PWM_SVM/pwm_svm.o
                0x08003384                PWM_SVM_Start
 .text.__NVIC_GetPriorityGrouping
                0x08003618       0x1c ./Dave/Generated/PIN_INTERRUPT/pin_interrupt.o
 .text.__NVIC_EnableIRQ
                0x08003634       0x38 ./Dave/Generated/PIN_INTERRUPT/pin_interrupt.o
 .text.__NVIC_ClearPendingIRQ
                0x0800366c       0x3c ./Dave/Generated/PIN_INTERRUPT/pin_interrupt.o
 .text.__NVIC_SetPriority
                0x080036a8       0x54 ./Dave/Generated/PIN_INTERRUPT/pin_interrupt.o
 .text.NVIC_EncodePriority
                0x080036fc       0x64 ./Dave/Generated/PIN_INTERRUPT/pin_interrupt.o
 .text.PIN_INTERRUPT_Init
                0x08003760       0xa0 ./Dave/Generated/PIN_INTERRUPT/pin_interrupt.o
                0x08003760                PIN_INTERRUPT_Init
 .text.__NVIC_GetPriorityGrouping
                0x08003800       0x1c ./Dave/Generated/INTERRUPT/interrupt.o
 .text.__NVIC_EnableIRQ
                0x0800381c       0x38 ./Dave/Generated/INTERRUPT/interrupt.o
 .text.__NVIC_SetPriority
                0x08003854       0x54 ./Dave/Generated/INTERRUPT/interrupt.o
 .text.NVIC_EncodePriority
                0x080038a8       0x64 ./Dave/Generated/INTERRUPT/interrupt.o
 .text.INTERRUPT_Enable
                0x0800390c       0x1c ./Dave/Generated/INTERRUPT/interrupt.o
 .text.INTERRUPT_Init
                0x08003928       0x4c ./Dave/Generated/INTERRUPT/interrupt.o
                0x08003928                INTERRUPT_Init
 .text.XMC_CCU8_StartPrescaler
                0x08003974       0x20 ./Dave/Generated/GLOBAL_CCU8/global_ccu8.o
 .text.GLOBAL_CCU8_Init
                0x08003994       0x40 ./Dave/Generated/GLOBAL_CCU8/global_ccu8.o
                0x08003994                GLOBAL_CCU8_Init
 .text.XMC_CCU4_StartPrescaler
                0x080039d4       0x20 ./Dave/Generated/GLOBAL_CCU4/global_ccu4.o
 .text.GLOBAL_CCU4_Init
                0x080039f4       0x40 ./Dave/Generated/GLOBAL_CCU4/global_ccu4.o
                0x080039f4                GLOBAL_CCU4_Init
 .text.GLOBAL_CAN_Init
                0x08003a34       0x40 ./Dave/Generated/GLOBAL_CAN/global_can.o
                0x08003a34                GLOBAL_CAN_Init
 .text.XMC_VADC_GLOBAL_DisablePostCalibration
                0x08003a74       0x2c ./Dave/Generated/GLOBAL_ADC/global_adc.o
 .text.GLOBAL_ADC_Init
                0x08003aa0       0xb0 ./Dave/Generated/GLOBAL_ADC/global_adc.o
                0x08003aa0                GLOBAL_ADC_Init
 .text.DIGITAL_IO_Init
                0x08003b50       0x40 ./Dave/Generated/DIGITAL_IO/digital_io.o
                0x08003b50                DIGITAL_IO_Init
 .text.__NVIC_SetPriorityGrouping
                0x08003b90       0x48 ./Dave/Generated/CPU_CTRL_XMC4/cpu_ctrl_xmc4_conf.o
 .text.SystemCoreSetup
                0x08003bd8       0xa0 ./Dave/Generated/CPU_CTRL_XMC4/cpu_ctrl_xmc4_conf.o
                0x08003bd8                SystemCoreSetup
 .text.CLOCK_XMC4_Init
                0x08003c78       0x20 ./Dave/Generated/CLOCK_XMC4/clock_xmc4.o
                0x08003c78                CLOCK_XMC4_Init
 .text.OSCHP_GetFrequency
                0x08003c98       0x14 ./Dave/Generated/CLOCK_XMC4/clock_xmc4.o
                0x08003c98                OSCHP_GetFrequency
 .text.SystemCoreClockSetup
                0x08003cac       0x54 ./Dave/Generated/CLOCK_XMC4/clock_xmc4_conf.o
                0x08003cac                SystemCoreClockSetup
 .text.XMC_CAN_NODE_SetEventNodePointer
                0x08003d00       0x38 ./Dave/Generated/CAN_NODE/can_node.o
 .text.XMC_CAN_NODE_SetReceiveInput
                0x08003d38       0x2c ./Dave/Generated/CAN_NODE/can_node.o
 .text.XMC_CAN_NODE_EnableLoopBack
                0x08003d64       0x20 ./Dave/Generated/CAN_NODE/can_node.o
 .text.XMC_CAN_NODE_EnableConfigurationChange
                0x08003d84       0x20 ./Dave/Generated/CAN_NODE/can_node.o
 .text.XMC_CAN_NODE_DisableConfigurationChange
                0x08003da4       0x20 ./Dave/Generated/CAN_NODE/can_node.o
 .text.XMC_CAN_NODE_SetInitBit
                0x08003dc4       0x20 ./Dave/Generated/CAN_NODE/can_node.o
 .text.XMC_CAN_NODE_ResetInitBit
                0x08003de4       0x20 ./Dave/Generated/CAN_NODE/can_node.o
 .text.XMC_CAN_MO_SetEventNodePointer
                0x08003e04       0x3c ./Dave/Generated/CAN_NODE/can_node.o
 .text.XMC_CAN_MO_EnableEvent
                0x08003e40       0x24 ./Dave/Generated/CAN_NODE/can_node.o
 .text.CAN_NODE_MO_EnableTxEvent
                0x08003e64       0x1c ./Dave/Generated/CAN_NODE/can_node.o
 .text.CAN_NODE_MO_EnableRxEvent
                0x08003e80       0x1c ./Dave/Generated/CAN_NODE/can_node.o
 .text.CAN_NODE_SetNodeEvents
                0x08003e9c       0x74 ./Dave/Generated/CAN_NODE/can_node.o
 .text.CAN_NODE_SetNodePointer
                0x08003f10       0x68 ./Dave/Generated/CAN_NODE/can_node.o
 .text.CAN_NODE_MO_Init
                0x08003f78       0x58 ./Dave/Generated/CAN_NODE/can_node.o
                0x08003f78                CAN_NODE_MO_Init
 .text.CAN_NODE_MO_Transmit
                0x08003fd0       0x24 ./Dave/Generated/CAN_NODE/can_node.o
                0x08003fd0                CAN_NODE_MO_Transmit
 .text.CAN_NODE_MO_Receive
                0x08003ff4       0x24 ./Dave/Generated/CAN_NODE/can_node.o
                0x08003ff4                CAN_NODE_MO_Receive
 .text.CAN_NODE_MO_UpdateData
                0x08004018       0x40 ./Dave/Generated/CAN_NODE/can_node.o
                0x08004018                CAN_NODE_MO_UpdateData
 .text.CAN_NODE_Init
                0x08004058      0x130 ./Dave/Generated/CAN_NODE/can_node.o
                0x08004058                CAN_NODE_Init
 .text.XMC_GPIO_SetOutputLevel
                0x08004188       0x24 ./Dave/Generated/BUS_IO/bus_io.o
 .text.BUS_IO_Init
                0x080041ac       0x64 ./Dave/Generated/BUS_IO/bus_io.o
                0x080041ac                BUS_IO_Init
 .text.BUS_IO_Write
                0x08004210       0x70 ./Dave/Generated/BUS_IO/bus_io.o
                0x08004210                BUS_IO_Write
 .text.__NVIC_GetPriorityGrouping
                0x08004280       0x1c ./Dave/Generated/ADC_MEASUREMENT/adc_measurement.o
 .text.__NVIC_EnableIRQ
                0x0800429c       0x38 ./Dave/Generated/ADC_MEASUREMENT/adc_measurement.o
 .text.__NVIC_SetPriority
                0x080042d4       0x54 ./Dave/Generated/ADC_MEASUREMENT/adc_measurement.o
 .text.NVIC_EncodePriority
                0x08004328       0x64 ./Dave/Generated/ADC_MEASUREMENT/adc_measurement.o
 .text.XMC_VADC_GLOBAL_BackgroundTriggerConversion
                0x0800438c       0x24 ./Dave/Generated/ADC_MEASUREMENT/adc_measurement.o
 .text.XMC_VADC_GLOBAL_BackgroundAddChannelToSequence
                0x080043b0       0x38 ./Dave/Generated/ADC_MEASUREMENT/adc_measurement.o
 .text.XMC_VADC_GROUP_ResultInit
                0x080043e8       0x24 ./Dave/Generated/ADC_MEASUREMENT/adc_measurement.o
 .text.XMC_VADC_GROUP_GetResult
                0x0800440c       0x24 ./Dave/Generated/ADC_MEASUREMENT/adc_measurement.o
 .text.ADC_MEASUREMENT_Init
                0x08004430      0x150 ./Dave/Generated/ADC_MEASUREMENT/adc_measurement.o
                0x08004430                ADC_MEASUREMENT_Init
 .text.ADC_MEASUREMENT_StartConversion
                0x08004580       0x1c ./Dave/Generated/ADC_MEASUREMENT/adc_measurement.o
                0x08004580                ADC_MEASUREMENT_StartConversion
 .text.ADC_MEASUREMENT_GetResult
                0x0800459c       0x30 ./Dave/Generated/ADC_MEASUREMENT/adc_measurement.o
                0x0800459c                ADC_MEASUREMENT_GetResult
 .text.DAVE_Init
                0x080045cc      0x1f0 ./Dave/Generated/DAVE.o
                0x080045cc                DAVE_Init
 .text.CAN0_1_IRQHandler
                0x080047bc      0x100 ./CAN.o
                0x080047bc                CAN0_1_IRQHandler
 .text.CAN0_0_IRQHandler
                0x080048bc       0x58 ./CAN.o
                0x080048bc                CAN0_0_IRQHandler
 *fill*         0x08004914        0x4 
 .text.CCU43_0_IRQHandler
                0x08004918      0x178 ./CAN.o
                0x08004918                CCU43_0_IRQHandler
 .text.XMC_GPIO_GetInput
                0x08004a90       0x28 ./Hall_Sensors.o
 .text.PIN_INTERRUPT_GetPinValue
                0x08004ab8       0x24 ./Hall_Sensors.o
 .text.CCU43_3_IRQHandler
                0x08004adc       0x38 ./Hall_Sensors.o
                0x08004adc                CCU43_3_IRQHandler
 .text.ERU1_2_IRQHandler
                0x08004b14       0x64 ./Hall_Sensors.o
                0x08004b14                ERU1_2_IRQHandler
 .text.ERU1_0_IRQHandler
                0x08004b78       0x2c ./Hall_Sensors.o
                0x08004b78                ERU1_0_IRQHandler
 .text.ERU1_3_IRQHandler
                0x08004ba4       0x2c ./Hall_Sensors.o
                0x08004ba4                ERU1_3_IRQHandler
 .text.Hall_init
                0x08004bd0       0x9c ./Hall_Sensors.o
                0x08004bd0                Hall_init
 .text.HallSensor
                0x08004c6c       0xdc ./Hall_Sensors.o
                0x08004c6c                HallSensor
 .text.omega_param_selctor
                0x08004d48       0xf4 ./PI_Controller.o
                0x08004d48                omega_param_selctor
 *fill*         0x08004e3c        0x4 
 .text.PI_Controller
                0x08004e40      0x110 ./PI_Controller.o
                0x08004e40                PI_Controller
 .text.readCurrent
                0x08004f50       0xa8 ./Read_Current_Sensor.o
                0x08004f50                readCurrent
 .text.XMC_GPIO_SetOutputHigh
                0x08004ff8       0x20 ./main.o
 .text.XMC_GPIO_SetOutputLow
                0x08005018       0x24 ./main.o
 .text.DIGITAL_IO_SetOutputHigh
                0x0800503c       0x20 ./main.o
 .text.DIGITAL_IO_SetOutputLow
                0x0800505c       0x20 ./main.o
 .text.main     0x0800507c       0x98 ./main.o
                0x0800507c                main
 .text.VADC0_C0_2_IRQHandler
                0x08005114       0x1c ./main.o
                0x08005114                VADC0_C0_2_IRQHandler
 .text.CCU43_1_IRQHandler
                0x08005130        0xc ./main.o
                0x08005130                CCU43_1_IRQHandler
 .text.CCU80_3_IRQHandler
                0x0800513c       0x68 ./main.o
                0x0800513c                CCU80_3_IRQHandler
 *fill*         0x080051a4        0x4 
 .text.Calculation
                0x080051a8      0xae0 ./main.o
                0x080051a8                Calculation
 .text.f_rec_data
                0x08005c88      0x124 ./rec_data_function.o
                0x08005c88                f_rec_data
 .text.copysign
                0x08005dac       0x10 c:/dave/dave-ide-4.4.2-64bit/dave-ide-4.4.2-64bit/eclipse/arm-gcc-49/bin/../lib/gcc/arm-none-eabi/4.9.3/../../../../arm-none-eabi/lib/armv7e-m/softfp\libm.a(lib_a-s_copysign.o)
                0x08005dac                copysign
 .text.atanf    0x08005dbc      0x1bc c:/dave/dave-ide-4.4.2-64bit/dave-ide-4.4.2-64bit/eclipse/arm-gcc-49/bin/../lib/gcc/arm-none-eabi/4.9.3/../../../../arm-none-eabi/lib/armv7e-m/softfp\libm.a(lib_a-sf_atan.o)
                0x08005dbc                atanf
 .text.cosf     0x08005f78       0x8c c:/dave/dave-ide-4.4.2-64bit/dave-ide-4.4.2-64bit/eclipse/arm-gcc-49/bin/../lib/gcc/arm-none-eabi/4.9.3/../../../../arm-none-eabi/lib/armv7e-m/softfp\libm.a(lib_a-sf_cos.o)
                0x08005f78                cosf
 .text.fabsf    0x08006004        0x8 c:/dave/dave-ide-4.4.2-64bit/dave-ide-4.4.2-64bit/eclipse/arm-gcc-49/bin/../lib/gcc/arm-none-eabi/4.9.3/../../../../arm-none-eabi/lib/armv7e-m/softfp\libm.a(lib_a-sf_fabs.o)
                0x08006004                fabsf
 .text.sinf     0x0800600c       0x9c c:/dave/dave-ide-4.4.2-64bit/dave-ide-4.4.2-64bit/eclipse/arm-gcc-49/bin/../lib/gcc/arm-none-eabi/4.9.3/../../../../arm-none-eabi/lib/armv7e-m/softfp\libm.a(lib_a-sf_sin.o)
                0x0800600c                sinf
 .text.sqrtf    0x080060a8       0xb0 c:/dave/dave-ide-4.4.2-64bit/dave-ide-4.4.2-64bit/eclipse/arm-gcc-49/bin/../lib/gcc/arm-none-eabi/4.9.3/../../../../arm-none-eabi/lib/armv7e-m/softfp\libm.a(lib_a-wf_sqrt.o)
                0x080060a8                sqrtf
 .text.__ieee754_rem_pio2f
                0x08006158      0x298 c:/dave/dave-ide-4.4.2-64bit/dave-ide-4.4.2-64bit/eclipse/arm-gcc-49/bin/../lib/gcc/arm-none-eabi/4.9.3/../../../../arm-none-eabi/lib/armv7e-m/softfp\libm.a(lib_a-ef_rem_pio2.o)
                0x08006158                __ieee754_rem_pio2f
 .text.__ieee754_sqrtf
                0x080063f0       0xac c:/dave/dave-ide-4.4.2-64bit/dave-ide-4.4.2-64bit/eclipse/arm-gcc-49/bin/../lib/gcc/arm-none-eabi/4.9.3/../../../../arm-none-eabi/lib/armv7e-m/softfp\libm.a(lib_a-ef_sqrt.o)
                0x080063f0                __ieee754_sqrtf
 .text.__kernel_cosf
                0x0800649c      0x114 c:/dave/dave-ide-4.4.2-64bit/dave-ide-4.4.2-64bit/eclipse/arm-gcc-49/bin/../lib/gcc/arm-none-eabi/4.9.3/../../../../arm-none-eabi/lib/armv7e-m/softfp\libm.a(lib_a-kf_cos.o)
                0x0800649c                __kernel_cosf
 .text.__kernel_rem_pio2f
                0x080065b0      0x628 c:/dave/dave-ide-4.4.2-64bit/dave-ide-4.4.2-64bit/eclipse/arm-gcc-49/bin/../lib/gcc/arm-none-eabi/4.9.3/../../../../arm-none-eabi/lib/armv7e-m/softfp\libm.a(lib_a-kf_rem_pio2.o)
                0x080065b0                __kernel_rem_pio2f
 .text.__kernel_sinf
                0x08006bd8       0x9c c:/dave/dave-ide-4.4.2-64bit/dave-ide-4.4.2-64bit/eclipse/arm-gcc-49/bin/../lib/gcc/arm-none-eabi/4.9.3/../../../../arm-none-eabi/lib/armv7e-m/softfp\libm.a(lib_a-kf_sin.o)
                0x08006bd8                __kernel_sinf
 .text.matherr  0x08006c74        0x4 c:/dave/dave-ide-4.4.2-64bit/dave-ide-4.4.2-64bit/eclipse/arm-gcc-49/bin/../lib/gcc/arm-none-eabi/4.9.3/../../../../arm-none-eabi/lib/armv7e-m/softfp\libm.a(lib_a-s_matherr.o)
                0x08006c74                matherr
 .text.floorf   0x08006c78       0xb4 c:/dave/dave-ide-4.4.2-64bit/dave-ide-4.4.2-64bit/eclipse/arm-gcc-49/bin/../lib/gcc/arm-none-eabi/4.9.3/../../../../arm-none-eabi/lib/armv7e-m/softfp\libm.a(lib_a-sf_floor.o)
                0x08006c78                floorf
 .text.__fpclassifyf
                0x08006d2c       0x34 c:/dave/dave-ide-4.4.2-64bit/dave-ide-4.4.2-64bit/eclipse/arm-gcc-49/bin/../lib/gcc/arm-none-eabi/4.9.3/../../../../arm-none-eabi/lib/armv7e-m/softfp\libm.a(lib_a-sf_fpclassify.o)
                0x08006d2c                __fpclassifyf
 .text.scalbnf  0x08006d60      0x100 c:/dave/dave-ide-4.4.2-64bit/dave-ide-4.4.2-64bit/eclipse/arm-gcc-49/bin/../lib/gcc/arm-none-eabi/4.9.3/../../../../arm-none-eabi/lib/armv7e-m/softfp\libm.a(lib_a-sf_scalbn.o)
                0x08006d60                scalbnf
 .text.copysignf
                0x08006e60        0xc c:/dave/dave-ide-4.4.2-64bit/dave-ide-4.4.2-64bit/eclipse/arm-gcc-49/bin/../lib/gcc/arm-none-eabi/4.9.3/../../../../arm-none-eabi/lib/armv7e-m/softfp\libm.a(lib_a-sf_copysign.o)
                0x08006e60                copysignf
 .text          0x08006e6c      0x370 c:/dave/dave-ide-4.4.2-64bit/dave-ide-4.4.2-64bit/eclipse/arm-gcc-49/bin/../lib/gcc/arm-none-eabi/4.9.3/armv7e-m/softfp\libgcc.a(_arm_addsubdf3.o)
                0x08006e6c                __aeabi_drsub
                0x08006e74                __aeabi_dsub
                0x08006e74                __subdf3
                0x08006e78                __aeabi_dadd
                0x08006e78                __adddf3
                0x080070f0                __floatunsidf
                0x080070f0                __aeabi_ui2d
                0x08007110                __floatsidf
                0x08007110                __aeabi_i2d
                0x08007134                __aeabi_f2d
                0x08007134                __extendsfdf2
                0x08007170                __floatundidf
                0x08007170                __aeabi_ul2d
                0x08007180                __floatdidf
                0x08007180                __aeabi_l2d
 .text          0x080071dc      0x424 c:/dave/dave-ide-4.4.2-64bit/dave-ide-4.4.2-64bit/eclipse/arm-gcc-49/bin/../lib/gcc/arm-none-eabi/4.9.3/armv7e-m/softfp\libgcc.a(_arm_muldivdf3.o)
                0x080071dc                __aeabi_dmul
                0x080071dc                __muldf3
                0x08007430                __divdf3
                0x08007430                __aeabi_ddiv
 .text          0x08007600      0x110 c:/dave/dave-ide-4.4.2-64bit/dave-ide-4.4.2-64bit/eclipse/arm-gcc-49/bin/../lib/gcc/arm-none-eabi/4.9.3/armv7e-m/softfp\libgcc.a(_arm_cmpdf2.o)
                0x08007600                __gtdf2
                0x08007600                __gedf2
                0x08007608                __ltdf2
                0x08007608                __ledf2
                0x08007610                __nedf2
                0x08007610                __eqdf2
                0x08007610                __cmpdf2
                0x0800768c                __aeabi_cdrcmple
                0x0800769c                __aeabi_cdcmpeq
                0x0800769c                __aeabi_cdcmple
                0x080076ac                __aeabi_dcmpeq
                0x080076c0                __aeabi_dcmplt
                0x080076d4                __aeabi_dcmple
                0x080076e8                __aeabi_dcmpge
                0x080076fc                __aeabi_dcmpgt
 .text          0x08007710       0xa0 c:/dave/dave-ide-4.4.2-64bit/dave-ide-4.4.2-64bit/eclipse/arm-gcc-49/bin/../lib/gcc/arm-none-eabi/4.9.3/armv7e-m/softfp\libgcc.a(_arm_truncdfsf2.o)
                0x08007710                __truncdfsf2
                0x08007710                __aeabi_d2f
 .text.__errno  0x080077b0        0xc c:/dave/dave-ide-4.4.2-64bit/dave-ide-4.4.2-64bit/eclipse/arm-gcc-49/bin/../lib/gcc/arm-none-eabi/4.9.3/../../../../arm-none-eabi/lib/armv7e-m/softfp\libg_nano.a(lib_a-errno.o)
                0x080077b0                __errno
 .text.__libc_init_array
                0x080077bc       0x4c c:/dave/dave-ide-4.4.2-64bit/dave-ide-4.4.2-64bit/eclipse/arm-gcc-49/bin/../lib/gcc/arm-none-eabi/4.9.3/../../../../arm-none-eabi/lib/armv7e-m/softfp\libg_nano.a(lib_a-init.o)
                0x080077bc                __libc_init_array
 .text.__libc_init_array.__stub
                0x08007808       0x10 linker stubs
 *(.init)
 *(.fini)
 *crtbegin.o(.ctors)
 *crtbegin?.o(.ctors)
 *(EXCLUDE_FILE(*crtend.o *crtend?.o) .ctors)
 *(SORT(.ctors.*))
 *(.ctors)
 *crtbegin.o(.dtors)
 *crtbegin?.o(.dtors)
 *(EXCLUDE_FILE(*crtend.o *crtend?.o) .dtors)
 *(SORT(.dtors.*))
 *(.dtors)
 *(.rodata .rodata.*)
 .rodata.g_xmc_vadc_group_array
                0x08007818       0x10 ./Libraries/XMCLib/src/xmc_vadc.o
 .rodata.SPI_MASTER_0_MOSI
                0x08007828        0x8 ./Dave/Generated/SPI_MASTER/spi_master_conf.o
                0x08007828                SPI_MASTER_0_MOSI
 .rodata.SPI_MASTER_0_MISO
                0x08007830        0x8 ./Dave/Generated/SPI_MASTER/spi_master_conf.o
                0x08007830                SPI_MASTER_0_MISO
 .rodata.SPI_MASTER_0_SCLKOUT
                0x08007838        0x8 ./Dave/Generated/SPI_MASTER/spi_master_conf.o
                0x08007838                SPI_MASTER_0_SCLKOUT
 .rodata.SPI_MASTER_0_SCLKOUT_Config
                0x08007840       0x14 ./Dave/Generated/SPI_MASTER/spi_master_conf.o
                0x08007840                SPI_MASTER_0_SCLKOUT_Config
 .rodata.SPI_MASTER_0_Config
                0x08007854       0x8c ./Dave/Generated/SPI_MASTER/spi_master_conf.o
                0x08007854                SPI_MASTER_0_Config
 .rodata.PWM_SVM_0_PhUHighPin
                0x080078e0        0x8 ./Dave/Generated/PWM_SVM/pwm_svm_conf.o
                0x080078e0                PWM_SVM_0_PhUHighPin
 .rodata.PWM_SVM_0_PhULowPin
                0x080078e8        0x8 ./Dave/Generated/PWM_SVM/pwm_svm_conf.o
                0x080078e8                PWM_SVM_0_PhULowPin
 .rodata.PWM_SVM_0_PhVHighPin
                0x080078f0        0x8 ./Dave/Generated/PWM_SVM/pwm_svm_conf.o
                0x080078f0                PWM_SVM_0_PhVHighPin
 .rodata.PWM_SVM_0_PhVLowPin
                0x080078f8        0x8 ./Dave/Generated/PWM_SVM/pwm_svm_conf.o
                0x080078f8                PWM_SVM_0_PhVLowPin
 .rodata.PWM_SVM_0_PhWHighPin
                0x08007900        0x8 ./Dave/Generated/PWM_SVM/pwm_svm_conf.o
                0x08007900                PWM_SVM_0_PhWHighPin
 .rodata.PWM_SVM_0_PhWLowPin
                0x08007908        0x8 ./Dave/Generated/PWM_SVM/pwm_svm_conf.o
                0x08007908                PWM_SVM_0_PhWLowPin
 .rodata.PWM_SVM_0_PhUHiOutPinConf
                0x08007910        0xc ./Dave/Generated/PWM_SVM/pwm_svm_conf.o
                0x08007910                PWM_SVM_0_PhUHiOutPinConf
 .rodata.PWM_SVM_0_PhULoOutPinConf
                0x0800791c        0xc ./Dave/Generated/PWM_SVM/pwm_svm_conf.o
                0x0800791c                PWM_SVM_0_PhULoOutPinConf
 .rodata.PWM_SVM_0_PhVHiOutPinConf
                0x08007928        0xc ./Dave/Generated/PWM_SVM/pwm_svm_conf.o
                0x08007928                PWM_SVM_0_PhVHiOutPinConf
 .rodata.PWM_SVM_0_PhVLoOutPinConf
                0x08007934        0xc ./Dave/Generated/PWM_SVM/pwm_svm_conf.o
                0x08007934                PWM_SVM_0_PhVLoOutPinConf
 .rodata.PWM_SVM_0_PhWHiOutPinConf
                0x08007940        0xc ./Dave/Generated/PWM_SVM/pwm_svm_conf.o
                0x08007940                PWM_SVM_0_PhWHiOutPinConf
 .rodata.PWM_SVM_0_PhWLoOutPinConf
                0x0800794c        0xc ./Dave/Generated/PWM_SVM/pwm_svm_conf.o
                0x0800794c                PWM_SVM_0_PhWLoOutPinConf
 .rodata.PWM_SVM_0_PhU
                0x08007958        0x8 ./Dave/Generated/PWM_SVM/pwm_svm_conf.o
                0x08007958                PWM_SVM_0_PhU
 .rodata.PWM_SVM_0_PhV
                0x08007960        0x8 ./Dave/Generated/PWM_SVM/pwm_svm_conf.o
                0x08007960                PWM_SVM_0_PhV
 .rodata.PWM_SVM_0_PhW
                0x08007968        0x8 ./Dave/Generated/PWM_SVM/pwm_svm_conf.o
                0x08007968                PWM_SVM_0_PhW
 .rodata.PWM_SVM_0_CurrentTrig
                0x08007970        0x8 ./Dave/Generated/PWM_SVM/pwm_svm_conf.o
                0x08007970                PWM_SVM_0_CurrentTrig
 .rodata.PWM_SVM_0_StartConfig
                0x08007978        0x4 ./Dave/Generated/PWM_SVM/pwm_svm_conf.o
                0x08007978                PWM_SVM_0_StartConfig
 .rodata.PWM_SVM_0_TimerInitHandle
                0x0800797c       0x10 ./Dave/Generated/PWM_SVM/pwm_svm_conf.o
                0x0800797c                PWM_SVM_0_TimerInitHandle
 .rodata.PWM_SVM_0_TimerInit_CurrentTrig
                0x0800798c       0x10 ./Dave/Generated/PWM_SVM/pwm_svm_conf.o
                0x0800798c                PWM_SVM_0_TimerInit_CurrentTrig
 .rodata.PWM_SVM_0_AppConfig
                0x0800799c       0x4c ./Dave/Generated/PWM_SVM/pwm_svm_conf.o
                0x0800799c                PWM_SVM_0_AppConfig
 .rodata.Sinus60_tab
                0x080079e8      0x804 ./Dave/Generated/PWM_SVM/pwm_svm_table.o
                0x080079e8                Sinus60_tab
 .rodata.OverCurrent_U
                0x080081ec       0x24 ./Dave/Generated/PIN_INTERRUPT/pin_interrupt_conf.o
                0x080081ec                OverCurrent_U
 .rodata.OverCurrent_V
                0x08008210       0x24 ./Dave/Generated/PIN_INTERRUPT/pin_interrupt_conf.o
                0x08008210                OverCurrent_V
 .rodata.OverCurrent_W
                0x08008234       0x24 ./Dave/Generated/PIN_INTERRUPT/pin_interrupt_conf.o
                0x08008234                OverCurrent_W
 .rodata.Hall_A_ISR
                0x08008258       0x24 ./Dave/Generated/PIN_INTERRUPT/pin_interrupt_conf.o
                0x08008258                Hall_A_ISR
 .rodata.Hall_B_ISR
                0x0800827c       0x24 ./Dave/Generated/PIN_INTERRUPT/pin_interrupt_conf.o
                0x0800827c                Hall_B_ISR
 .rodata.Hall_C_ISR
                0x080082a0       0x24 ./Dave/Generated/PIN_INTERRUPT/pin_interrupt_conf.o
                0x080082a0                Hall_C_ISR
 .rodata.INTERRUPT_0
                0x080082c4        0x4 ./Dave/Generated/INTERRUPT/interrupt_conf.o
                0x080082c4                INTERRUPT_0
 .rodata.Time_Counter
                0x080082c8        0x4 ./Dave/Generated/INTERRUPT/interrupt_conf.o
                0x080082c8                Time_Counter
 .rodata.calc_ISR
                0x080082cc        0x4 ./Dave/Generated/INTERRUPT/interrupt_conf.o
                0x080082cc                calc_ISR
 .rodata.CAN_RX_MO2
                0x080082d0        0x4 ./Dave/Generated/INTERRUPT/interrupt_conf.o
                0x080082d0                CAN_RX_MO2
 .rodata.INTERRUPT_1
                0x080082d4        0x4 ./Dave/Generated/INTERRUPT/interrupt_conf.o
                0x080082d4                INTERRUPT_1
 .rodata.CAN_TX
                0x080082d8        0x4 ./Dave/Generated/INTERRUPT/interrupt_conf.o
                0x080082d8                CAN_TX
 .rodata.CAN_RX_MO7
                0x080082dc        0x4 ./Dave/Generated/INTERRUPT/interrupt_conf.o
                0x080082dc                CAN_RX_MO7
 .rodata.group_init_handle0
                0x080082e0       0x14 ./Dave/Generated/GLOBAL_ADC/global_adc_conf.o
                0x080082e0                group_init_handle0
 .rodata.group_init_handle1
                0x080082f4       0x14 ./Dave/Generated/GLOBAL_ADC/global_adc_conf.o
                0x080082f4                group_init_handle1
 .rodata.group_init_handle2
                0x08008308       0x14 ./Dave/Generated/GLOBAL_ADC/global_adc_conf.o
                0x08008308                group_init_handle2
 .rodata.group_init_handle3
                0x0800831c       0x14 ./Dave/Generated/GLOBAL_ADC/global_adc_conf.o
                0x0800831c                group_init_handle3
 .rodata.global_config
                0x08008330       0x18 ./Dave/Generated/GLOBAL_ADC/global_adc_conf.o
                0x08008330                global_config
 .rodata.status_LED_green
                0x08008348       0x14 ./Dave/Generated/DIGITAL_IO/digital_io_conf.o
                0x08008348                status_LED_green
 .rodata.status_LED_red_cal_time
                0x0800835c       0x14 ./Dave/Generated/DIGITAL_IO/digital_io_conf.o
                0x0800835c                status_LED_red_cal_time
 .rodata        0x08008370       0x14 ./Dave/Generated/CLOCK_XMC4/clock_xmc4_conf.o
 .rodata.CAN_NODE_0_gpio_out
                0x08008384        0x8 ./Dave/Generated/CAN_NODE/can_node_conf.o
                0x08008384                CAN_NODE_0_gpio_out
 .rodata.CAN_NODE_0_gpio_out_config
                0x0800838c        0xc ./Dave/Generated/CAN_NODE/can_node_conf.o
                0x0800838c                CAN_NODE_0_gpio_out_config
 .rodata.CAN_NODE_0_gpio_in
                0x08008398        0x8 ./Dave/Generated/CAN_NODE/can_node_conf.o
                0x08008398                CAN_NODE_0_gpio_in
 .rodata.CAN_NODE_0_gpio_in_config
                0x080083a0        0xc ./Dave/Generated/CAN_NODE/can_node_conf.o
                0x080083a0                CAN_NODE_0_gpio_in_config
 .rodata.CAN_NODE_0_sr
                0x080083ac        0x4 ./Dave/Generated/CAN_NODE/can_node_conf.o
                0x080083ac                CAN_NODE_0_sr
 .rodata.CAN_NODE_0_LMO_01_Config
                0x080083b0        0xc ./Dave/Generated/CAN_NODE/can_node_conf.o
                0x080083b0                CAN_NODE_0_LMO_01_Config
 .rodata.CAN_NODE_0_LMO_02_Config
                0x080083bc        0xc ./Dave/Generated/CAN_NODE/can_node_conf.o
                0x080083bc                CAN_NODE_0_LMO_02_Config
 .rodata.CAN_NODE_0_LMO_03_Config
                0x080083c8        0xc ./Dave/Generated/CAN_NODE/can_node_conf.o
                0x080083c8                CAN_NODE_0_LMO_03_Config
 .rodata.CAN_NODE_0_LMO_04_Config
                0x080083d4        0xc ./Dave/Generated/CAN_NODE/can_node_conf.o
                0x080083d4                CAN_NODE_0_LMO_04_Config
 .rodata.CAN_NODE_0_LMO_05_Config
                0x080083e0        0xc ./Dave/Generated/CAN_NODE/can_node_conf.o
                0x080083e0                CAN_NODE_0_LMO_05_Config
 .rodata.CAN_NODE_0_LMO_06_Config
                0x080083ec        0xc ./Dave/Generated/CAN_NODE/can_node_conf.o
                0x080083ec                CAN_NODE_0_LMO_06_Config
 .rodata.CAN_NODE_0_LMO_07_Config
                0x080083f8        0xc ./Dave/Generated/CAN_NODE/can_node_conf.o
                0x080083f8                CAN_NODE_0_LMO_07_Config
 .rodata.CAN_NODE_0
                0x08008404       0xa8 ./Dave/Generated/CAN_NODE/can_node_conf.o
                0x08008404                CAN_NODE_0
 .rodata.SPI_ChipSelect_pin_list
                0x080084ac       0x18 ./Dave/Generated/BUS_IO/bus_io_conf.o
                0x080084ac                SPI_ChipSelect_pin_list
 .rodata.global_iclass_config
                0x080084c4        0x4 ./Dave/Generated/ADC_MEASUREMENT/adc_measurement_conf.o
                0x080084c4                global_iclass_config
 .rodata.backgnd_rs_intr_handle
                0x080084c8        0xc ./Dave/Generated/ADC_MEASUREMENT/adc_measurement_conf.o
                0x080084c8                backgnd_rs_intr_handle
 .rodata.backgnd_config
                0x080084d4        0xc ./Dave/Generated/ADC_MEASUREMENT/adc_measurement_conf.o
                0x080084d4                backgnd_config
 .rodata.atanlo
                0x080084e0       0x10 c:/dave/dave-ide-4.4.2-64bit/dave-ide-4.4.2-64bit/eclipse/arm-gcc-49/bin/../lib/gcc/arm-none-eabi/4.9.3/../../../../arm-none-eabi/lib/armv7e-m/softfp\libm.a(lib_a-sf_atan.o)
 .rodata.atanhi
                0x080084f0       0x10 c:/dave/dave-ide-4.4.2-64bit/dave-ide-4.4.2-64bit/eclipse/arm-gcc-49/bin/../lib/gcc/arm-none-eabi/4.9.3/../../../../arm-none-eabi/lib/armv7e-m/softfp\libm.a(lib_a-sf_atan.o)
 .rodata.str1.4
                0x08008500        0x8 c:/dave/dave-ide-4.4.2-64bit/dave-ide-4.4.2-64bit/eclipse/arm-gcc-49/bin/../lib/gcc/arm-none-eabi/4.9.3/../../../../arm-none-eabi/lib/armv7e-m/softfp\libm.a(lib_a-wf_sqrt.o)
 .rodata.npio2_hw
                0x08008508       0x80 c:/dave/dave-ide-4.4.2-64bit/dave-ide-4.4.2-64bit/eclipse/arm-gcc-49/bin/../lib/gcc/arm-none-eabi/4.9.3/../../../../arm-none-eabi/lib/armv7e-m/softfp\libm.a(lib_a-ef_rem_pio2.o)
 .rodata.two_over_pi
                0x08008588      0x318 c:/dave/dave-ide-4.4.2-64bit/dave-ide-4.4.2-64bit/eclipse/arm-gcc-49/bin/../lib/gcc/arm-none-eabi/4.9.3/../../../../arm-none-eabi/lib/armv7e-m/softfp\libm.a(lib_a-ef_rem_pio2.o)
 .rodata.init_jk
                0x080088a0        0xc c:/dave/dave-ide-4.4.2-64bit/dave-ide-4.4.2-64bit/eclipse/arm-gcc-49/bin/../lib/gcc/arm-none-eabi/4.9.3/../../../../arm-none-eabi/lib/armv7e-m/softfp\libm.a(lib_a-kf_rem_pio2.o)
 .rodata.PIo2   0x080088ac       0x2c c:/dave/dave-ide-4.4.2-64bit/dave-ide-4.4.2-64bit/eclipse/arm-gcc-49/bin/../lib/gcc/arm-none-eabi/4.9.3/../../../../arm-none-eabi/lib/armv7e-m/softfp\libm.a(lib_a-kf_rem_pio2.o)
 .rodata.str1.1
                0x080088d8        0x2 c:/dave/dave-ide-4.4.2-64bit/dave-ide-4.4.2-64bit/eclipse/arm-gcc-49/bin/../lib/gcc/arm-none-eabi/4.9.3/../../../../arm-none-eabi/lib/armv7e-m/softfp\libg_nano.a(lib_a-impure.o)
 *(.gnu.linkonce.r*)
 *(vtable)
                0x080088dc                . = ALIGN (0x4)
 *fill*         0x080088da        0x2 

.glue_7         0x080088dc        0x0 load address 0x0c0088dc
 .glue_7        0x00000000        0x0 linker stubs

.glue_7t        0x080088dc        0x0 load address 0x0c0088dc
 .glue_7t       0x00000000        0x0 linker stubs

.vfp11_veneer   0x080088dc        0x0 load address 0x0c0088dc
 .vfp11_veneer  0x00000000        0x0 linker stubs

.v4_bx          0x080088dc        0x0 load address 0x0c0088dc
 .v4_bx         0x00000000        0x0 linker stubs

.iplt           0x080088dc        0x0 load address 0x0c0088dc
 .iplt          0x00000000        0x0 ./Startup/startup_XMC4500.o

.eh_frame_hdr
 *(.eh_frame_hdr)

.eh_frame
 *(.eh_frame)

.ARM.extab
 *(.ARM.extab* .gnu.linkonce.armextab.*)
                0x080088dc                . = ALIGN (0x4)
                0x080088dc                __exidx_start = .

.ARM.exidx
 *(.ARM.exidx* .gnu.linkonce.armexidx.*)
                0x080088dc                __exidx_end = .
                0x080088dc                . = ALIGN (0x4)

Stack           0x10000000      0x800
                0x10000000                __stack_start = .
                0x10000800                . = (. + stack_size)
 *fill*         0x10000000      0x800 
                0x10000800                __stack_end = .
                0x10000800                __initial_sp = .

.ram_code       0x10000800      0x448 load address 0x0c0088dc
                0x10000800                . = ALIGN (0x4)
                0x10000800                __ram_code_start = .
 *(.ram_code)
 .ram_code      0x10000800      0x448 ./Dave/Generated/PWM_SVM/pwm_svm.o
                0x10000960                PWM_SVM_CalCmpValueSym7
                0x100009f8                PWM_SVM_CalCmpValueSym5
                0x10000a78                PWM_SVM_TimecalcUsingLUT
                0x10000c00                PWM_SVM_SVMUpdate
                0x10000c48                . = ALIGN (0x4)
                0x10000c48                __ram_code_end = .
                0x0c0088dc                __ram_code_load = LOADADDR (.ram_code)
                0x00000448                __ram_code_size = (__ram_code_end - __ram_code_start)

.rel.dyn        0x10000c48        0x0 load address 0x0c008d24
 .rel.iplt      0x00000000        0x0 ./Startup/startup_XMC4500.o

PSRAM_DATA      0x10000c48        0x0 load address 0x0c008d24
                0x10000c48                . = ALIGN (0x4)
                0x10000c48                __data3_start = .
 *(PSRAM_DATA)
                0x10000c48                . = ALIGN (0x4)
                0x10000c48                __data3_end = .
                0x0c008d24                __data3_load = LOADADDR (PSRAM_DATA)
                0x00000000                __data3_size = (__data3_end - __data3_start)

PSRAM_BSS       0x10000c48        0x0 load address 0x0c008d24
                0x10000c48                . = ALIGN (0x4)
                0x10000c48                __bss3_start = .
 *(PSRAM_BSS)
                0x10000c48                . = ALIGN (0x4)
                0x10000c48                __bss3_end = .
                0x10000c48                . = ALIGN (0x8)
                0x10000c48                Heap_Bank3_Start = .
                0x00000000                __bss3_size = (__bss3_end - __bss3_start)

.data           0x20000000      0x484 load address 0x0c008d24
                0x20000000                . = ALIGN (0x4)
                0x20000000                __data_start = .
 *(.data)
 *(.data*)
 .data.TIMER_0  0x20000000       0x28 ./Dave/Generated/TIMER/timer_conf.o
                0x20000000                TIMER_0
 .data.TIMER_1  0x20000028       0x28 ./Dave/Generated/TIMER/timer_conf.o
                0x20000028                TIMER_1
 .data.TIMER_CAN_TX_config
                0x20000050        0x8 ./Dave/Generated/TIMER/timer_conf.o
                0x20000050                TIMER_CAN_TX_config
 .data.TIMER_CAN_TX
                0x20000058       0x28 ./Dave/Generated/TIMER/timer_conf.o
                0x20000058                TIMER_CAN_TX
 .data.dummy_data.8510
                0x20000080        0x4 ./Dave/Generated/SPI_MASTER/spi_master.o
 .data.SPI_MASTER_0_MOSI_Config
                0x20000084       0x14 ./Dave/Generated/SPI_MASTER/spi_master_conf.o
                0x20000084                SPI_MASTER_0_MOSI_Config
 .data.SPI_MASTER_0_Channel_Config
                0x20000098        0x8 ./Dave/Generated/SPI_MASTER/spi_master_conf.o
                0x20000098                SPI_MASTER_0_Channel_Config
 .data.SPI_MASTER_0_runtime
                0x200000a0       0x24 ./Dave/Generated/SPI_MASTER/spi_master_conf.o
                0x200000a0                SPI_MASTER_0_runtime
 .data.SPI_MASTER_0
                0x200000c4        0xc ./Dave/Generated/SPI_MASTER/spi_master_conf.o
                0x200000c4                SPI_MASTER_0
 .data.PWM_SVM_0_DeadTimeConfig
                0x200000d0        0xc ./Dave/Generated/PWM_SVM/pwm_svm_conf.o
                0x200000d0                PWM_SVM_0_DeadTimeConfig
 .data.PWM_SVM_0
                0x200000dc       0xcc ./Dave/Generated/PWM_SVM/pwm_svm_conf.o
                0x200000dc                PWM_SVM_0
 .data.GLOBAL_CCU8_0
                0x200001a8       0x10 ./Dave/Generated/GLOBAL_CCU8/global_ccu8_conf.o
                0x200001a8                GLOBAL_CCU8_0
 .data.GLOBAL_CCU4_0
                0x200001b8       0x10 ./Dave/Generated/GLOBAL_CCU4/global_ccu4_conf.o
                0x200001b8                GLOBAL_CCU4_0
 .data.GLOBAL_CAN_0
                0x200001c8        0xc ./Dave/Generated/GLOBAL_CAN/global_can_conf.o
                0x200001c8                GLOBAL_CAN_0
 .data.group_0_config
                0x200001d4        0xc ./Dave/Generated/GLOBAL_ADC/global_adc_conf.o
                0x200001d4                group_0_config
 .data.group_1_config
                0x200001e0        0xc ./Dave/Generated/GLOBAL_ADC/global_adc_conf.o
                0x200001e0                group_1_config
 .data.group_2_config
                0x200001ec        0xc ./Dave/Generated/GLOBAL_ADC/global_adc_conf.o
                0x200001ec                group_2_config
 .data.group_3_config
                0x200001f8        0xc ./Dave/Generated/GLOBAL_ADC/global_adc_conf.o
                0x200001f8                group_3_config
 .data.GLOBAL_ADC_0
                0x20000204       0x1c ./Dave/Generated/GLOBAL_ADC/global_adc_conf.o
                0x20000204                GLOBAL_ADC_0
 .data.CAN_NODE_0_BitTimeConfig
                0x20000220        0xc ./Dave/Generated/CAN_NODE/can_node_conf.o
                0x20000220                CAN_NODE_0_BitTimeConfig
 *fill*         0x2000022c        0x4 
 .data.CAN_NODE_0_LMO_01
                0x20000230       0x20 ./Dave/Generated/CAN_NODE/can_node_conf.o
                0x20000230                CAN_NODE_0_LMO_01
 .data.CAN_NODE_0_LMO_02
                0x20000250       0x20 ./Dave/Generated/CAN_NODE/can_node_conf.o
                0x20000250                CAN_NODE_0_LMO_02
 .data.CAN_NODE_0_LMO_03
                0x20000270       0x20 ./Dave/Generated/CAN_NODE/can_node_conf.o
                0x20000270                CAN_NODE_0_LMO_03
 .data.CAN_NODE_0_LMO_04
                0x20000290       0x20 ./Dave/Generated/CAN_NODE/can_node_conf.o
                0x20000290                CAN_NODE_0_LMO_04
 .data.CAN_NODE_0_LMO_05
                0x200002b0       0x20 ./Dave/Generated/CAN_NODE/can_node_conf.o
                0x200002b0                CAN_NODE_0_LMO_05
 .data.CAN_NODE_0_LMO_06
                0x200002d0       0x20 ./Dave/Generated/CAN_NODE/can_node_conf.o
                0x200002d0                CAN_NODE_0_LMO_06
 .data.CAN_NODE_0_LMO_07
                0x200002f0       0x20 ./Dave/Generated/CAN_NODE/can_node_conf.o
                0x200002f0                CAN_NODE_0_LMO_07
 .data.SPI_ChipSelect
                0x20000310       0x14 ./Dave/Generated/BUS_IO/bus_io_conf.o
                0x20000310                SPI_ChipSelect
 .data.Channel_A_ch_config
                0x20000324        0xc ./Dave/Generated/ADC_MEASUREMENT/adc_measurement_conf.o
                0x20000324                Channel_A_ch_config
 .data.ADC_MEASUREMENT_Channel_A_handle
                0x20000330       0x10 ./Dave/Generated/ADC_MEASUREMENT/adc_measurement_conf.o
                0x20000330                ADC_MEASUREMENT_Channel_A_handle
 .data.ADC_MEASUREMENT_channel_array
                0x20000340        0x4 ./Dave/Generated/ADC_MEASUREMENT/adc_measurement_conf.o
                0x20000340                ADC_MEASUREMENT_channel_array
 .data.ADC_MEASUREMENT_0
                0x20000344       0x1c ./Dave/Generated/ADC_MEASUREMENT/adc_measurement_conf.o
                0x20000344                ADC_MEASUREMENT_0
 .data.V_DC_link
                0x20000360        0x4 ./Globals.o
                0x20000360                V_DC_link
 .data.lookup_table
                0x20000364       0x40 ./Hall_Sensors.o
                0x20000364                lookup_table
 .data.time_180deg
                0x200003a4        0x4 ./Hall_Sensors.o
                0x200003a4                time_180deg
 .data.Iq_param
                0x200003a8       0x20 ./PI_Controller.o
                0x200003a8                Iq_param
 .data.Id_param
                0x200003c8       0x20 ./PI_Controller.o
                0x200003c8                Id_param
 .data.omega_param
                0x200003e8       0x20 ./PI_Controller.o
                0x200003e8                omega_param
 .data.Torque_control
                0x20000408        0x1 ./main.o
                0x20000408                Torque_control
 *fill*         0x20000409        0x3 
 .data.time_180deg_cal
                0x2000040c        0x4 ./main.o
                0x2000040c                time_180deg_cal
 .data.angle_in_sector
                0x20000410        0x4 ./main.o
                0x20000410                angle_in_sector
 .data.offset_pos
                0x20000414        0x4 ./main.o
                0x20000414                offset_pos
 .data.offset_neg
                0x20000418        0x4 ./main.o
                0x20000418                offset_neg
 .data.__fdlib_version
                0x2000041c        0x1 c:/dave/dave-ide-4.4.2-64bit/dave-ide-4.4.2-64bit/eclipse/arm-gcc-49/bin/../lib/gcc/arm-none-eabi/4.9.3/../../../../arm-none-eabi/lib/armv7e-m/softfp\libm.a(lib_a-s_lib_ver.o)
                0x2000041c                __fdlib_version
 *fill*         0x2000041d        0x3 
 .data.impure_data
                0x20000420       0x60 c:/dave/dave-ide-4.4.2-64bit/dave-ide-4.4.2-64bit/eclipse/arm-gcc-49/bin/../lib/gcc/arm-none-eabi/4.9.3/../../../../arm-none-eabi/lib/armv7e-m/softfp\libg_nano.a(lib_a-impure.o)
 .data._impure_ptr
                0x20000480        0x4 c:/dave/dave-ide-4.4.2-64bit/dave-ide-4.4.2-64bit/eclipse/arm-gcc-49/bin/../lib/gcc/arm-none-eabi/4.9.3/../../../../arm-none-eabi/lib/armv7e-m/softfp\libg_nano.a(lib_a-impure.o)
                0x20000480                _impure_ptr
 *(*.data)
 *(.gnu.linkonce.d*)
                0x20000484                . = ALIGN (0x4)
                0x20000484                PROVIDE (__preinit_array_start, .)
 *(.preinit_array)
                0x20000484                PROVIDE (__preinit_array_end, .)
                0x20000484                . = ALIGN (0x4)
                0x20000484                PROVIDE (__init_array_start, .)
 *(SORT(.init_array.*))
 *(.init_array)
                0x20000484                PROVIDE (__init_array_end, .)
                0x20000484                . = ALIGN (0x4)
                0x20000484                PROVIDE (__fini_array_start, .)
 *(SORT(.fini_array.*))
 *(.fini_array)
                0x20000484                PROVIDE (__fini_array_end, .)
                0x20000484                . = ALIGN (0x4)
                0x20000484                __data_end = .
                0x0c008d24                __data_load = LOADADDR (.data)
                0x00000484                __data_size = (__data_end - __data_start)

.igot.plt       0x20000484        0x0 load address 0x0c0091a8
 .igot.plt      0x00000000        0x0 ./Startup/startup_XMC4500.o

.bss            0x20000484     0x201c load address 0x0c0091a8
                0x20000484                . = ALIGN (0x4)
                0x20000484                __bss_start = .
 *(.bss)
 *(.bss*)
 .bss.TIMER_0_config
                0x20000484        0x8 ./Dave/Generated/TIMER/timer_conf.o
                0x20000484                TIMER_0_config
 .bss.TIMER_1_config
                0x2000048c        0x8 ./Dave/Generated/TIMER/timer_conf.o
                0x2000048c                TIMER_1_config
 .bss.SPI_MASTER_0_MISO_Config
                0x20000494       0x14 ./Dave/Generated/SPI_MASTER/spi_master_conf.o
                0x20000494                SPI_MASTER_0_MISO_Config
 .bss.CLOCK_XMC4_0
                0x200004a8        0x4 ./Dave/Generated/CLOCK_XMC4/clock_xmc4_conf.o
                0x200004a8                CLOCK_XMC4_0
 .bss.Channel_A_res_config
                0x200004ac        0x4 ./Dave/Generated/ADC_MEASUREMENT/adc_measurement_conf.o
                0x200004ac                Channel_A_res_config
 .bss.CAN_new_meassage
                0x200004b0        0x1 ./CAN.o
                0x200004b0                CAN_new_meassage
 .bss.CAN_no_com_counter
                0x200004b1        0x1 ./CAN.o
                0x200004b1                CAN_no_com_counter
 *fill*         0x200004b2        0x2 
 .bss.Speed_act
                0x200004b4        0x4 ./CAN.o
                0x200004b4                Speed_act
 .bss.distance  0x200004b8        0x4 ./CAN.o
                0x200004b8                distance
 .bss.omega_ele_rads
                0x200004bc        0x4 ./Globals.o
                0x200004bc                omega_ele_rads
 .bss.distance_180deg_ele_count
                0x200004c0        0x4 ./Globals.o
                0x200004c0                distance_180deg_ele_count
 .bss.sector    0x200004c4        0x1 ./Hall_Sensors.o
                0x200004c4                sector
 .bss.direction
                0x200004c5        0x1 ./Hall_Sensors.o
                0x200004c5                direction
 .bss.enc_val   0x200004c6        0x2 ./Hall_Sensors.o
                0x200004c6                enc_val
 .bss.time_since_A
                0x200004c8        0x4 ./Hall_Sensors.o
                0x200004c8                time_since_A
 .bss.time_since_B
                0x200004cc        0x4 ./Hall_Sensors.o
                0x200004cc                time_since_B
 .bss.time_since_C
                0x200004d0        0x4 ./Hall_Sensors.o
                0x200004d0                time_since_C
 .bss.Speed_control
                0x200004d4        0x1 ./main.o
                0x200004d4                Speed_control
 .bss.CAN_control
                0x200004d5        0x1 ./main.o
                0x200004d5                CAN_control
 *fill*         0x200004d6        0x2 
 .bss.angle_phi
                0x200004d8        0x4 ./main.o
                0x200004d8                angle_phi
 .bss.omega_mech_rps
                0x200004dc        0x4 ./main.o
                0x200004dc                omega_mech_rps
 .bss.omega_mech_rps_temp
                0x200004e0        0x4 ./main.o
                0x200004e0                omega_mech_rps_temp
 .bss.speed_ref
                0x200004e4        0x4 ./main.o
                0x200004e4                speed_ref
 .bss.iq_ref    0x200004e8        0x4 ./main.o
                0x200004e8                iq_ref
 .bss.T_ref     0x200004ec        0x4 ./main.o
                0x200004ec                T_ref
 .bss.omega_mech_rps_ref
                0x200004f0        0x4 ./main.o
                0x200004f0                omega_mech_rps_ref
 .bss.Vd        0x200004f4        0x4 ./main.o
                0x200004f4                Vd
 .bss.Vq        0x200004f8        0x4 ./main.o
                0x200004f8                Vq
 .bss.count     0x200004fc        0x1 ./main.o
                0x200004fc                count
 .bss.Speed_detection_OK
                0x200004fd        0x1 ./main.o
                0x200004fd                Speed_detection_OK
 .bss.start_help_count
                0x200004fe        0x1 ./main.o
                0x200004fe                start_help_count
 .bss.start_help
                0x200004ff        0x1 ./main.o
                0x200004ff                start_help
 .bss.start_help_flag
                0x20000500        0x1 ./main.o
                0x20000500                start_help_flag
 .bss.rec_data_contorl
                0x20000501        0x1 ./rec_data_function.o
                0x20000501                rec_data_contorl
 .bss.rec_data_index
                0x20000502        0x2 ./rec_data_function.o
                0x20000502                rec_data_index
 .bss.rec_data  0x20000504      0xfa0 ./rec_data_function.o
                0x20000504                rec_data
 .bss.rec_data2
                0x200014a4      0xfa0 ./rec_data_function.o
                0x200014a4                rec_data2
 .bss.reset_rec
                0x20002444        0x1 ./rec_data_function.o
                0x20002444                reset_rec
 .bss.start_rec
                0x20002445        0x1 ./rec_data_function.o
                0x20002445                start_rec
 *fill*         0x20002446        0x2 
 .bss.start_rec_copunt
                0x20002448        0x4 ./rec_data_function.o
                0x20002448                start_rec_copunt
 .bss.counter_5kHz
                0x2000244c        0x4 ./rec_data_function.o
                0x2000244c                counter_5kHz
 *(COMMON)
 COMMON         0x20002450        0xc ./CAN.o
                0x20002450                CAN_speed_ref
                0x20002454                Speeds_int16_r
 COMMON         0x2000245c        0x1 ./Hall_Sensors.o
                0x2000245c                last_Hall_trig
 *fill*         0x2000245d        0x3 
 COMMON         0x20002460       0x40 ./main.o
                0x20002460                angle_ab_rad
                0x20002464                ibeta
                0x20002468                iq
                0x2000246c                amplitude_ab
                0x20002470                Current_V
                0x20002474                amplitude_corrected
                0x20002478                id
                0x2000247c                modulation_index
                0x20002480                T_ref_controlled
                0x20002484                ialpha
                0x20002488                Vbeta
                0x2000248c                angle_ab
                0x20002490                Current_U
                0x20002494                Current_W
                0x20002498                Valpha
                0x2000249c                modulation_index_scaled
 *(.gnu.linkonce.b*)
                0x200024a0                . = ALIGN (0x4)
                0x200024a0                __bss_end = .
                0x200024a0                . = ALIGN (0x8)
                0x200024a0                Heap_Bank1_Start = .
                0x0000201c                __bss_size = (__bss_end - __bss_start)

.no_init        0x2000ffc0       0x14
                0x2000ffc0                Heap_Bank1_End = .
 *(.no_init)
 .no_init       0x2000ffc0       0x14 ./Startup/system_XMC4500.o
                0x2000ffc0                SystemCoreClock
                0x2000ffc4                g_chipid

DSRAM2_DATA     0x30000000        0x0 load address 0x0c0091a8
                0x30000000                . = ALIGN (0x4)
                0x30000000                __data2_start = .
 *(DSRAM2_DATA)
                0x30000000                . = ALIGN (0x4)
                0x30000000                __data2_end = .
                0x0c0091a8                __data2_load = LOADADDR (DSRAM2_DATA)
                0x00000000                __data2_size = (__data2_end - __data2_start)
                0x000091a8                __text_size = (((((__exidx_end - sText) + __data_size) + __ram_code_size) + __data2_size) + __data3_size)
                0x080091a8                eText = (sText + __text_size)

DSRAM2_BSS      0x30000000        0x0 load address 0x0c0091a8
                0x30000000                . = ALIGN (0x4)
                0x30000000                __bss2_start = .
 *(ETH_RAM)
 *(USB_RAM)
 *(DSRAM2_BSS)
                0x30000000                . = ALIGN (0x4)
                0x30000000                __bss2_end = .
                0x30000000                . = ALIGN (0x8)
                0x30000000                Heap_Bank2_Start = .
                0x00000000                __bss2_size = (__bss2_end - __bss2_start)
                0x0000db20                Heap_Bank1_Size = (Heap_Bank1_End - Heap_Bank1_Start)
                0x00008000                Heap_Bank2_Size = (0x8000 - (Heap_Bank2_Start - ORIGIN (DSRAM_2_comm)))
                0x0000f3b8                Heap_Bank3_Size = (0x10000 - (Heap_Bank3_Start - ORIGIN (PSRAM_1)))
                0x00000001                ASSERT ((Heap_Bank1_Start <= Heap_Bank1_End), region SRAM_combined overflowed no_init section)

/DISCARD/
 *(.comment)

.stab
 *(.stab)

.stabstr
 *(.stabstr)

.debug
 *(.debug)

.line
 *(.line)

.debug_srcinfo
 *(.debug_srcinfo)

.debug_sfnames
 *(.debug_sfnames)

.debug_aranges  0x00000000     0x17a0
 *(.debug_aranges)
 .debug_aranges
                0x00000000       0x20 ./Startup/startup_XMC4500.o
 .debug_aranges
                0x00000020       0x48 ./Startup/system_XMC4500.o
 .debug_aranges
                0x00000068       0x28 ./Libraries/XMCLib/src/xmc4_eru.o
 .debug_aranges
                0x00000090       0x28 ./Libraries/XMCLib/src/xmc4_gpio.o
 .debug_aranges
                0x000000b8      0x3c8 ./Libraries/XMCLib/src/xmc4_scu.o
 .debug_aranges
                0x00000480      0x118 ./Libraries/XMCLib/src/xmc_can.o
 .debug_aranges
                0x00000598      0x128 ./Libraries/XMCLib/src/xmc_ccu4.o
 .debug_aranges
                0x000006c0      0x180 ./Libraries/XMCLib/src/xmc_ccu8.o
 .debug_aranges
                0x00000840       0x88 ./Libraries/XMCLib/src/xmc_eru.o
 .debug_aranges
                0x000008c8       0x28 ./Libraries/XMCLib/src/xmc_gpio.o
 .debug_aranges
                0x000008f0       0x80 ./Libraries/XMCLib/src/xmc_spi.o
 .debug_aranges
                0x00000970       0x90 ./Libraries/XMCLib/src/xmc_usic.o
 .debug_aranges
                0x00000a00      0x280 ./Libraries/XMCLib/src/xmc_vadc.o
 .debug_aranges
                0x00000c80       0x28 ./Libraries/Newlib/syscalls.o
 .debug_aranges
                0x00000ca8       0xd8 ./Dave/Generated/TIMER/timer.o
 .debug_aranges
                0x00000d80       0x18 ./Dave/Generated/TIMER/timer_conf.o
 .debug_aranges
                0x00000d98      0x148 ./Dave/Generated/SPI_MASTER/spi_master.o
 .debug_aranges
                0x00000ee0       0x88 ./Dave/Generated/SPI_MASTER/spi_master_conf.o
 .debug_aranges
                0x00000f68      0x180 ./Dave/Generated/PWM_SVM/pwm_svm.o
 .debug_aranges
                0x000010e8       0x18 ./Dave/Generated/PWM_SVM/pwm_svm_conf.o
 .debug_aranges
                0x00001100       0x18 ./Dave/Generated/PWM_SVM/pwm_svm_table.o
 .debug_aranges
                0x00001118       0x60 ./Dave/Generated/PIN_INTERRUPT/pin_interrupt.o
 .debug_aranges
                0x00001178       0x18 ./Dave/Generated/PIN_INTERRUPT/pin_interrupt_conf.o
 .debug_aranges
                0x00001190       0x50 ./Dave/Generated/INTERRUPT/interrupt.o
 .debug_aranges
                0x000011e0       0x18 ./Dave/Generated/INTERRUPT/interrupt_conf.o
 .debug_aranges
                0x000011f8       0x30 ./Dave/Generated/GLOBAL_CCU8/global_ccu8.o
 .debug_aranges
                0x00001228       0x18 ./Dave/Generated/GLOBAL_CCU8/global_ccu8_conf.o
 .debug_aranges
                0x00001240       0x30 ./Dave/Generated/GLOBAL_CCU4/global_ccu4.o
 .debug_aranges
                0x00001270       0x18 ./Dave/Generated/GLOBAL_CCU4/global_ccu4_conf.o
 .debug_aranges
                0x00001288       0x28 ./Dave/Generated/GLOBAL_CAN/global_can.o
 .debug_aranges
                0x000012b0       0x18 ./Dave/Generated/GLOBAL_CAN/global_can_conf.o
 .debug_aranges
                0x000012c8       0x30 ./Dave/Generated/GLOBAL_ADC/global_adc.o
 .debug_aranges
                0x000012f8       0x18 ./Dave/Generated/GLOBAL_ADC/global_adc_conf.o
 .debug_aranges
                0x00001310       0x28 ./Dave/Generated/DIGITAL_IO/digital_io.o
 .debug_aranges
                0x00001338       0x18 ./Dave/Generated/DIGITAL_IO/digital_io_conf.o
 .debug_aranges
                0x00001350       0x28 ./Dave/Generated/CPU_CTRL_XMC4/cpu_ctrl_xmc4_conf.o
 .debug_aranges
                0x00001378       0x38 ./Dave/Generated/CLOCK_XMC4/clock_xmc4.o
 .debug_aranges
                0x000013b0       0x20 ./Dave/Generated/CLOCK_XMC4/clock_xmc4_conf.o
 .debug_aranges
                0x000013d0      0x110 ./Dave/Generated/CAN_NODE/can_node.o
 .debug_aranges
                0x000014e0       0x18 ./Dave/Generated/CAN_NODE/can_node_conf.o
 .debug_aranges
                0x000014f8       0x60 ./Dave/Generated/BUS_IO/bus_io.o
 .debug_aranges
                0x00001558       0x18 ./Dave/Generated/BUS_IO/bus_io_conf.o
 .debug_aranges
                0x00001570       0x88 ./Dave/Generated/ADC_MEASUREMENT/adc_measurement.o
 .debug_aranges
                0x000015f8       0x18 ./Dave/Generated/ADC_MEASUREMENT/adc_measurement_conf.o
 .debug_aranges
                0x00001610       0x20 ./Dave/Generated/DAVE.o
 .debug_aranges
                0x00001630       0x30 ./CAN.o
 .debug_aranges
                0x00001660       0x18 ./Globals.o
 .debug_aranges
                0x00001678       0x58 ./Hall_Sensors.o
 .debug_aranges
                0x000016d0       0x28 ./PI_Controller.o
 .debug_aranges
                0x000016f8       0x20 ./Read_Current_Sensor.o
 .debug_aranges
                0x00001718       0x60 ./main.o
 .debug_aranges
                0x00001778       0x28 ./rec_data_function.o

.debug_pubnames
 *(.debug_pubnames)

.debug_pubtypes
 *(.debug_pubtypes)

.debug_info     0x00000000    0x2c91b
 *(.debug_info .gnu.linkonce.wi.*)
 .debug_info    0x00000000       0x7f ./Startup/startup_XMC4500.o
 .debug_info    0x0000007f      0x8b7 ./Startup/system_XMC4500.o
 .debug_info    0x00000936      0x4ae ./Libraries/XMCLib/src/xmc4_eru.o
 .debug_info    0x00000de4      0x422 ./Libraries/XMCLib/src/xmc4_gpio.o
 .debug_info    0x00001206     0x20c5 ./Libraries/XMCLib/src/xmc4_scu.o
 .debug_info    0x000032cb     0x12fa ./Libraries/XMCLib/src/xmc_can.o
 .debug_info    0x000045c5     0x15c1 ./Libraries/XMCLib/src/xmc_ccu4.o
 .debug_info    0x00005b86     0x1ce0 ./Libraries/XMCLib/src/xmc_ccu8.o
 .debug_info    0x00007866      0xaaf ./Libraries/XMCLib/src/xmc_eru.o
 .debug_info    0x00008315      0x39d ./Libraries/XMCLib/src/xmc_gpio.o
 .debug_info    0x000086b2      0xa27 ./Libraries/XMCLib/src/xmc_spi.o
 .debug_info    0x000090d9      0xb5e ./Libraries/XMCLib/src/xmc_usic.o
 .debug_info    0x00009c37     0x2e68 ./Libraries/XMCLib/src/xmc_vadc.o
 .debug_info    0x0000ca9f      0x11f ./Libraries/Newlib/syscalls.o
 .debug_info    0x0000cbbe      0xd93 ./Dave/Generated/TIMER/timer.o
 .debug_info    0x0000d951      0x883 ./Dave/Generated/TIMER/timer_conf.o
 .debug_info    0x0000e1d4     0x1a8c ./Dave/Generated/SPI_MASTER/spi_master.o
 .debug_info    0x0000fc60     0x12f8 ./Dave/Generated/SPI_MASTER/spi_master_conf.o
 .debug_info    0x00010f58     0x22dd ./Dave/Generated/PWM_SVM/pwm_svm.o
 .debug_info    0x00013235     0x162f ./Dave/Generated/PWM_SVM/pwm_svm_conf.o
 .debug_info    0x00014864      0x103 ./Dave/Generated/PWM_SVM/pwm_svm_table.o
 .debug_info    0x00014967     0x1043 ./Dave/Generated/PIN_INTERRUPT/pin_interrupt.o
 .debug_info    0x000159aa      0xbfa ./Dave/Generated/PIN_INTERRUPT/pin_interrupt_conf.o
 .debug_info    0x000165a4      0x910 ./Dave/Generated/INTERRUPT/interrupt.o
 .debug_info    0x00016eb4      0x471 ./Dave/Generated/INTERRUPT/interrupt_conf.o