   1              	 .syntax unified
   2              	 .cpu cortex-m4
   3              	 .eabi_attribute 27,3
   4              	 .fpu fpv4-sp-d16
   5              	 .eabi_attribute 20,1
   6              	 .eabi_attribute 21,1
   7              	 .eabi_attribute 23,3
   8              	 .eabi_attribute 24,1
   9              	 .eabi_attribute 25,1
  10              	 .eabi_attribute 26,1
  11              	 .eabi_attribute 30,6
  12              	 .eabi_attribute 34,1
  13              	 .eabi_attribute 18,4
  14              	 .thumb
  15              	 .file "rec_data_function.c"
  16              	 .text
  17              	.Ltext0:
  18              	 .cfi_sections .debug_frame
  19              	 .global rec_data_contorl
  20              	 .section .bss.rec_data_contorl,"aw",%nobits
  23              	rec_data_contorl:
  24 0000 00       	 .space 1
  25              	 .global rec_data_index
  26              	 .section .bss.rec_data_index,"aw",%nobits
  27              	 .align 1
  30              	rec_data_index:
  31 0000 0000     	 .space 2
  32              	 .global rec_data
  33              	 .section .bss.rec_data,"aw",%nobits
  34              	 .align 2
  37              	rec_data:
  38 0000 00000000 	 .space 4000
  38      00000000 
  38      00000000 
  38      00000000 
  38      00000000 
  39              	 .global rec_data2
  40              	 .section .bss.rec_data2,"aw",%nobits
  41              	 .align 2
  44              	rec_data2:
  45 0000 00000000 	 .space 4000
  45      00000000 
  45      00000000 
  45      00000000 
  45      00000000 
  46              	 .global reset_rec
  47              	 .section .bss.reset_rec,"aw",%nobits
  50              	reset_rec:
  51 0000 00       	 .space 1
  52              	 .global start_rec
  53              	 .section .bss.start_rec,"aw",%nobits
  56              	start_rec:
  57 0000 00       	 .space 1
  58              	 .global start_rec_copunt
  59              	 .section .bss.start_rec_copunt,"aw",%nobits
  60              	 .align 2
  63              	start_rec_copunt:
  64 0000 00000000 	 .space 4
  65              	 .global counter_5kHz
  66              	 .section .bss.counter_5kHz,"aw",%nobits
  67              	 .align 2
  70              	counter_5kHz:
  71 0000 00000000 	 .space 4
  72              	 .section .text.f_rec_data,"ax",%progbits
  73              	 .align 2
  74              	 .global f_rec_data
  75              	 .thumb
  76              	 .thumb_func
  78              	f_rec_data:
  79              	.LFB0:
  80              	 .file 1 "../rec_data_function.c"
   1:../rec_data_function.c **** /*
   2:../rec_data_function.c ****  * rec_data_function.c
   3:../rec_data_function.c ****  *
   4:../rec_data_function.c ****  *  Created on: 23 Jun 2022
   5:../rec_data_function.c ****  *      Author: lukas
   6:../rec_data_function.c ****  */
   7:../rec_data_function.c **** 
   8:../rec_data_function.c **** #include "rec_data_function.h"
   9:../rec_data_function.c **** //data rec
  10:../rec_data_function.c **** uint8_t rec_data_contorl = 0;// 0 noiting 1 record
  11:../rec_data_function.c **** #define REC_DATA_NUM_POINTS 1000
  12:../rec_data_function.c **** uint16_t rec_data_index = 0;
  13:../rec_data_function.c **** float rec_data[REC_DATA_NUM_POINTS] = {0};
  14:../rec_data_function.c **** float rec_data2[REC_DATA_NUM_POINTS] = {0};
  15:../rec_data_function.c **** 
  16:../rec_data_function.c **** 
  17:../rec_data_function.c **** 
  18:../rec_data_function.c **** uint8_t reset_rec = 0;
  19:../rec_data_function.c **** uint8_t start_rec = 0;
  20:../rec_data_function.c **** uint32_t start_rec_copunt = 0;
  21:../rec_data_function.c **** uint32_t counter_5kHz = 0;
  22:../rec_data_function.c **** 
  23:../rec_data_function.c **** void f_rec_data(float data_point_var1, float data_point_var2,float* x_ref, float start_step_from, f
  81              	 .loc 1 23 0
  82              	 .cfi_startproc
  83              	 
  84              	 
  85              	 
  86 0000 80B4     	 push {r7}
  87              	.LCFI0:
  88              	 .cfi_def_cfa_offset 4
  89              	 .cfi_offset 7,-4
  90 0002 85B0     	 sub sp,sp,#20
  91              	.LCFI1:
  92              	 .cfi_def_cfa_offset 24
  93 0004 00AF     	 add r7,sp,#0
  94              	.LCFI2:
  95              	 .cfi_def_cfa_register 7
  96 0006 F860     	 str r0,[r7,#12]
  97 0008 B960     	 str r1,[r7,#8]
  98 000a 7A60     	 str r2,[r7,#4]
  99 000c 3B60     	 str r3,[r7]
  24:../rec_data_function.c **** 	if(counter_5kHz % rec_every_x_5kHz == 0){
 100              	 .loc 1 24 0
 101 000e 4F4B     	 ldr r3,.L8
 102 0010 1B68     	 ldr r3,[r3]
 103 0012 3A7F     	 ldrb r2,[r7,#28]
 104 0014 B3FBF2F1 	 udiv r1,r3,r2
 105 0018 02FB01F2 	 mul r2,r2,r1
 106 001c 9B1A     	 subs r3,r3,r2
 107 001e 002B     	 cmp r3,#0
 108 0020 40F08980 	 bne .L2
  25:../rec_data_function.c **** 
  26:../rec_data_function.c **** 		if(start_rec  == 1){
 109              	 .loc 1 26 0
 110 0024 4A4B     	 ldr r3,.L8+4
 111 0026 1B78     	 ldrb r3,[r3]
 112 0028 012B     	 cmp r3,#1
 113 002a 53D1     	 bne .L3
  27:../rec_data_function.c **** 			  start_rec_copunt ++;
 114              	 .loc 1 27 0
 115 002c 494B     	 ldr r3,.L8+8
 116 002e 1B68     	 ldr r3,[r3]
 117 0030 0133     	 adds r3,r3,#1
 118 0032 484A     	 ldr r2,.L8+8
 119 0034 1360     	 str r3,[r2]
  28:../rec_data_function.c **** 
  29:../rec_data_function.c **** 			  if(start_rec_copunt == 1){
 120              	 .loc 1 29 0
 121 0036 474B     	 ldr r3,.L8+8
 122 0038 1B68     	 ldr r3,[r3]
 123 003a 012B     	 cmp r3,#1
 124 003c 02D1     	 bne .L4
  30:../rec_data_function.c **** 				  *x_ref = start_step_from;
 125              	 .loc 1 30 0
 126 003e 7B68     	 ldr r3,[r7,#4]
 127 0040 3A68     	 ldr r2,[r7]
 128 0042 1A60     	 str r2,[r3]
 129              	.L4:
  31:../rec_data_function.c **** 			  }
  32:../rec_data_function.c **** 
  33:../rec_data_function.c **** 			  if(start_rec_copunt ==10000 * setting_time_scalar){
 130              	 .loc 1 33 0
 131 0044 434B     	 ldr r3,.L8+8
 132 0046 1B68     	 ldr r3,[r3]
 133 0048 07EE903A 	 fmsr s15,r3
 134 004c B8EE677A 	 fuitos s14,s15
 135 0050 D7ED087A 	 flds s15,[r7,#32]
 136 0054 DFED406A 	 flds s13,.L8+12
 137 0058 67EEA67A 	 fmuls s15,s15,s13
 138 005c B4EE677A 	 fcmps s14,s15
 139 0060 F1EE10FA 	 fmstat
 140 0064 02D1     	 bne .L5
  34:../rec_data_function.c **** 				  rec_data_contorl = 1;
 141              	 .loc 1 34 0
 142 0066 3D4B     	 ldr r3,.L8+16
 143 0068 0122     	 movs r2,#1
 144 006a 1A70     	 strb r2,[r3]
 145              	.L5:
  35:../rec_data_function.c **** 			  }
  36:../rec_data_function.c **** 
  37:../rec_data_function.c **** 
  38:../rec_data_function.c **** 			  if(start_rec_copunt == 10000 *setting_time_scalar + 99){ // step
 146              	 .loc 1 38 0
 147 006c 394B     	 ldr r3,.L8+8
 148 006e 1B68     	 ldr r3,[r3]
 149 0070 07EE903A 	 fmsr s15,r3
 150 0074 B8EE677A 	 fuitos s14,s15
 151 0078 D7ED087A 	 flds s15,[r7,#32]
 152 007c DFED366A 	 flds s13,.L8+12
 153 0080 67EEA67A 	 fmuls s15,s15,s13
 154 0084 DFED366A 	 flds s13,.L8+20
 155 0088 77EEA67A 	 fadds s15,s15,s13
 156 008c B4EE677A 	 fcmps s14,s15
 157 0090 F1EE10FA 	 fmstat
 158 0094 02D1     	 bne .L6
  39:../rec_data_function.c **** 				  *x_ref = step_to;
 159              	 .loc 1 39 0
 160 0096 7B68     	 ldr r3,[r7,#4]
 161 0098 BA69     	 ldr r2,[r7,#24]
 162 009a 1A60     	 str r2,[r3]
 163              	.L6:
  40:../rec_data_function.c **** 			  }
  41:../rec_data_function.c **** 
  42:../rec_data_function.c **** 			  if(start_rec_copunt == 20000 *setting_time_scalar + 1000){
 164              	 .loc 1 42 0
 165 009c 2D4B     	 ldr r3,.L8+8
 166 009e 1B68     	 ldr r3,[r3]
 167 00a0 07EE903A 	 fmsr s15,r3
 168 00a4 B8EE677A 	 fuitos s14,s15
 169 00a8 D7ED087A 	 flds s15,[r7,#32]
 170 00ac DFED2D6A 	 flds s13,.L8+24
 171 00b0 67EEA67A 	 fmuls s15,s15,s13
 172 00b4 DFED2C6A 	 flds s13,.L8+28
 173 00b8 77EEA67A 	 fadds s15,s15,s13
 174 00bc B4EE677A 	 fcmps s14,s15
 175 00c0 F1EE10FA 	 fmstat
 176 00c4 06D1     	 bne .L3
  43:../rec_data_function.c **** 				  *x_ref = 0;
 177              	 .loc 1 43 0
 178 00c6 7B68     	 ldr r3,[r7,#4]
 179 00c8 4FF00002 	 mov r2,#0
 180 00cc 1A60     	 str r2,[r3]
  44:../rec_data_function.c **** 				  start_rec = 0;
 181              	 .loc 1 44 0
 182 00ce 204B     	 ldr r3,.L8+4
 183 00d0 0022     	 movs r2,#0
 184 00d2 1A70     	 strb r2,[r3]
 185              	.L3:
  45:../rec_data_function.c **** 			  }
  46:../rec_data_function.c **** 		  }
  47:../rec_data_function.c **** 
  48:../rec_data_function.c **** 
  49:../rec_data_function.c **** 		if(rec_data_contorl == 1){
 186              	 .loc 1 49 0
 187 00d4 214B     	 ldr r3,.L8+16
 188 00d6 1B78     	 ldrb r3,[r3]
 189 00d8 012B     	 cmp r3,#1
 190 00da 18D1     	 bne .L7
  50:../rec_data_function.c **** 			  if(rec_data_index < REC_DATA_NUM_POINTS){
 191              	 .loc 1 50 0
 192 00dc 234B     	 ldr r3,.L8+32
 193 00de 1B88     	 ldrh r3,[r3]
 194 00e0 B3F57A7F 	 cmp r3,#1000
 195 00e4 13D2     	 bcs .L7
  51:../rec_data_function.c **** 					rec_data[rec_data_index] = data_point_var1;
 196              	 .loc 1 51 0
 197 00e6 214B     	 ldr r3,.L8+32
 198 00e8 1B88     	 ldrh r3,[r3]
 199 00ea 214A     	 ldr r2,.L8+36
 200 00ec 9B00     	 lsls r3,r3,#2
 201 00ee 1344     	 add r3,r3,r2
 202 00f0 FA68     	 ldr r2,[r7,#12]
 203 00f2 1A60     	 str r2,[r3]
  52:../rec_data_function.c **** 					rec_data2[rec_data_index] = data_point_var2;
 204              	 .loc 1 52 0
 205 00f4 1D4B     	 ldr r3,.L8+32
 206 00f6 1B88     	 ldrh r3,[r3]
 207 00f8 1E4A     	 ldr r2,.L8+40
 208 00fa 9B00     	 lsls r3,r3,#2
 209 00fc 1344     	 add r3,r3,r2
 210 00fe BA68     	 ldr r2,[r7,#8]
 211 0100 1A60     	 str r2,[r3]
  53:../rec_data_function.c **** 					rec_data_index ++;
 212              	 .loc 1 53 0
 213 0102 1A4B     	 ldr r3,.L8+32
 214 0104 1B88     	 ldrh r3,[r3]
 215 0106 0133     	 adds r3,r3,#1
 216 0108 9AB2     	 uxth r2,r3
 217 010a 184B     	 ldr r3,.L8+32
 218 010c 1A80     	 strh r2,[r3]
 219              	.L7:
  54:../rec_data_function.c **** 			  }
  55:../rec_data_function.c **** 		}
  56:../rec_data_function.c **** 
  57:../rec_data_function.c **** 		if(reset_rec == 1 && start_rec == 0){
 220              	 .loc 1 57 0
 221 010e 1A4B     	 ldr r3,.L8+44
 222 0110 1B78     	 ldrb r3,[r3]
 223 0112 012B     	 cmp r3,#1
 224 0114 0FD1     	 bne .L2
 225              	 .loc 1 57 0 is_stmt 0 discriminator 1
 226 0116 0E4B     	 ldr r3,.L8+4
 227 0118 1B78     	 ldrb r3,[r3]
 228 011a 002B     	 cmp r3,#0
 229 011c 0BD1     	 bne .L2
  58:../rec_data_function.c **** 			rec_data_contorl = 0;
 230              	 .loc 1 58 0 is_stmt 1
 231 011e 0F4B     	 ldr r3,.L8+16
 232 0120 0022     	 movs r2,#0
 233 0122 1A70     	 strb r2,[r3]
  59:../rec_data_function.c **** 			reset_rec = 0;
 234              	 .loc 1 59 0
 235 0124 144B     	 ldr r3,.L8+44
 236 0126 0022     	 movs r2,#0
 237 0128 1A70     	 strb r2,[r3]
  60:../rec_data_function.c **** 			start_rec_copunt = 0;
 238              	 .loc 1 60 0
 239 012a 0A4B     	 ldr r3,.L8+8
 240 012c 0022     	 movs r2,#0
 241 012e 1A60     	 str r2,[r3]
  61:../rec_data_function.c **** 			rec_data_index = 0;
 242              	 .loc 1 61 0
 243 0130 0E4B     	 ldr r3,.L8+32
 244 0132 0022     	 movs r2,#0
 245 0134 1A80     	 strh r2,[r3]
 246              	.L2:
  62:../rec_data_function.c **** 		}
  63:../rec_data_function.c **** 
  64:../rec_data_function.c **** 	}
  65:../rec_data_function.c **** 	counter_5kHz ++;
 247              	 .loc 1 65 0
 248 0136 054B     	 ldr r3,.L8
 249 0138 1B68     	 ldr r3,[r3]
 250 013a 0133     	 adds r3,r3,#1
 251 013c 034A     	 ldr r2,.L8
 252 013e 1360     	 str r3,[r2]
  66:../rec_data_function.c **** }
 253              	 .loc 1 66 0
 254 0140 1437     	 adds r7,r7,#20
 255              	.LCFI3:
 256              	 .cfi_def_cfa_offset 4
 257 0142 BD46     	 mov sp,r7
 258              	.LCFI4:
 259              	 .cfi_def_cfa_register 13
 260              	 
 261 0144 5DF8047B 	 ldr r7,[sp],#4
 262              	.LCFI5:
 263              	 .cfi_restore 7
 264              	 .cfi_def_cfa_offset 0
 265 0148 7047     	 bx lr
 266              	.L9:
 267 014a 00BF     	 .align 2
 268              	.L8:
 269 014c 00000000 	 .word counter_5kHz
 270 0150 00000000 	 .word start_rec
 271 0154 00000000 	 .word start_rec_copunt
 272 0158 00401C46 	 .word 1176256512
 273 015c 00000000 	 .word rec_data_contorl
 274 0160 0000C642 	 .word 1120272384
 275 0164 00409C46 	 .word 1184645120
 276 0168 00007A44 	 .word 1148846080
 277 016c 00000000 	 .word rec_data_index
 278 0170 00000000 	 .word rec_data
 279 0174 00000000 	 .word rec_data2
 280 0178 00000000 	 .word reset_rec
 281              	 .cfi_endproc
 282              	.LFE0:
 284              	 .text
 285              	.Letext0:
 286              	 .file 2 "c:\\dave\\dave-ide-4.4.2-64bit\\dave-ide-4.4.2-64bit\\eclipse\\arm-gcc-49\\arm-none-eabi\\include\\machine\\_default_types.h"
 287              	 .file 3 "c:\\dave\\dave-ide-4.4.2-64bit\\dave-ide-4.4.2-64bit\\eclipse\\arm-gcc-49\\arm-none-eabi\\include\\stdint.h"
DEFINED SYMBOLS
                            *ABS*:00000000 rec_data_function.c
    {standard input}:23     .bss.rec_data_contorl:00000000 rec_data_contorl
    {standard input}:24     .bss.rec_data_contorl:00000000 $d
    {standard input}:30     .bss.rec_data_index:00000000 rec_data_index
    {standard input}:27     .bss.rec_data_index:00000000 $d
    {standard input}:37     .bss.rec_data:00000000 rec_data
    {standard input}:34     .bss.rec_data:00000000 $d
    {standard input}:44     .bss.rec_data2:00000000 rec_data2
    {standard input}:41     .bss.rec_data2:00000000 $d
    {standard input}:50     .bss.reset_rec:00000000 reset_rec
    {standard input}:51     .bss.reset_rec:00000000 $d
    {standard input}:56     .bss.start_rec:00000000 start_rec
    {standard input}:57     .bss.start_rec:00000000 $d
    {standard input}:63     .bss.start_rec_copunt:00000000 start_rec_copunt
    {standard input}:60     .bss.start_rec_copunt:00000000 $d
    {standard input}:70     .bss.counter_5kHz:00000000 counter_5kHz
    {standard input}:67     .bss.counter_5kHz:00000000 $d
    {standard input}:73     .text.f_rec_data:00000000 $t
    {standard input}:78     .text.f_rec_data:00000000 f_rec_data
    {standard input}:269    .text.f_rec_data:0000014c $d
                     .debug_frame:00000010 $d

NO UNDEFINED SYMBOLS
