   1              	 .cpu cortex-m0
   2              	 .fpu softvfp
   3              	 .eabi_attribute 20,1
   4              	 .eabi_attribute 21,1
   5              	 .eabi_attribute 23,3
   6              	 .eabi_attribute 24,1
   7              	 .eabi_attribute 25,1
   8              	 .eabi_attribute 26,1
   9              	 .eabi_attribute 30,6
  10              	 .eabi_attribute 34,0
  11              	 .eabi_attribute 18,4
  12              	 .code 16
  13              	 .file "Steering_Servos.c"
  14              	 .text
  15              	.Ltext0:
  16              	 .cfi_sections .debug_frame
  17              	 .global NP
  18              	 .section .data.NP,"aw",%progbits
  19              	 .align 2
  22              	NP:
  23 0000 2503     	 .short 805
  24 0002 DD02     	 .short 733
  25 0004 C402     	 .short 708
  26 0006 BC02     	 .short 700
  27              	 .global NPfl
  28              	 .section .data.NPfl,"aw",%progbits
  29              	 .align 1
  32              	NPfl:
  33 0000 2503     	 .short 805
  34              	 .global NPfr
  35              	 .section .data.NPfr,"aw",%progbits
  36              	 .align 2
  39              	NPfr:
  40 0000 EE020000 	 .word 750
  41              	 .global NPrl
  42              	 .section .data.NPrl,"aw",%progbits
  43              	 .align 2
  46              	NPrl:
  47 0000 EE020000 	 .word 750
  48              	 .global NPrr
  49              	 .section .data.NPrr,"aw",%progbits
  50              	 .align 2
  53              	NPrr:
  54 0000 EE020000 	 .word 750
  55              	 .global Servo_PWMs
  56              	 .section .bss.Servo_PWMs,"aw",%nobits
  57              	 .align 2
  60              	Servo_PWMs:
  61 0000 00000000 	 .space 16
  61      00000000 
  61      00000000 
  61      00000000 
  62              	 .global __aeabi_fmul
  63              	 .global __aeabi_i2f
  64              	 .global __aeabi_fadd
  65              	 .global __aeabi_fcmpgt
  66              	 .global __aeabi_fcmplt
  67              	 .global __aeabi_f2uiz
  68              	 .section .text.Steering_set_Angles,"ax",%progbits
  69              	 .align 2
  70              	 .global Steering_set_Angles
  71              	 .code 16
  72              	 .thumb_func
  74              	Steering_set_Angles:
  75              	.LFB224:
  76              	 .file 1 "../Steering_Servos.c"
   1:../Steering_Servos.c **** /*
   2:../Steering_Servos.c ****  * Steering_Servos.c
   3:../Steering_Servos.c ****  *
   4:../Steering_Servos.c ****  *  Created on: 1 Jul 2022
   5:../Steering_Servos.c ****  *      Author: lukas
   6:../Steering_Servos.c ****  */
   7:../Steering_Servos.c **** #include "Steering_Servos.h"
   8:../Steering_Servos.c **** 
   9:../Steering_Servos.c **** uint16_t NP[4] = {805, 733, 708, 700}; //servo nutral points PWM duty values
  10:../Steering_Servos.c **** uint16_t NPfl = 805; int NPfr = 750; int NPrl = 750; int NPrr = 750; // serov defalut 750
  11:../Steering_Servos.c **** 
  12:../Steering_Servos.c **** float Servo_PWMs[4] = {0, 0, 0, 0};
  13:../Steering_Servos.c **** 
  14:../Steering_Servos.c **** void Steering_set_Angles(float Angles_data[4]){
  77              	 .loc 1 14 0
  78              	 .cfi_startproc
  79 0000 90B5     	 push {r4,r7,lr}
  80              	.LCFI0:
  81              	 .cfi_def_cfa_offset 12
  82              	 .cfi_offset 4,-12
  83              	 .cfi_offset 7,-8
  84              	 .cfi_offset 14,-4
  85 0002 85B0     	 sub sp,sp,#20
  86              	.LCFI1:
  87              	 .cfi_def_cfa_offset 32
  88 0004 00AF     	 add r7,sp,#0
  89              	.LCFI2:
  90              	 .cfi_def_cfa_register 7
  91 0006 7860     	 str r0,[r7,#4]
  15:../Steering_Servos.c **** 	float deg_PWM = 0.645; // deg to PWM singlan converstion factor
  92              	 .loc 1 15 0
  93 0008 3E4B     	 ldr r3,.L12
  94 000a BB60     	 str r3,[r7,#8]
  16:../Steering_Servos.c **** 
  17:../Steering_Servos.c **** 	// calcuation of PWM for Angle on each wheel
  18:../Steering_Servos.c **** 	int i;
  19:../Steering_Servos.c **** 	for(i = 0 ; i < 4 ; i ++){
  95              	 .loc 1 19 0
  96 000c 0023     	 mov r3,#0
  97 000e FB60     	 str r3,[r7,#12]
  98 0010 1FE0     	 b .L2
  99              	.L3:
  20:../Steering_Servos.c **** 		Servo_PWMs[i] = Angles_data[i]*deg_PWM + NP[i];
 100              	 .loc 1 20 0 discriminator 3
 101 0012 FB68     	 ldr r3,[r7,#12]
 102 0014 9B00     	 lsl r3,r3,#2
 103 0016 7A68     	 ldr r2,[r7,#4]
 104 0018 D318     	 add r3,r2,r3
 105 001a 1B68     	 ldr r3,[r3]
 106 001c 181C     	 add r0,r3,#0
 107 001e B968     	 ldr r1,[r7,#8]
 108 0020 FFF7FEFF 	 bl __aeabi_fmul
 109 0024 031C     	 add r3,r0,#0
 110 0026 1C1C     	 add r4,r3,#0
 111 0028 374B     	 ldr r3,.L12+4
 112 002a FA68     	 ldr r2,[r7,#12]
 113 002c 5200     	 lsl r2,r2,#1
 114 002e D35A     	 ldrh r3,[r2,r3]
 115 0030 181C     	 mov r0,r3
 116 0032 FFF7FEFF 	 bl __aeabi_i2f
 117 0036 031C     	 add r3,r0,#0
 118 0038 201C     	 add r0,r4,#0
 119 003a 191C     	 add r1,r3,#0
 120 003c FFF7FEFF 	 bl __aeabi_fadd
 121 0040 031C     	 add r3,r0,#0
 122 0042 191C     	 add r1,r3,#0
 123 0044 314B     	 ldr r3,.L12+8
 124 0046 FA68     	 ldr r2,[r7,#12]
 125 0048 9200     	 lsl r2,r2,#2
 126 004a D150     	 str r1,[r2,r3]
  19:../Steering_Servos.c **** 		Servo_PWMs[i] = Angles_data[i]*deg_PWM + NP[i];
 127              	 .loc 1 19 0 discriminator 3
 128 004c FB68     	 ldr r3,[r7,#12]
 129 004e 0133     	 add r3,r3,#1
 130 0050 FB60     	 str r3,[r7,#12]
 131              	.L2:
  19:../Steering_Servos.c **** 		Servo_PWMs[i] = Angles_data[i]*deg_PWM + NP[i];
 132              	 .loc 1 19 0 is_stmt 0 discriminator 1
 133 0052 FB68     	 ldr r3,[r7,#12]
 134 0054 032B     	 cmp r3,#3
 135 0056 DCDD     	 ble .L3
  21:../Steering_Servos.c **** 		}
  22:../Steering_Servos.c **** 
  23:../Steering_Servos.c **** 	//limitinbg max servor Angle to 1.75 rot in each dirction
  24:../Steering_Servos.c **** 	for(i = 0 ; i < 4 ; i ++){
 136              	 .loc 1 24 0 is_stmt 1
 137 0058 0023     	 mov r3,#0
 138 005a FB60     	 str r3,[r7,#12]
 139 005c 20E0     	 b .L4
 140              	.L9:
  25:../Steering_Servos.c **** 		if(Servo_PWMs[i] > 950) { Servo_PWMs[i] = 950;}
 141              	 .loc 1 25 0
 142 005e 2B4B     	 ldr r3,.L12+8
 143 0060 FA68     	 ldr r2,[r7,#12]
 144 0062 9200     	 lsl r2,r2,#2
 145 0064 D358     	 ldr r3,[r2,r3]
 146 0066 181C     	 add r0,r3,#0
 147 0068 2949     	 ldr r1,.L12+12
 148 006a FFF7FEFF 	 bl __aeabi_fcmpgt
 149 006e 031E     	 sub r3,r0,#0
 150 0070 04D0     	 beq .L5
 151              	 .loc 1 25 0 is_stmt 0 discriminator 1
 152 0072 264B     	 ldr r3,.L12+8
 153 0074 FA68     	 ldr r2,[r7,#12]
 154 0076 9200     	 lsl r2,r2,#2
 155 0078 2549     	 ldr r1,.L12+12
 156 007a D150     	 str r1,[r2,r3]
 157              	.L5:
  26:../Steering_Servos.c **** 		if(Servo_PWMs[i] < 550) { Servo_PWMs[i] = 550;}
 158              	 .loc 1 26 0 is_stmt 1
 159 007c 234B     	 ldr r3,.L12+8
 160 007e FA68     	 ldr r2,[r7,#12]
 161 0080 9200     	 lsl r2,r2,#2
 162 0082 D358     	 ldr r3,[r2,r3]
 163 0084 181C     	 add r0,r3,#0
 164 0086 2349     	 ldr r1,.L12+16
 165 0088 FFF7FEFF 	 bl __aeabi_fcmplt
 166 008c 031E     	 sub r3,r0,#0
 167 008e 04D0     	 beq .L7
 168              	 .loc 1 26 0 is_stmt 0 discriminator 1
 169 0090 1E4B     	 ldr r3,.L12+8
 170 0092 FA68     	 ldr r2,[r7,#12]
 171 0094 9200     	 lsl r2,r2,#2
 172 0096 1F49     	 ldr r1,.L12+16
 173 0098 D150     	 str r1,[r2,r3]
 174              	.L7:
  24:../Steering_Servos.c **** 		if(Servo_PWMs[i] > 950) { Servo_PWMs[i] = 950;}
 175              	 .loc 1 24 0 is_stmt 1 discriminator 2
 176 009a FB68     	 ldr r3,[r7,#12]
 177 009c 0133     	 add r3,r3,#1
 178 009e FB60     	 str r3,[r7,#12]
 179              	.L4:
  24:../Steering_Servos.c **** 		if(Servo_PWMs[i] > 950) { Servo_PWMs[i] = 950;}
 180              	 .loc 1 24 0 is_stmt 0 discriminator 1
 181 00a0 FB68     	 ldr r3,[r7,#12]
 182 00a2 032B     	 cmp r3,#3
 183 00a4 DBDD     	 ble .L9
  27:../Steering_Servos.c **** 	}
  28:../Steering_Servos.c **** 
  29:../Steering_Servos.c **** 	//seting PWM values
  30:../Steering_Servos.c **** 	PWM_SetDutyCycle(&PWM_servo_fl,Servo_PWMs[0]);
 184              	 .loc 1 30 0 is_stmt 1
 185 00a6 194B     	 ldr r3,.L12+8
 186 00a8 1B68     	 ldr r3,[r3]
 187 00aa 181C     	 add r0,r3,#0
 188 00ac FFF7FEFF 	 bl __aeabi_f2uiz
 189 00b0 021C     	 mov r2,r0
 190 00b2 194B     	 ldr r3,.L12+20
 191 00b4 181C     	 mov r0,r3
 192 00b6 111C     	 mov r1,r2
 193 00b8 FFF7FEFF 	 bl PWM_SetDutyCycle
  31:../Steering_Servos.c **** 	PWM_SetDutyCycle(&PWM_servo_fr,Servo_PWMs[1]);
 194              	 .loc 1 31 0
 195 00bc 134B     	 ldr r3,.L12+8
 196 00be 5B68     	 ldr r3,[r3,#4]
 197 00c0 181C     	 add r0,r3,#0
 198 00c2 FFF7FEFF 	 bl __aeabi_f2uiz
 199 00c6 021C     	 mov r2,r0
 200 00c8 144B     	 ldr r3,.L12+24
 201 00ca 181C     	 mov r0,r3
 202 00cc 111C     	 mov r1,r2
 203 00ce FFF7FEFF 	 bl PWM_SetDutyCycle
  32:../Steering_Servos.c **** 	PWM_SetDutyCycle(&PWM_servo_rl,Servo_PWMs[2]);
 204              	 .loc 1 32 0
 205 00d2 0E4B     	 ldr r3,.L12+8
 206 00d4 9B68     	 ldr r3,[r3,#8]
 207 00d6 181C     	 add r0,r3,#0
 208 00d8 FFF7FEFF 	 bl __aeabi_f2uiz
 209 00dc 021C     	 mov r2,r0
 210 00de 104B     	 ldr r3,.L12+28
 211 00e0 181C     	 mov r0,r3
 212 00e2 111C     	 mov r1,r2
 213 00e4 FFF7FEFF 	 bl PWM_SetDutyCycle
  33:../Steering_Servos.c **** 	PWM_SetDutyCycle(&PWM_servo_rr,Servo_PWMs[3]);
 214              	 .loc 1 33 0
 215 00e8 084B     	 ldr r3,.L12+8
 216 00ea DB68     	 ldr r3,[r3,#12]
 217 00ec 181C     	 add r0,r3,#0
 218 00ee FFF7FEFF 	 bl __aeabi_f2uiz
 219 00f2 021C     	 mov r2,r0
 220 00f4 0B4B     	 ldr r3,.L12+32
 221 00f6 181C     	 mov r0,r3
 222 00f8 111C     	 mov r1,r2
 223 00fa FFF7FEFF 	 bl PWM_SetDutyCycle
  34:../Steering_Servos.c **** 
  35:../Steering_Servos.c **** }
 224              	 .loc 1 35 0
 225 00fe BD46     	 mov sp,r7
 226 0100 05B0     	 add sp,sp,#20
 227              	 
 228 0102 90BD     	 pop {r4,r7,pc}
 229              	.L13:
 230              	 .align 2
 231              	.L12:
 232 0104 B81E253F 	 .word 1059397304
 233 0108 00000000 	 .word NP
 234 010c 00000000 	 .word Servo_PWMs
 235 0110 00806D44 	 .word 1148026880
 236 0114 00800944 	 .word 1141473280
 237 0118 00000000 	 .word PWM_servo_fl
 238 011c 00000000 	 .word PWM_servo_fr
 239 0120 00000000 	 .word PWM_servo_rl
 240 0124 00000000 	 .word PWM_servo_rr
 241              	 .cfi_endproc
 242              	.LFE224:
 244              	 .section .text.Servo_NP_setting,"ax",%progbits
 245              	 .align 2
 246              	 .global Servo_NP_setting
 247              	 .code 16
 248              	 .thumb_func
 250              	Servo_NP_setting:
 251              	.LFB225:
  36:../Steering_Servos.c **** 
  37:../Steering_Servos.c **** void Servo_NP_setting(void){
 252              	 .loc 1 37 0
 253              	 .cfi_startproc
 254 0000 80B5     	 push {r7,lr}
 255              	.LCFI3:
 256              	 .cfi_def_cfa_offset 8
 257              	 .cfi_offset 7,-8
 258              	 .cfi_offset 14,-4
 259 0002 00AF     	 add r7,sp,#0
 260              	.LCFI4:
 261              	 .cfi_def_cfa_register 7
  38:../Steering_Servos.c **** 	  NP[0] = NPfl;
 262              	 .loc 1 38 0
 263 0004 0A4B     	 ldr r3,.L15
 264 0006 1A88     	 ldrh r2,[r3]
 265 0008 0A4B     	 ldr r3,.L15+4
 266 000a 1A80     	 strh r2,[r3]
  39:../Steering_Servos.c **** 	  NP[1] = NPfr;
 267              	 .loc 1 39 0
 268 000c 0A4B     	 ldr r3,.L15+8
 269 000e 1B68     	 ldr r3,[r3]
 270 0010 9AB2     	 uxth r2,r3
 271 0012 084B     	 ldr r3,.L15+4
 272 0014 5A80     	 strh r2,[r3,#2]
  40:../Steering_Servos.c **** 	  NP[2] = NPrl;
 273              	 .loc 1 40 0
 274 0016 094B     	 ldr r3,.L15+12
 275 0018 1B68     	 ldr r3,[r3]
 276 001a 9AB2     	 uxth r2,r3
 277 001c 054B     	 ldr r3,.L15+4
 278 001e 9A80     	 strh r2,[r3,#4]
  41:../Steering_Servos.c **** 	  NP[3] = NPrr;
 279              	 .loc 1 41 0
 280 0020 074B     	 ldr r3,.L15+16
 281 0022 1B68     	 ldr r3,[r3]
 282 0024 9AB2     	 uxth r2,r3
 283 0026 034B     	 ldr r3,.L15+4
 284 0028 DA80     	 strh r2,[r3,#6]
  42:../Steering_Servos.c **** }
 285              	 .loc 1 42 0
 286 002a BD46     	 mov sp,r7
 287              	 
 288 002c 80BD     	 pop {r7,pc}
 289              	.L16:
 290 002e C046     	 .align 2
 291              	.L15:
 292 0030 00000000 	 .word NPfl
 293 0034 00000000 	 .word NP
 294 0038 00000000 	 .word NPfr
 295 003c 00000000 	 .word NPrl
 296 0040 00000000 	 .word NPrr
 297              	 .cfi_endproc
 298              	.LFE225:
 300              	 .text
 301              	.Letext0:
 302              	 .file 2 "c:\\dave\\dave-ide-4.4.2-64bit\\dave-ide-4.4.2-64bit\\eclipse\\arm-gcc-49\\arm-none-eabi\\include\\machine\\_default_types.h"
 303              	 .file 3 "c:\\dave\\dave-ide-4.4.2-64bit\\dave-ide-4.4.2-64bit\\eclipse\\arm-gcc-49\\arm-none-eabi\\include\\stdint.h"
 304              	 .file 4 "C:/GitHub/MobRob_Rover_NEW/Steering_Controller/MobRob_Steering_Controller/Libraries/CMSIS/Infineon/XMC1400_series/Include/XMC1400.h"
 305              	 .file 5 "C:/GitHub/MobRob_Rover_NEW/Steering_Controller/MobRob_Steering_Controller/Libraries/XMCLib/inc/xmc1_scu.h"
 306              	 .file 6 "C:/GitHub/MobRob_Rover_NEW/Steering_Controller/MobRob_Steering_Controller/Libraries/XMCLib/inc/xmc_gpio.h"
 307              	 .file 7 "C:/GitHub/MobRob_Rover_NEW/Steering_Controller/MobRob_Steering_Controller/Libraries/XMCLib/inc/xmc1_gpio.h"
 308              	 .file 8 "C:/GitHub/MobRob_Rover_NEW/Steering_Controller/MobRob_Steering_Controller/Libraries/XMCLib/inc/xmc_ccu4.h"
 309              	 .file 9 "C:/GitHub/MobRob_Rover_NEW/Steering_Controller/MobRob_Steering_Controller/Dave/Generated/GLOBAL_CCU4/global_ccu4.h"
 310              	 .file 10 "C:/GitHub/MobRob_Rover_NEW/Steering_Controller/MobRob_Steering_Controller/Dave/Generated/PWM/pwm.h"
 311              	 .file 11 "C:/GitHub/MobRob_Rover_NEW/Steering_Controller/MobRob_Steering_Controller/Libraries/CMSIS/Include/cmsis_gcc.h"
 312              	 .file 12 "C:/GitHub/MobRob_Rover_NEW/Steering_Controller/MobRob_Steering_Controller/Libraries/CMSIS/Infineon/XMC1400_series/Include/system_XMC1400.h"
 313              	 .file 13 "C:/GitHub/MobRob_Rover_NEW/Steering_Controller/MobRob_Steering_Controller/Dave/Generated/PWM/PWM_Extern.h"
DEFINED SYMBOLS
                            *ABS*:00000000 Steering_Servos.c
    {standard input}:22     .data.NP:00000000 NP
    {standard input}:19     .data.NP:00000000 $d
    {standard input}:32     .data.NPfl:00000000 NPfl
    {standard input}:29     .data.NPfl:00000000 $d
    {standard input}:39     .data.NPfr:00000000 NPfr
    {standard input}:36     .data.NPfr:00000000 $d
    {standard input}:46     .data.NPrl:00000000 NPrl
    {standard input}:43     .data.NPrl:00000000 $d
    {standard input}:53     .data.NPrr:00000000 NPrr
    {standard input}:50     .data.NPrr:00000000 $d
    {standard input}:60     .bss.Servo_PWMs:00000000 Servo_PWMs
    {standard input}:57     .bss.Servo_PWMs:00000000 $d
    {standard input}:69     .text.Steering_set_Angles:00000000 $t
    {standard input}:74     .text.Steering_set_Angles:00000000 Steering_set_Angles
    {standard input}:232    .text.Steering_set_Angles:00000104 $d
    {standard input}:245    .text.Servo_NP_setting:00000000 $t
    {standard input}:250    .text.Servo_NP_setting:00000000 Servo_NP_setting
    {standard input}:292    .text.Servo_NP_setting:00000030 $d
                     .debug_frame:00000010 $d

UNDEFINED SYMBOLS
__aeabi_fmul
__aeabi_i2f
__aeabi_fadd
__aeabi_fcmpgt
__aeabi_fcmplt
__aeabi_f2uiz
PWM_SetDutyCycle
PWM_servo_fl
PWM_servo_fr
PWM_servo_rl
PWM_servo_rr
