Archive member included because of file (symbol)

c:/dave/dave-ide-4.4.2-64bit/dave-ide-4.4.2-64bit/eclipse/arm-gcc-49/bin/../lib/gcc/arm-none-eabi/4.9.3/armv6-m\libgcc.a(_aeabi_uldivmod.o)
                              ./Dave/Generated/TIMER/timer.o (__aeabi_uldivmod)
c:/dave/dave-ide-4.4.2-64bit/dave-ide-4.4.2-64bit/eclipse/arm-gcc-49/bin/../lib/gcc/arm-none-eabi/4.9.3/armv6-m\libgcc.a(_muldi3.o)
                              ./Dave/Generated/TIMER/timer.o (__aeabi_lmul)
c:/dave/dave-ide-4.4.2-64bit/dave-ide-4.4.2-64bit/eclipse/arm-gcc-49/bin/../lib/gcc/arm-none-eabi/4.9.3/armv6-m\libgcc.a(_fixunssfsi.o)
                              ./Libraries/XMCLib/src/xmc_usic.o (__aeabi_f2uiz)
c:/dave/dave-ide-4.4.2-64bit/dave-ide-4.4.2-64bit/eclipse/arm-gcc-49/bin/../lib/gcc/arm-none-eabi/4.9.3/armv6-m\libgcc.a(_fixunsdfsi.o)
                              ./main.o (__aeabi_d2uiz)
c:/dave/dave-ide-4.4.2-64bit/dave-ide-4.4.2-64bit/eclipse/arm-gcc-49/bin/../lib/gcc/arm-none-eabi/4.9.3/armv6-m\libgcc.a(bpabi.o)
                              c:/dave/dave-ide-4.4.2-64bit/dave-ide-4.4.2-64bit/eclipse/arm-gcc-49/bin/../lib/gcc/arm-none-eabi/4.9.3/armv6-m\libgcc.a(_aeabi_uldivmod.o) (__gnu_uldivmod_helper)
c:/dave/dave-ide-4.4.2-64bit/dave-ide-4.4.2-64bit/eclipse/arm-gcc-49/bin/../lib/gcc/arm-none-eabi/4.9.3/armv6-m\libgcc.a(addsf3.o)
                              ./main.o (__aeabi_fadd)
c:/dave/dave-ide-4.4.2-64bit/dave-ide-4.4.2-64bit/eclipse/arm-gcc-49/bin/../lib/gcc/arm-none-eabi/4.9.3/armv6-m\libgcc.a(divsf3.o)
                              ./Libraries/XMCLib/src/xmc_usic.o (__aeabi_fdiv)
c:/dave/dave-ide-4.4.2-64bit/dave-ide-4.4.2-64bit/eclipse/arm-gcc-49/bin/../lib/gcc/arm-none-eabi/4.9.3/armv6-m\libgcc.a(mulsf3.o)
                              ./Libraries/XMCLib/src/xmc_usic.o (__aeabi_fmul)
c:/dave/dave-ide-4.4.2-64bit/dave-ide-4.4.2-64bit/eclipse/arm-gcc-49/bin/../lib/gcc/arm-none-eabi/4.9.3/armv6-m\libgcc.a(subsf3.o)
                              ./main.o (__aeabi_fsub)
c:/dave/dave-ide-4.4.2-64bit/dave-ide-4.4.2-64bit/eclipse/arm-gcc-49/bin/../lib/gcc/arm-none-eabi/4.9.3/armv6-m\libgcc.a(fixsfsi.o)
                              c:/dave/dave-ide-4.4.2-64bit/dave-ide-4.4.2-64bit/eclipse/arm-gcc-49/bin/../lib/gcc/arm-none-eabi/4.9.3/armv6-m\libgcc.a(_fixunssfsi.o) (__aeabi_f2iz)
c:/dave/dave-ide-4.4.2-64bit/dave-ide-4.4.2-64bit/eclipse/arm-gcc-49/bin/../lib/gcc/arm-none-eabi/4.9.3/armv6-m\libgcc.a(floatunsisf.o)
                              ./Libraries/XMCLib/src/xmc_usic.o (__aeabi_ui2f)
c:/dave/dave-ide-4.4.2-64bit/dave-ide-4.4.2-64bit/eclipse/arm-gcc-49/bin/../lib/gcc/arm-none-eabi/4.9.3/armv6-m\libgcc.a(muldf3.o)
                              ./main.o (__aeabi_dmul)
c:/dave/dave-ide-4.4.2-64bit/dave-ide-4.4.2-64bit/eclipse/arm-gcc-49/bin/../lib/gcc/arm-none-eabi/4.9.3/armv6-m\libgcc.a(subdf3.o)
                              c:/dave/dave-ide-4.4.2-64bit/dave-ide-4.4.2-64bit/eclipse/arm-gcc-49/bin/../lib/gcc/arm-none-eabi/4.9.3/armv6-m\libgcc.a(_fixunsdfsi.o) (__aeabi_dsub)
c:/dave/dave-ide-4.4.2-64bit/dave-ide-4.4.2-64bit/eclipse/arm-gcc-49/bin/../lib/gcc/arm-none-eabi/4.9.3/armv6-m\libgcc.a(fixdfsi.o)
                              c:/dave/dave-ide-4.4.2-64bit/dave-ide-4.4.2-64bit/eclipse/arm-gcc-49/bin/../lib/gcc/arm-none-eabi/4.9.3/armv6-m\libgcc.a(_fixunsdfsi.o) (__aeabi_d2iz)
c:/dave/dave-ide-4.4.2-64bit/dave-ide-4.4.2-64bit/eclipse/arm-gcc-49/bin/../lib/gcc/arm-none-eabi/4.9.3/armv6-m\libgcc.a(floatunsidf.o)
                              ./main.o (__aeabi_ui2d)
c:/dave/dave-ide-4.4.2-64bit/dave-ide-4.4.2-64bit/eclipse/arm-gcc-49/bin/../lib/gcc/arm-none-eabi/4.9.3/armv6-m\libgcc.a(_dvmd_tls.o)
                              c:/dave/dave-ide-4.4.2-64bit/dave-ide-4.4.2-64bit/eclipse/arm-gcc-49/bin/../lib/gcc/arm-none-eabi/4.9.3/armv6-m\libgcc.a(_aeabi_uldivmod.o) (__aeabi_ldiv0)
c:/dave/dave-ide-4.4.2-64bit/dave-ide-4.4.2-64bit/eclipse/arm-gcc-49/bin/../lib/gcc/arm-none-eabi/4.9.3/armv6-m\libgcc.a(_arm_cmpdf2.o)
                              c:/dave/dave-ide-4.4.2-64bit/dave-ide-4.4.2-64bit/eclipse/arm-gcc-49/bin/../lib/gcc/arm-none-eabi/4.9.3/armv6-m\libgcc.a(_fixunsdfsi.o) (__aeabi_dcmpge)
c:/dave/dave-ide-4.4.2-64bit/dave-ide-4.4.2-64bit/eclipse/arm-gcc-49/bin/../lib/gcc/arm-none-eabi/4.9.3/armv6-m\libgcc.a(_arm_cmpsf2.o)
                              c:/dave/dave-ide-4.4.2-64bit/dave-ide-4.4.2-64bit/eclipse/arm-gcc-49/bin/../lib/gcc/arm-none-eabi/4.9.3/armv6-m\libgcc.a(_fixunssfsi.o) (__aeabi_fcmpge)
c:/dave/dave-ide-4.4.2-64bit/dave-ide-4.4.2-64bit/eclipse/arm-gcc-49/bin/../lib/gcc/arm-none-eabi/4.9.3/armv6-m\libgcc.a(_clzsi2.o)
                              c:/dave/dave-ide-4.4.2-64bit/dave-ide-4.4.2-64bit/eclipse/arm-gcc-49/bin/../lib/gcc/arm-none-eabi/4.9.3/armv6-m\libgcc.a(addsf3.o) (__clzsi2)
c:/dave/dave-ide-4.4.2-64bit/dave-ide-4.4.2-64bit/eclipse/arm-gcc-49/bin/../lib/gcc/arm-none-eabi/4.9.3/armv6-m\libgcc.a(_divdi3.o)
[...]
Memory Configuration

Name             Origin             Length             Attributes
FLASH            0x10001000         0x00032000         xr
SRAM             0x20000000         0x00004000         !xr
*default*        0x00000000         0xffffffff

Linker script and memory map

LOAD ./Startup/startup_XMC1400.o
LOAD ./Startup/system_XMC1400.o
LOAD ./Libraries/XMCLib/src/xmc1_eru.o
LOAD ./Libraries/XMCLib/src/xmc1_flash.o
LOAD ./Libraries/XMCLib/src/xmc1_gpio.o
LOAD ./Libraries/XMCLib/src/xmc1_rtc.o
LOAD ./Libraries/XMCLib/src/xmc1_scu.o
LOAD ./Libraries/XMCLib/src/xmc_acmp.o
LOAD ./Libraries/XMCLib/src/xmc_bccu.o
LOAD ./Libraries/XMCLib/src/xmc_can.o
LOAD ./Libraries/XMCLib/src/xmc_ccu4.o
LOAD ./Libraries/XMCLib/src/xmc_ccu8.o
LOAD ./Libraries/XMCLib/src/xmc_common.o
LOAD ./Libraries/XMCLib/src/xmc_eru.o
LOAD ./Libraries/XMCLib/src/xmc_gpio.o
LOAD ./Libraries/XMCLib/src/xmc_i2c.o
LOAD ./Libraries/XMCLib/src/xmc_i2s.o
LOAD ./Libraries/XMCLib/src/xmc_ledts.o
LOAD ./Libraries/XMCLib/src/xmc_math.o
LOAD ./Libraries/XMCLib/src/xmc_pau.o
LOAD ./Libraries/XMCLib/src/xmc_posif.o
LOAD ./Libraries/XMCLib/src/xmc_prng.o
LOAD ./Libraries/XMCLib/src/xmc_rtc.o
LOAD ./Libraries/XMCLib/src/xmc_spi.o
LOAD ./Libraries/XMCLib/src/xmc_uart.o
LOAD ./Libraries/XMCLib/src/xmc_usic.o
LOAD ./Libraries/XMCLib/src/xmc_vadc.o
LOAD ./Libraries/XMCLib/src/xmc_wdt.o
LOAD ./Libraries/Newlib/syscalls.o
LOAD ./Dave/Generated/TIMER/timer.o
LOAD ./Dave/Generated/TIMER/timer_conf.o
LOAD ./Dave/Generated/PIN_INTERRUPT/pin_interrupt.o
LOAD ./Dave/Generated/PIN_INTERRUPT/pin_interrupt_conf.o
LOAD ./Dave/Generated/INTERRUPT/interrupt.o
LOAD ./Dave/Generated/INTERRUPT/interrupt_conf.o
LOAD ./Dave/Generated/GLOBAL_CCU4/global_ccu4.o
LOAD ./Dave/Generated/GLOBAL_CCU4/global_ccu4_conf.o
LOAD ./Dave/Generated/GLOBAL_CAN/global_can.o
LOAD ./Dave/Generated/GLOBAL_CAN/global_can_conf.o
LOAD ./Dave/Generated/CPU_CTRL_XMC1/cpu_ctrl_xmc1.o
LOAD ./Dave/Generated/CPU_CTRL_XMC1/cpu_ctrl_xmc1_conf.o
LOAD ./Dave/Generated/CLOCK_XMC1/clock_xmc1.o
LOAD ./Dave/Generated/CLOCK_XMC1/clock_xmc1_conf.o
LOAD ./Dave/Generated/CAN_NODE/can_node.o
LOAD ./Dave/Generated/CAN_NODE/can_node_conf.o
LOAD ./Dave/Generated/BUS_IO/bus_io.o
LOAD ./Dave/Generated/BUS_IO/bus_io_conf.o
LOAD ./Dave/Generated/DAVE.o
LOAD ./main.o
LOAD c:/dave/dave-ide-4.4.2-64bit/dave-ide-4.4.2-64bit/eclipse/arm-gcc-49/bin/../lib/gcc/arm-none-eabi/4.9.3/../../../../arm-none-eabi/lib/armv6-m\libm.a
START GROUP
LOAD c:/dave/dave-ide-4.4.2-64bit/dave-ide-4.4.2-64bit/eclipse/arm-gcc-49/bin/../lib/gcc/arm-none-eabi/4.9.3/armv6-m\libgcc.a
LOAD c:/dave/dave-ide-4.4.2-64bit/dave-ide-4.4.2-64bit/eclipse/arm-gcc-49/bin/../lib/gcc/arm-none-eabi/4.9.3/../../../../arm-none-eabi/lib/armv6-m\libg_nano.a
LOAD c:/dave/dave-ide-4.4.2-64bit/dave-ide-4.4.2-64bit/eclipse/arm-gcc-49/bin/../lib/gcc/arm-none-eabi/4.9.3/../../../../arm-none-eabi/lib/armv6-m\libc_nano.a
END GROUP
START GROUP
LOAD c:/dave/dave-ide-4.4.2-64bit/dave-ide-4.4.2-64bit/eclipse/arm-gcc-49/bin/../lib/gcc/arm-none-eabi/4.9.3/armv6-m\libgcc.a
LOAD c:/dave/dave-ide-4.4.2-64bit/dave-ide-4.4.2-64bit/eclipse/arm-gcc-49/bin/../lib/gcc/arm-none-eabi/4.9.3/../../../../arm-none-eabi/lib/armv6-m\libc_nano.a
LOAD c:/dave/dave-ide-4.4.2-64bit/dave-ide-4.4.2-64bit/eclipse/arm-gcc-49/bin/../lib/gcc/arm-none-eabi/4.9.3/../../../../arm-none-eabi/lib/armv6-m\libnosys.a
END GROUP
START GROUP
LOAD c:/dave/dave-ide-4.4.2-64bit/dave-ide-4.4.2-64bit/eclipse/arm-gcc-49/bin/../lib/gcc/arm-none-eabi/4.9.3/armv6-m\libgcc.a
LOAD c:/dave/dave-ide-4.4.2-64bit/dave-ide-4.4.2-64bit/eclipse/arm-gcc-49/bin/../lib/gcc/arm-none-eabi/4.9.3/../../../../arm-none-eabi/lib/armv6-m\libc_nano.a
LOAD c:/dave/dave-ide-4.4.2-64bit/dave-ide-4.4.2-64bit/eclipse/arm-gcc-49/bin/../lib/gcc/arm-none-eabi/4.9.3/../../../../arm-none-eabi/lib/armv6-m\libnosys.a
END GROUP
                0x00000400                stack_size = DEFINED (stack_size)?stack_size:0x400
                0x00000004                no_init_size = 0x4

.text           0x10001000     0x41e8
                0x10001000                sText = .
 *(.reset)
 .reset         0x10001000       0xa0 ./Startup/startup_XMC1400.o
                0x10001000                __Vectors
                0x1000101c                Reset_Handler
                0x1000109c                SysTick_Handler
                0x1000109c                PendSV_Handler
                0x1000109c                IRQ16_Handler
                0x1000109c                IRQ4_Handler
                0x1000109c                HardFault_Handler
                0x1000109c                IRQ23_Handler
                0x1000109c                IRQ22_Handler
                0x1000109c                IRQ29_Handler
                0x1000109c                IRQ20_Handler
                0x1000109c                IRQ13_Handler
                0x1000109c                IRQ25_Handler
                0x1000109c                IRQ30_Handler
                0x1000109c                IRQ21_Handler
                0x1000109c                IRQ31_Handler
                0x1000109c                IRQ28_Handler
                0x1000109c                IRQ2_Handler
                0x1000109c                IRQ10_Handler
                0x1000109c                IRQ24_Handler
                0x1000109c                SVC_Handler
                0x1000109c                IRQ1_Handler
                0x1000109c                IRQ19_Handler
                0x1000109c                IRQ15_Handler
                0x1000109c                IRQ18_Handler
                0x1000109c                IRQ11_Handler
                0x1000109c                IRQ14_Handler
                0x1000109c                IRQ9_Handler
                0x1000109c                IRQ12_Handler
                0x1000109c                IRQ8_Handler
                0x1000109c                IRQ27_Handler
                0x1000109c                IRQ26_Handler
                0x1000109c                IRQ17_Handler
 *(.text .text.* .gnu.linkonce.t.*)
 .text.SystemInit
                0x100010a0       0x10 ./Startup/system_XMC1400.o
                0x100010a0                SystemInit
 .text.SystemCoreClockUpdate
                0x100010b0       0xc8 ./Startup/system_XMC1400.o
                0x100010b0                SystemCoreClockUpdate
 .text.OSCHP_GetFrequency
                0x10001178       0x10 ./Startup/system_XMC1400.o
                0x10001178                OSCHP_GetFrequency
 .text.XMC_ERU_Enable
                0x10001188       0x10 ./Libraries/XMCLib/src/xmc1_eru.o
                0x10001188                XMC_ERU_Enable
 .text.XMC_GPIO_Init
                0x10001198      0x17c ./Libraries/XMCLib/src/xmc1_gpio.o
                0x10001198                XMC_GPIO_Init
 .text.XMC_SCU_LockProtectedBits
                0x10001314       0x14 ./Libraries/XMCLib/src/xmc1_scu.o
                0x10001314                XMC_SCU_LockProtectedBits
 .text.XMC_SCU_UnlockProtectedBits
                0x10001328       0x20 ./Libraries/XMCLib/src/xmc1_scu.o
                0x10001328                XMC_SCU_UnlockProtectedBits
 .text.XMC_SCU_CLOCK_Init
                0x10001348      0x168 ./Libraries/XMCLib/src/xmc1_scu.o
                0x10001348                XMC_SCU_CLOCK_Init
 .text.XMC_SCU_CLOCK_UngatePeripheralClock
                0x100014b0       0x34 ./Libraries/XMCLib/src/xmc1_scu.o
                0x100014b0                XMC_SCU_CLOCK_UngatePeripheralClock
 .text.XMC_SCU_CLOCK_ScaleMCLKFrequency
                0x100014e4       0xbc ./Libraries/XMCLib/src/xmc1_scu.o
                0x100014e4                XMC_SCU_CLOCK_ScaleMCLKFrequency
 .text.XMC_SCU_CLOCK_lFrequencyUpScaling
                0x100015a0       0x54 ./Libraries/XMCLib/src/xmc1_scu.o
 .text.XMC_SCU_CLOCK_lFrequencyDownScaling
                0x100015f4       0x5c ./Libraries/XMCLib/src/xmc1_scu.o
 .text.XMC_SCU_CLOCK_GetPeripheralClockFrequency
                0x10001650       0x14 ./Libraries/XMCLib/src/xmc1_scu.o
                0x10001650                XMC_SCU_CLOCK_GetPeripheralClockFrequency
 .text.XMC_SCU_SetInterruptControl
                0x10001664       0x8c ./Libraries/XMCLib/src/xmc1_scu.o
                0x10001664                XMC_SCU_SetInterruptControl
 .text.XMC_CAN_IsPanelControlReady
                0x100016f0       0x24 ./Libraries/XMCLib/src/xmc_can.o
 .text.XMC_CAN_PanelControl
                0x10001714       0x4c ./Libraries/XMCLib/src/xmc_can.o
 .text.XMC_CAN_NODE_EnableConfigurationChange
                0x10001760       0x1c ./Libraries/XMCLib/src/xmc_can.o
 .text.XMC_CAN_NODE_DisableConfigurationChange
                0x1000177c       0x1c ./Libraries/XMCLib/src/xmc_can.o
 .text.max      0x10001798       0x1c ./Libraries/XMCLib/src/xmc_can.o
 .text.min      0x100017b4       0x1c ./Libraries/XMCLib/src/xmc_can.o
 .text.XMC_CAN_NODE_NominalBitTimeConfigureEx
                0x100017d0      0x15c ./Libraries/XMCLib/src/xmc_can.o
                0x100017d0                XMC_CAN_NODE_NominalBitTimeConfigureEx
 .text.XMC_CAN_AllocateMOtoNodeList
                0x1000192c       0x50 ./Libraries/XMCLib/src/xmc_can.o
                0x1000192c                XMC_CAN_AllocateMOtoNodeList
 .text.XMC_CAN_Enable
                0x1000197c       0x34 ./Libraries/XMCLib/src/xmc_can.o
                0x1000197c                XMC_CAN_Enable
 .text.XMC_CAN_SetBaudrateClockSource
                0x100019b0       0x34 ./Libraries/XMCLib/src/xmc_can.o
                0x100019b0                XMC_CAN_SetBaudrateClockSource
 .text.XMC_CAN_GetBaudrateClockSource
                0x100019e4       0x20 ./Libraries/XMCLib/src/xmc_can.o
                0x100019e4                XMC_CAN_GetBaudrateClockSource
 .text.XMC_CAN_GetBaudrateClockFrequency
                0x10001a04       0x40 ./Libraries/XMCLib/src/xmc_can.o
                0x10001a04                XMC_CAN_GetBaudrateClockFrequency
 .text.XMC_CAN_InitEx
                0x10001a44       0xa4 ./Libraries/XMCLib/src/xmc_can.o
                0x10001a44                XMC_CAN_InitEx
 .text.XMC_CAN_MO_Config
                0x10001ae8      0x140 ./Libraries/XMCLib/src/xmc_can.o
                0x10001ae8                XMC_CAN_MO_Config
 .text.XMC_CAN_MO_UpdateData
                0x10001c28       0x84 ./Libraries/XMCLib/src/xmc_can.o
                0x10001c28                XMC_CAN_MO_UpdateData
 .text.XMC_CAN_MO_Transmit
                0x10001cac       0x70 ./Libraries/XMCLib/src/xmc_can.o
                0x10001cac                XMC_CAN_MO_Transmit
 .text.XMC_CAN_NODE_EnableEvent
                0x10001d1c       0x34 ./Libraries/XMCLib/src/xmc_can.o
                0x10001d1c                XMC_CAN_NODE_EnableEvent
 .text.XMC_CCU4_StartPrescaler
                0x10001d50       0x18 ./Libraries/XMCLib/src/xmc_ccu4.o
 .text.XMC_CCU4_lUngateClock
                0x10001d68       0x38 ./Libraries/XMCLib/src/xmc_ccu4.o
 .text.XMC_CCU4_EnableModule
                0x10001da0       0x18 ./Libraries/XMCLib/src/xmc_ccu4.o
                0x10001da0                XMC_CCU4_EnableModule
 .text.XMC_CCU4_Init
                0x10001db8       0x48 ./Libraries/XMCLib/src/xmc_ccu4.o
                0x10001db8                XMC_CCU4_Init
 .text.XMC_CCU4_SLICE_CompareInit
                0x10001e00       0x68 ./Libraries/XMCLib/src/xmc_ccu4.o
                0x10001e00                XMC_CCU4_SLICE_CompareInit
 .text.XMC_CCU4_SLICE_SetInterruptNode
                0x10001e68       0xa8 ./Libraries/XMCLib/src/xmc_ccu4.o
                0x10001e68                XMC_CCU4_SLICE_SetInterruptNode
 .text.XMC_ERU_ETL_Init
                0x10001f10       0x5c ./Libraries/XMCLib/src/xmc_eru.o
                0x10001f10                XMC_ERU_ETL_Init
 .text.XMC_ERU_OGU_SetServiceRequestMode
                0x10001f6c       0x44 ./Libraries/XMCLib/src/xmc_eru.o
                0x10001f6c                XMC_ERU_OGU_SetServiceRequestMode
 .text.__aeabi_uidiv
                0x10001fb0       0x50 ./Libraries/XMCLib/src/xmc_math.o
                0x10001fb0                __aeabi_uidiv
 .text.__aeabi_uidivmod
                0x10002000       0x74 ./Libraries/XMCLib/src/xmc_math.o
                0x10002000                __aeabi_uidivmod
 .text._init    0x10002074        0x8 ./Libraries/Newlib/syscalls.o
                0x10002074                _init
 .text.XMC_CCU4_EnableClock
                0x1000207c       0x20 ./Dave/Generated/TIMER/timer.o
 .text.XMC_CCU4_SLICE_StartTimer
                0x1000209c       0x14 ./Dave/Generated/TIMER/timer.o
 .text.XMC_CCU4_SLICE_ClearTimer
                0x100020b0       0x14 ./Dave/Generated/TIMER/timer.o
 .text.XMC_CCU4_SLICE_SetTimerPeriodMatch
                0x100020c4       0x1c ./Dave/Generated/TIMER/timer.o
 .text.XMC_CCU4_SLICE_SetTimerCompareMatch
                0x100020e0       0x1c ./Dave/Generated/TIMER/timer.o
 .text.XMC_CCU4_EnableShadowTransfer
                0x100020fc       0x18 ./Dave/Generated/TIMER/timer.o
 .text.XMC_CCU4_SLICE_EnableEvent
                0x10002114       0x2c ./Dave/Generated/TIMER/timer.o
 .text.TIMER_Init
                0x10002140       0x48 ./Dave/Generated/TIMER/timer.o
                0x10002140                TIMER_Init
 .text.TIMER_CCU4_lInit
                0x10002188       0xa4 ./Dave/Generated/TIMER/timer.o
                0x10002188                TIMER_CCU4_lInit
 .text.TIMER_CCU4_lShadowTransfer
                0x1000222c       0x3c ./Dave/Generated/TIMER/timer.o
                0x1000222c                TIMER_CCU4_lShadowTransfer
 .text.__NVIC_EnableIRQ
                0x10002268       0x34 ./Dave/Generated/PIN_INTERRUPT/pin_interrupt.o
 .text.__NVIC_ClearPendingIRQ
                0x1000229c       0x34 ./Dave/Generated/PIN_INTERRUPT/pin_interrupt.o
 .text.__NVIC_SetPriority
                0x100022d0       0xd4 ./Dave/Generated/PIN_INTERRUPT/pin_interrupt.o
 .text.PIN_INTERRUPT_Init
                0x100023a4       0x94 ./Dave/Generated/PIN_INTERRUPT/pin_interrupt.o
                0x100023a4                PIN_INTERRUPT_Init
 .text.__NVIC_EnableIRQ
                0x10002438       0x34 ./Dave/Generated/INTERRUPT/interrupt.o
 .text.__NVIC_SetPriority
                0x1000246c       0xd4 ./Dave/Generated/INTERRUPT/interrupt.o
 .text.INTERRUPT_Enable
                0x10002540       0x1c ./Dave/Generated/INTERRUPT/interrupt.o
 .text.INTERRUPT_Init
                0x1000255c       0x58 ./Dave/Generated/INTERRUPT/interrupt.o
                0x1000255c                INTERRUPT_Init
 .text.XMC_CCU4_StartPrescaler
                0x100025b4       0x18 ./Dave/Generated/GLOBAL_CCU4/global_ccu4.o
 .text.GLOBAL_CCU4_Init
                0x100025cc       0x40 ./Dave/Generated/GLOBAL_CCU4/global_ccu4.o
                0x100025cc                GLOBAL_CCU4_Init
 .text.GLOBAL_CAN_Init
                0x1000260c       0x50 ./Dave/Generated/GLOBAL_CAN/global_can.o
                0x1000260c                GLOBAL_CAN_Init
 .text.SystemCoreSetup
                0x1000265c       0x18 ./Dave/Generated/CPU_CTRL_XMC1/cpu_ctrl_xmc1_conf.o
                0x1000265c                SystemCoreSetup
 .text.CLOCK_XMC1_Init
                0x10002674       0x84 ./Dave/Generated/CLOCK_XMC1/clock_xmc1.o
                0x10002674                CLOCK_XMC1_Init
 .text.SystemCoreClockSetup
                0x100026f8       0x24 ./Dave/Generated/CLOCK_XMC1/clock_xmc1_conf.o
                0x100026f8                SystemCoreClockSetup
 .text.XMC_CAN_NODE_SetEventNodePointer
                0x1000271c       0x40 ./Dave/Generated/CAN_NODE/can_node.o
 .text.XMC_CAN_NODE_SetReceiveInput
                0x1000275c       0x2c ./Dave/Generated/CAN_NODE/can_node.o
 .text.XMC_CAN_NODE_EnableLoopBack
                0x10002788       0x1c ./Dave/Generated/CAN_NODE/can_node.o
 .text.XMC_CAN_NODE_EnableConfigurationChange
                0x100027a4       0x1c ./Dave/Generated/CAN_NODE/can_node.o
 .text.XMC_CAN_NODE_DisableConfigurationChange
                0x100027c0       0x1c ./Dave/Generated/CAN_NODE/can_node.o
 .text.XMC_CAN_NODE_SetInitBit
                0x100027dc       0x1c ./Dave/Generated/CAN_NODE/can_node.o
 .text.XMC_CAN_NODE_ResetInitBit
                0x100027f8       0x1c ./Dave/Generated/CAN_NODE/can_node.o
 .text.XMC_CAN_NODE_ReSetAnalyzerMode
                0x10002814       0x1c ./Dave/Generated/CAN_NODE/can_node.o
 .text.XMC_CAN_MO_SetEventNodePointer
                0x10002830       0x44 ./Dave/Generated/CAN_NODE/can_node.o
 .text.XMC_CAN_MO_EnableEvent
                0x10002874       0x20 ./Dave/Generated/CAN_NODE/can_node.o
 .text.CAN_NODE_MO_EnableTxEvent
                0x10002894       0x20 ./Dave/Generated/CAN_NODE/can_node.o
 .text.CAN_NODE_MO_EnableRxEvent
                0x100028b4       0x20 ./Dave/Generated/CAN_NODE/can_node.o
 .text.CAN_NODE_SetNodeEvents
                0x100028d4       0x78 ./Dave/Generated/CAN_NODE/can_node.o
 .text.CAN_NODE_SetNodePointer
                0x1000294c       0x68 ./Dave/Generated/CAN_NODE/can_node.o
 .text.CAN_NODE_MO_Init
                0x100029b4       0x5c ./Dave/Generated/CAN_NODE/can_node.o
                0x100029b4                CAN_NODE_MO_Init
 .text.CAN_NODE_MO_Transmit
                0x10002a10       0x30 ./Dave/Generated/CAN_NODE/can_node.o
                0x10002a10                CAN_NODE_MO_Transmit
 .text.CAN_NODE_MO_UpdateData
                0x10002a40       0x4c ./Dave/Generated/CAN_NODE/can_node.o
                0x10002a40                CAN_NODE_MO_UpdateData
 .text.CAN_NODE_Init
                0x10002a8c      0x158 ./Dave/Generated/CAN_NODE/can_node.o
                0x10002a8c                CAN_NODE_Init
 .text.XMC_GPIO_SetOutputLevel
                0x10002be4       0x28 ./Dave/Generated/BUS_IO/bus_io.o
 .text.BUS_IO_Init
                0x10002c0c       0x7c ./Dave/Generated/BUS_IO/bus_io.o
                0x10002c0c                BUS_IO_Init
 .text.BUS_IO_Write
                0x10002c88       0x8c ./Dave/Generated/BUS_IO/bus_io.o
                0x10002c88                BUS_IO_Write
 .text.DAVE_Init
                0x10002d14      0x130 ./Dave/Generated/DAVE.o
                0x10002d14                DAVE_Init
 .text.XMC_GPIO_GetInput
                0x10002e44       0x28 ./main.o
 .text.PIN_INTERRUPT_GetPinValue
                0x10002e6c       0x24 ./main.o
 .text.main     0x10002e90       0x48 ./main.o
                0x10002e90                main
 .text.IRQ7_Handler
                0x10002ed8      0x14c ./main.o
                0x10002ed8                IRQ7_Handler
 .text.reset    0x10003024       0x88 ./main.o
                0x10003024                reset
 .text.IRQ5_Handler
                0x100030ac      0x118 ./main.o
                0x100030ac                IRQ5_Handler
 .text.IRQ3_Handler
                0x100031c4      0x118 ./main.o
                0x100031c4                IRQ3_Handler
 .text.IRQ6_Handler
                0x100032dc      0x118 ./main.o
                0x100032dc                IRQ6_Handler
 .text.IRQ0_Handler
                0x100033f4       0x7c ./main.o
                0x100033f4                IRQ0_Handler
 .text.within_MAX_MIN_check_int
                0x10003470       0x2c ./main.o
                0x10003470                within_MAX_MIN_check_int
 .text.saturation_to_MIN_MAX
                0x1000349c       0x50 ./main.o
                0x1000349c                saturation_to_MIN_MAX
 .text.CAN_send_values
                0x100034ec       0x74 ./main.o
                0x100034ec                CAN_send_values
 .text.avg_distances
                0x10003560       0xa8 ./main.o
                0x10003560                avg_distances
 .text.Exp_moving_average
                0x10003608       0x40 ./main.o
                0x10003608                Exp_moving_average
 .text          0x10003648       0x3c c:/dave/dave-ide-4.4.2-64bit/dave-ide-4.4.2-64bit/eclipse/arm-gcc-49/bin/../lib/gcc/arm-none-eabi/4.9.3/armv6-m\libgcc.a(_fixunsdfsi.o)
                0x10003648                __aeabi_d2uiz
                0x10003648                __fixunsdfsi
 .text          0x10003684      0x2f8 c:/dave/dave-ide-4.4.2-64bit/dave-ide-4.4.2-64bit/eclipse/arm-gcc-49/bin/../lib/gcc/arm-none-eabi/4.9.3/armv6-m\libgcc.a(addsf3.o)
                0x10003684                __aeabi_fadd
 .text          0x1000397c      0x264 c:/dave/dave-ide-4.4.2-64bit/dave-ide-4.4.2-64bit/eclipse/arm-gcc-49/bin/../lib/gcc/arm-none-eabi/4.9.3/armv6-m\libgcc.a(mulsf3.o)
                0x1000397c                __aeabi_fmul
 .text          0x10003be0      0x2fc c:/dave/dave-ide-4.4.2-64bit/dave-ide-4.4.2-64bit/eclipse/arm-gcc-49/bin/../lib/gcc/arm-none-eabi/4.9.3/armv6-m\libgcc.a(subsf3.o)
                0x10003be0                __aeabi_fsub
 .text          0x10003edc       0x90 c:/dave/dave-ide-4.4.2-64bit/dave-ide-4.4.2-64bit/eclipse/arm-gcc-49/bin/../lib/gcc/arm-none-eabi/4.9.3/armv6-m\libgcc.a(floatunsisf.o)
                0x10003edc                __aeabi_ui2f
 .text          0x10003f6c      0x534 c:/dave/dave-ide-4.4.2-64bit/dave-ide-4.4.2-64bit/eclipse/arm-gcc-49/bin/../lib/gcc/arm-none-eabi/4.9.3/armv6-m\libgcc.a(muldf3.o)
                0x10003f6c                __aeabi_dmul
 .text          0x100044a0      0x6f4 c:/dave/dave-ide-4.4.2-64bit/dave-ide-4.4.2-64bit/eclipse/arm-gcc-49/bin/../lib/gcc/arm-none-eabi/4.9.3/armv6-m\libgcc.a(subdf3.o)
                0x100044a0                __aeabi_dsub
 .text          0x10004b94       0x6c c:/dave/dave-ide-4.4.2-64bit/dave-ide-4.4.2-64bit/eclipse/arm-gcc-49/bin/../lib/gcc/arm-none-eabi/4.9.3/armv6-m\libgcc.a(fixdfsi.o)
                0x10004b94                __aeabi_d2iz
 .text          0x10004c00       0x64 c:/dave/dave-ide-4.4.2-64bit/dave-ide-4.4.2-64bit/eclipse/arm-gcc-49/bin/../lib/gcc/arm-none-eabi/4.9.3/armv6-m\libgcc.a(floatunsidf.o)
                0x10004c00                __aeabi_ui2d
 .text          0x10004c64       0x7c c:/dave/dave-ide-4.4.2-64bit/dave-ide-4.4.2-64bit/eclipse/arm-gcc-49/bin/../lib/gcc/arm-none-eabi/4.9.3/armv6-m\libgcc.a(_arm_cmpdf2.o)
                0x10004c64                __aeabi_cdrcmple
                0x10004c74                __aeabi_cdcmple
                0x10004c74                __aeabi_cdcmpeq
                0x10004c84                __aeabi_dcmpeq
                0x10004c90                __aeabi_dcmplt
                0x10004ca4                __aeabi_dcmple
                0x10004cb8                __aeabi_dcmpgt
                0x10004ccc                __aeabi_dcmpge
 .text          0x10004ce0       0x3c c:/dave/dave-ide-4.4.2-64bit/dave-ide-4.4.2-64bit/eclipse/arm-gcc-49/bin/../lib/gcc/arm-none-eabi/4.9.3/armv6-m\libgcc.a(_clzsi2.o)
                0x10004ce0                __clzsi2
 .text          0x10004d1c       0x88 c:/dave/dave-ide-4.4.2-64bit/dave-ide-4.4.2-64bit/eclipse/arm-gcc-49/bin/../lib/gcc/arm-none-eabi/4.9.3/armv6-m\libgcc.a(eqdf2.o)
                0x10004d1c                __nedf2
                0x10004d1c                __eqdf2
 .text          0x10004da4       0xe0 c:/dave/dave-ide-4.4.2-64bit/dave-ide-4.4.2-64bit/eclipse/arm-gcc-49/bin/../lib/gcc/arm-none-eabi/4.9.3/armv6-m\libgcc.a(gedf2.o)
                0x10004da4                __gedf2
                0x10004da4                __gtdf2
 .text          0x10004e84       0xcc c:/dave/dave-ide-4.4.2-64bit/dave-ide-4.4.2-64bit/eclipse/arm-gcc-49/bin/../lib/gcc/arm-none-eabi/4.9.3/armv6-m\libgcc.a(ledf2.o)
                0x10004e84                __ledf2
                0x10004e84                __ltdf2
 .text.__libc_init_array
                0x10004f50       0x4c c:/dave/dave-ide-4.4.2-64bit/dave-ide-4.4.2-64bit/eclipse/arm-gcc-49/bin/../lib/gcc/arm-none-eabi/4.9.3/../../../../arm-none-eabi/lib/armv6-m\libg_nano.a(lib_a-init.o)
                0x10004f50                __libc_init_array
 *(.init)
 *(.fini)
 *crtbegin.o(.ctors)
 *crtbegin?.o(.ctors)
 *(EXCLUDE_FILE(*crtend.o *crtend?.o) .ctors)
 *(SORT(.ctors.*))
 *(.ctors)
 *crtbegin.o(.dtors)
 *crtbegin?.o(.dtors)
 *(EXCLUDE_FILE(*crtend.o *crtend?.o) .dtors)
 *(SORT(.dtors.*))
 *(.dtors)
 *(.rodata .rodata.*)
 .rodata.XMC_CCU4_SLICE_SetInterruptNode
                0x10004f9c       0x30 ./Libraries/XMCLib/src/xmc_ccu4.o
 .rodata.ECHO_C
                0x10004fcc       0x20 ./Dave/Generated/PIN_INTERRUPT/pin_interrupt_conf.o
                0x10004fcc                ECHO_C
 .rodata.ECHO_L
                0x10004fec       0x20 ./Dave/Generated/PIN_INTERRUPT/pin_interrupt_conf.o
                0x10004fec                ECHO_L
 .rodata.ECHO_R
                0x1000500c       0x20 ./Dave/Generated/PIN_INTERRUPT/pin_interrupt_conf.o
                0x1000500c                ECHO_R
 .rodata.PIN_INTERRUPT_3
                0x1000502c       0x20 ./Dave/Generated/PIN_INTERRUPT/pin_interrupt_conf.o
                0x1000502c                PIN_INTERRUPT_3
 .rodata.INTERRUPT_0
                0x1000504c        0x8 ./Dave/Generated/INTERRUPT/interrupt_conf.o
                0x1000504c                INTERRUPT_0
 .rodata.INTERRUPT_1s
                0x10005054        0x8 ./Dave/Generated/INTERRUPT/interrupt_conf.o
                0x10005054                INTERRUPT_1s
 .rodata        0x1000505c       0x10 ./Dave/Generated/CLOCK_XMC1/clock_xmc1_conf.o
 .rodata.CAN_NODE_0_gpio_out
                0x1000506c        0x8 ./Dave/Generated/CAN_NODE/can_node_conf.o
 .rodata.CAN_NODE_0_gpio_out_config
                0x10005074        0x8 ./Dave/Generated/CAN_NODE/can_node_conf.o
 .rodata.CAN_NODE_0_gpio_in
                0x1000507c        0x8 ./Dave/Generated/CAN_NODE/can_node_conf.o
 .rodata.CAN_NODE_0_gpio_in_config
                0x10005084        0x8 ./Dave/Generated/CAN_NODE/can_node_conf.o
 .rodata.CAN_NODE_0_BitTimeConfig
                0x1000508c        0xc ./Dave/Generated/CAN_NODE/can_node_conf.o
 .rodata.CAN_NODE_0_sr
                0x10005098        0x4 ./Dave/Generated/CAN_NODE/can_node_conf.o
 .rodata.CAN_NODE_0_LMO_01_Config
                0x1000509c        0xc ./Dave/Generated/CAN_NODE/can_node_conf.o
                0x1000509c                CAN_NODE_0_LMO_01_Config
 .rodata.CAN_NODE_0
                0x100050a8       0xa8 ./Dave/Generated/CAN_NODE/can_node_conf.o
                0x100050a8                CAN_NODE_0
 .rodata.BUS_IO_0_pin_list
                0x10005150       0x18 ./Dave/Generated/BUS_IO/bus_io_conf.o
                0x10005150                BUS_IO_0_pin_list
 .rodata        0x10005168       0x40 c:/dave/dave-ide-4.4.2-64bit/dave-ide-4.4.2-64bit/eclipse/arm-gcc-49/bin/../lib/gcc/arm-none-eabi/4.9.3/armv6-m\libgcc.a(mulsf3.o)
 .rodata        0x100051a8       0x40 c:/dave/dave-ide-4.4.2-64bit/dave-ide-4.4.2-64bit/eclipse/arm-gcc-49/bin/../lib/gcc/arm-none-eabi/4.9.3/armv6-m\libgcc.a(muldf3.o)
 *(.gnu.linkonce.r*)
 *(vtable)
                0x100051e8                . = ALIGN (0x4)

.glue_7         0x100051e8        0x0
 .glue_7        0x00000000        0x0 linker stubs

.glue_7t        0x100051e8        0x0
 .glue_7t       0x00000000        0x0 linker stubs

.vfp11_veneer   0x100051e8        0x0
 .vfp11_veneer  0x00000000        0x0 linker stubs

.v4_bx          0x100051e8        0x0
 .v4_bx         0x00000000        0x0 linker stubs

.iplt           0x100051e8        0x0
 .iplt          0x00000000        0x0 ./Startup/startup_XMC1400.o

.eh_frame_hdr
 *(.eh_frame_hdr)

.eh_frame
 *(.eh_frame)

.ARM.extab
 *(.ARM.extab* .gnu.linkonce.armextab.*)
                0x100051e8                . = ALIGN (0x4)
                0x100051e8                __exidx_start = .

.ARM.exidx
 *(.ARM.exidx* .gnu.linkonce.armexidx.*)
                0x100051e8                __exidx_end = .
                0x100051e8                . = ALIGN (0x4)

.VENEER_Code    0x2000000c      0x144 load address 0x100051e8
                0x2000000c                . = ALIGN (0x4)
                0x2000000c                VeneerStart = .
 *(.XmcVeneerCode)
 .XmcVeneerCode
                0x2000000c      0x144 ./Startup/startup_XMC1400.o
                0x2000000c                HardFault_Veener
                0x2000002c                SVC_Veener
                0x20000038                PendSV_Veener
                0x2000003c                SysTick_Veener
                0x20000040                IRQ0_Veener
                0x20000044                IRQ1_Veener
                0x20000048                IRQ2_Veener
                0x2000004c                IRQ3_Veener
                0x20000050                IRQ4_Veener
                0x20000054                IRQ5_Veener
                0x20000058                IRQ6_Veener
                0x2000005c                IRQ7_Veener
                0x20000060                IRQ8_Veener
                0x20000064                IRQ9_Veener
                0x20000068                IRQ10_Veener
                0x2000006c                IRQ11_Veener
                0x20000070                IRQ12_Veener
                0x20000074                IRQ13_Veener
                0x20000078                IRQ14_Veener
                0x2000007c                IRQ15_Veener
                0x20000080                IRQ16_Veener
                0x20000084                IRQ17_Veener
                0x20000088                IRQ18_Veener
                0x2000008c                IRQ19_Veener
                0x20000090                IRQ20_Veener
                0x20000094                IRQ21_Veener
                0x20000098                IRQ22_Veener
                0x2000009c                IRQ23_Veener
                0x200000a0                IRQ24_Veener
                0x200000a4                IRQ25_Veener
                0x200000a8                IRQ26_Veener
                0x200000ac                IRQ27_Veener
                0x200000b0                IRQ28_Veener
                0x200000b4                IRQ29_Veener
                0x200000b8                IRQ30_Veener
                0x200000bc                IRQ31_Veener
                0x20000150                . = ALIGN (0x4)
                0x20000150                VeneerEnd = .
                0x100051e8                eROData = LOADADDR (.VENEER_Code)
                0x00000144                VeneerSize = (ABSOLUTE (VeneerEnd) - ABSOLUTE (VeneerStart))

.rel.dyn        0x20000150        0x0 load address 0x1000532c
 .rel.iplt      0x00000000        0x0 ./Startup/startup_XMC1400.o

Stack           0x20000150      0x400 load address 0x00000000
                0x20000150                . = ALIGN (0x8)
                0x20000550                . = (. + stack_size)
 *fill*         0x20000150      0x400 
                0x20000550                __initial_sp = .

.data           0x20000550       0xb8 load address 0x1000532c
                0x20000550                . = ALIGN (0x4)
                0x20000550                __data_start = .
 *(.data)
 *(.data*)
 .data.TIMER_0  0x20000550       0x28 ./Dave/Generated/TIMER/timer_conf.o
                0x20000550                TIMER_0
 .data.TIMER_1s_config
                0x20000578        0x8 ./Dave/Generated/TIMER/timer_conf.o
                0x20000578                TIMER_1s_config
 .data.TIMER_1s
                0x20000580       0x28 ./Dave/Generated/TIMER/timer_conf.o
                0x20000580                TIMER_1s
 .data.GLOBAL_CCU4_0
                0x200005a8       0x10 ./Dave/Generated/GLOBAL_CCU4/global_ccu4_conf.o
                0x200005a8                GLOBAL_CCU4_0
 .data.GLOBAL_CAN_0
                0x200005b8        0xc ./Dave/Generated/GLOBAL_CAN/global_can_conf.o
                0x200005b8                GLOBAL_CAN_0
 *fill*         0x200005c4        0x4 
 .data.CAN_NODE_0_LMO_01
                0x200005c8       0x20 ./Dave/Generated/CAN_NODE/can_node_conf.o
 .data.BUS_IO_0
                0x200005e8       0x10 ./Dave/Generated/BUS_IO/bus_io_conf.o
                0x200005e8                BUS_IO_0
 .data.RESET_IN_10us_AFTER_SUCSSES
                0x200005f8        0x2 ./main.o
                0x200005f8                RESET_IN_10us_AFTER_SUCSSES
 .data.RESET_IN_10us_AFTER_ECHO_LOW_FAIL
                0x200005fa        0x2 ./main.o
                0x200005fa                RESET_IN_10us_AFTER_ECHO_LOW_FAIL
 .data.MIN_RESET
                0x200005fc        0x2 ./main.o
                0x200005fc                MIN_RESET
 .data.reset_done
                0x200005fe        0x1 ./main.o
                0x200005fe                reset_done
 *fill*         0x200005ff        0x1 
 .data.reset_at
                0x20000600        0x4 ./main.o
                0x20000600                reset_at
 .data.Now_Sensor
                0x20000604        0x1 ./main.o
                0x20000604                Now_Sensor
 *(*.data)
 *(.gnu.linkonce.d*)
                0x20000608                . = ALIGN (0x4)
 *fill*         0x20000605        0x3 
                0x20000608                PROVIDE (__preinit_array_start, .)
 *(.preinit_array)
                0x20000608                PROVIDE (__preinit_array_end, .)
                0x20000608                . = ALIGN (0x4)
                0x20000608                PROVIDE (__init_array_start, .)
 *(SORT(.init_array.*))
 *(.init_array)
                0x20000608                PROVIDE (__init_array_end, .)
                0x20000608                . = ALIGN (0x4)
                0x20000608                PROVIDE (__fini_array_start, .)
 *(SORT(.fini_array.*))
 *(.fini_array)
                0x20000608                PROVIDE (__fini_array_end, .)
                0x20000608                . = ALIGN (0x4)
                0x20000608                __data_end = .
                0x1000532c                DataLoadAddr = LOADADDR (.data)
                0x000000b8                __data_size = (__data_end - __data_start)

.igot.plt       0x20000608        0x0 load address 0x100053e4
 .igot.plt      0x00000000        0x0 ./Startup/startup_XMC1400.o

.ram_code       0x20000608        0x0 load address 0x100053e4
                0x20000608                . = ALIGN (0x4)
                0x20000608                __ram_code_start = .
 *(.ram_code)
                0x20000608                . = ALIGN (0x4)
                0x20000608                __ram_code_end = .
                0x100053e4                __ram_code_load = LOADADDR (.ram_code)
                0x00000000                __ram_code_size = (__ram_code_end - __ram_code_start)
                0x000043e4                __text_size = ((((__exidx_end - sText) + VeneerSize) + __data_size) + __ram_code_size)
                0x100053e4                eText = (sText + __text_size)

.bss            0x20000608       0x60 load address 0x100053e4
                0x20000608                . = ALIGN (0x4)
                0x20000608                __bss_start = .
 *(.bss)
 *(.bss*)
 .bss.IDIV.5134
                0x20000608        0x4 ./Startup/system_XMC1400.o
 .bss.FDIV.5135
                0x2000060c        0x4 ./Startup/system_XMC1400.o
 .bss.TIMER_0_config
                0x20000610        0x8 ./Dave/Generated/TIMER/timer_conf.o
                0x20000610                TIMER_0_config
 .bss.CLOCK_XMC1_0
                0x20000618        0x4 ./Dave/Generated/CLOCK_XMC1/clock_xmc1_conf.o
                0x20000618                CLOCK_XMC1_0
 .bss.CAN_OK    0x2000061c        0x1 ./main.o
                0x2000061c                CAN_OK
 .bss.echo_state
                0x2000061d        0x1 ./main.o
                0x2000061d                echo_state
 .bss.wait_echo
                0x2000061e        0x1 ./main.o
                0x2000061e                wait_echo
 .bss.echo_count_control
                0x2000061f        0x1 ./main.o
                0x2000061f                echo_count_control
 .bss.t_10us_count
                0x20000620        0x4 ./main.o
                0x20000620                t_10us_count
 .bss.echo_t_10us
                0x20000624        0x4 ./main.o
                0x20000624                echo_t_10us
 .bss.echo_time
                0x20000628        0x4 ./main.o
                0x20000628                echo_time
 .bss.distance_C
                0x2000062c        0x2 ./main.o
                0x2000062c                distance_C
 .bss.distance_L
                0x2000062e        0x2 ./main.o
                0x2000062e                distance_L
 .bss.distance_R
                0x20000630        0x2 ./main.o
                0x20000630                distance_R
 *fill*         0x20000632        0x2 
 .bss.avg_distance_C
                0x20000634        0x4 ./main.o
                0x20000634                avg_distance_C
 .bss.avg_distance_L
                0x20000638        0x4 ./main.o
                0x20000638                avg_distance_L
 .bss.avg_distance_R
                0x2000063c        0x4 ./main.o
                0x2000063c                avg_distance_R
 .bss.restet_count
                0x20000640        0x4 ./main.o
                0x20000640                restet_count
 .bss.sample_count
                0x20000644        0x4 ./main.o
                0x20000644                sample_count
 .bss.sample_rate_Hz
                0x20000648        0x4 ./main.o
                0x20000648                sample_rate_Hz
 .bss.failed_count
                0x2000064c        0x4 ./main.o
                0x2000064c                failed_count
 .bss.echo_not_low_count
                0x20000650        0x4 ./main.o
                0x20000650                echo_not_low_count
 .bss.echo_not_low_count_1
                0x20000654        0x4 ./main.o
                0x20000654                echo_not_low_count_1
 .bss.limit_fail_num
                0x20000658        0x4 ./main.o
                0x20000658                limit_fail_num
 .bss.limit_fail_count
                0x2000065c        0x4 ./main.o
                0x2000065c                limit_fail_count
 *(COMMON)
 COMMON         0x20000660        0x1 ./main.o
                0x20000660                init_status
 *(.gnu.linkonce.b*)
                0x20000664                . = ALIGN (0x4)
 *fill*         0x20000661        0x3 
                0x20000664                __bss_end = .
                0x20000668                . = ALIGN (0x8)
 *fill*         0x20000664        0x4 
                0x20000668                Heap_Bank1_Start = .
                0x0000005c                __bss_size = (__bss_end - __bss_start)

.no_init        0x20003ffc        0x4 load address 0x00003eac
                0x20003ffc                Heap_Bank1_End = .
 *(.no_init)
 .no_init       0x20003ffc        0x4 ./Startup/system_XMC1400.o
                0x20003ffc                SystemCoreClock
                0x00003994                Heap_Bank1_Size = (Heap_Bank1_End - Heap_Bank1_Start)
                0x00000001                ASSERT ((Heap_Bank1_Start <= Heap_Bank1_End), region SRAM overflowed no_init section)

/DISCARD/
 *(.comment)

.stab
 *(.stab)

.stabstr
 *(.stabstr)

.debug
 *(.debug)

.line
 *(.line)

.debug_srcinfo
 *(.debug_srcinfo)

.debug_sfnames
 *(.debug_sfnames)

.debug_aranges  0x00000000      0xaf8
 *(.debug_aranges)
 .debug_aranges
                0x00000000       0x28 ./Startup/startup_XMC1400.o
 .debug_aranges
                0x00000028       0x40 ./Startup/system_XMC1400.o
 .debug_aranges
                0x00000068       0x28 ./Libraries/XMCLib/src/xmc1_eru.o
 .debug_aranges
                0x00000090       0x28 ./Libraries/XMCLib/src/xmc1_gpio.o
 .debug_aranges
                0x000000b8      0x160 ./Libraries/XMCLib/src/xmc1_scu.o
 .debug_aranges
                0x00000218      0x120 ./Libraries/XMCLib/src/xmc_can.o
 .debug_aranges
                0x00000338      0x128 ./Libraries/XMCLib/src/xmc_ccu4.o
 .debug_aranges
                0x00000460       0x88 ./Libraries/XMCLib/src/xmc_eru.o
 .debug_aranges
                0x000004e8       0xf0 ./Libraries/XMCLib/src/xmc_math.o
 .debug_aranges
                0x000005d8       0x28 ./Libraries/Newlib/syscalls.o
 .debug_aranges
                0x00000600       0xd8 ./Dave/Generated/TIMER/timer.o
 .debug_aranges
                0x000006d8       0x18 ./Dave/Generated/TIMER/timer_conf.o
 .debug_aranges
                0x000006f0       0x50 ./Dave/Generated/PIN_INTERRUPT/pin_interrupt.o
 .debug_aranges
                0x00000740       0x18 ./Dave/Generated/PIN_INTERRUPT/pin_interrupt_conf.o
 .debug_aranges
                0x00000758       0x40 ./Dave/Generated/INTERRUPT/interrupt.o
 .debug_aranges
                0x00000798       0x18 ./Dave/Generated/INTERRUPT/interrupt_conf.o
 .debug_aranges
                0x000007b0       0x30 ./Dave/Generated/GLOBAL_CCU4/global_ccu4.o
 .debug_aranges
                0x000007e0       0x18 ./Dave/Generated/GLOBAL_CCU4/global_ccu4_conf.o
 .debug_aranges
                0x000007f8       0x28 ./Dave/Generated/GLOBAL_CAN/global_can.o
 .debug_aranges
                0x00000820       0x18 ./Dave/Generated/GLOBAL_CAN/global_can_conf.o
 .debug_aranges
                0x00000838       0x20 ./Dave/Generated/CPU_CTRL_XMC1/cpu_ctrl_xmc1_conf.o
 .debug_aranges
                0x00000858       0x30 ./Dave/Generated/CLOCK_XMC1/clock_xmc1.o
 .debug_aranges
                0x00000888       0x20 ./Dave/Generated/CLOCK_XMC1/clock_xmc1_conf.o
 .debug_aranges
                0x000008a8      0x118 ./Dave/Generated/CAN_NODE/can_node.o
 .debug_aranges
                0x000009c0       0x18 ./Dave/Generated/CAN_NODE/can_node_conf.o
 .debug_aranges
                0x000009d8       0x60 ./Dave/Generated/BUS_IO/bus_io.o
 .debug_aranges
                0x00000a38       0x18 ./Dave/Generated/BUS_IO/bus_io_conf.o
 .debug_aranges
                0x00000a50       0x20 ./Dave/Generated/DAVE.o
 .debug_aranges
                0x00000a70       0x88 ./main.o

.debug_pubnames
 *(.debug_pubnames)

.debug_pubtypes
 *(.debug_pubtypes)

.debug_info     0x00000000    0x12eb1
 *(.debug_info .gnu.linkonce.wi.*)
 .debug_info    0x00000000       0x95 ./Startup/startup_XMC1400.o
 .debug_info    0x00000095      0x617 ./Startup/system_XMC1400.o
 .debug_info    0x000006ac      0x441 ./Libraries/XMCLib/src/xmc1_eru.o
 .debug_info    0x00000aed      0x4f1 ./Libraries/XMCLib/src/xmc1_gpio.o
 .debug_info    0x00000fde     0x15df ./Libraries/XMCLib/src/xmc1_scu.o
 .debug_info    0x000025bd     0x1373 ./Libraries/XMCLib/src/xmc_can.o
 .debug_info    0x00003930     0x15e9 ./Libraries/XMCLib/src/xmc_ccu4.o
 .debug_info    0x00004f19      0xb47 ./Libraries/XMCLib/src/xmc_eru.o
 .debug_info    0x00005a60      0xd46 ./Libraries/XMCLib/src/xmc_math.o
 .debug_info    0x000067a6      0x11f ./Libraries/Newlib/syscalls.o
 .debug_info    0x000068c5      0xe46 ./Dave/Generated/TIMER/timer.o
 .debug_info    0x0000770b      0x913 ./Dave/Generated/TIMER/timer_conf.o
 .debug_info    0x0000801e     0x1119 ./Dave/Generated/PIN_INTERRUPT/pin_interrupt.o
 .debug_info    0x00009137      0xe62 ./Dave/Generated/PIN_INTERRUPT/pin_interrupt_conf.o
 .debug_info    0x00009f99      0x9aa ./Dave/Generated/INTERRUPT/interrupt.o
 .debug_info    0x0000a943      0x68d ./Dave/Generated/INTERRUPT/interrupt_conf.o
 .debug_info    0x0000afd0      0x407 ./Dave/Generated/GLOBAL_CCU4/global_ccu4.o
 .debug_info    0x0000b3d7      0x307 ./Dave/Generated/GLOBAL_CCU4/global_ccu4_conf.o
 .debug_info    0x0000b6de      0x435 ./Dave/Generated/GLOBAL_CAN/global_can.o
 .debug_info    0x0000bb13      0x371 ./Dave/Generated/GLOBAL_CAN/global_can_conf.o
 .debug_info    0x0000be84      0x34b ./Dave/Generated/CPU_CTRL_XMC1/cpu_ctrl_xmc1_conf.o
 .debug_info    0x0000c1cf      0x2d2 ./Dave/Generated/CLOCK_XMC1/clock_xmc1.o
 .debug_info    0x0000c4a1      0x35e ./Dave/Generated/CLOCK_XMC1/clock_xmc1_conf.o
 .debug_info    0x0000c7ff     0x1541 ./Dave/Generated/CAN_NODE/can_node.o
 .debug_info    0x0000dd40      0xd34 ./Dave/Generated/CAN_NODE/can_node_conf.o
 .debug_info    0x0000ea74      0x7be ./Dave/Generated/BUS_IO/bus_io.o
 .debug_info    0x0000f232      0x515 ./Dave/Generated/BUS_IO/bus_io_conf.o
 .debug_info    0x0000f747     0x1cfd ./Dave/Generated/DAVE.o
 .debug_info    0x00011444     0x1a6d ./main.o

.debug_abbrev   0x00000000     0x2f64
 *(.debug_abbrev)
 .debug_abbrev  0x00000000       0x12 ./Startup/startup_XMC1400.o
 .debug_abbrev  0x00000012      0x165 ./Startup/system_XMC1400.o
 .debug_abbrev  0x00000177      0x157 ./Libraries/XMCLib/src/xmc1_eru.o
 .debug_abbrev  0x000002ce      0x108 ./Libraries/XMCLib/src/xmc1_gpio.o
 .debug_abbrev  0x000003d6      0x2b2 ./Libraries/XMCLib/src/xmc1_scu.o
 .debug_abbrev  0x00000688      0x2f7 ./Libraries/XMCLib/src/xmc_can.o
 .debug_abbrev  0x0000097f      0x221 ./Libraries/XMCLib/src/xmc_ccu4.o
 .debug_abbrev  0x00000ba0      0x21e ./Libraries/XMCLib/src/xmc_eru.o
 .debug_abbrev  0x00000dbe      0x2a9 ./Libraries/XMCLib/src/xmc_math.o
 .debug_abbrev  0x00001067       0xbd ./Libraries/Newlib/syscalls.o
 .debug_abbrev  0x00001124      0x241 ./Dave/Generated/TIMER/timer.o
 .debug_abbrev  0x00001365      0x170 ./Dave/Generated/TIMER/timer_conf.o
 .debug_abbrev  0x000014d5      0x238 ./Dave/Generated/PIN_INTERRUPT/pin_interrupt.o
 .debug_abbrev  0x0000170d      0x190 ./Dave/Generated/PIN_INTERRUPT/pin_interrupt_conf.o
 .debug_abbrev  0x0000189d      0x1c6 ./Dave/Generated/INTERRUPT/interrupt.o
 .debug_abbrev  0x00001a63       0xdc ./Dave/Generated/INTERRUPT/interrupt_conf.o
 .debug_abbrev  0x00001b3f      0x185 ./Dave/Generated/GLOBAL_CCU4/global_ccu4.o
 .debug_abbrev  0x00001cc4      0x104 ./Dave/Generated/GLOBAL_CCU4/global_ccu4_conf.o
 .debug_abbrev  0x00001dc8      0x16d ./Dave/Generated/GLOBAL_CAN/global_can.o
 .debug_abbrev  0x00001f35      0x113 ./Dave/Generated/GLOBAL_CAN/global_can_conf.o
 .debug_abbrev  0x00002048      0x119 ./Dave/Generated/CPU_CTRL_XMC1/cpu_ctrl_xmc1_conf.o
 .debug_abbrev  0x00002161      0x10b ./Dave/Generated/CLOCK_XMC1/clock_xmc1.o
 .debug_abbrev  0x0000226c      0x12b ./Dave/Generated/CLOCK_XMC1/clock_xmc1_conf.o
 .debug_abbrev  0x00002397      0x2c1 ./Dave/Generated/CAN_NODE/can_node.o
 .debug_abbrev  0x00002658      0x1a6 ./Dave/Generated/CAN_NODE/can_node_conf.o
 .debug_abbrev  0x000027fe      0x1c6 ./Dave/Generated/BUS_IO/bus_io.o
 .debug_abbrev  0x000029c4       0xdb ./Dave/Generated/BUS_IO/bus_io_conf.o
 .debug_abbrev  0x00002a9f      0x1e6 ./Dave/Generated/DAVE.o
 .debug_abbrev  0x00002c85      0x2df ./main.o

.debug_line     0x00000000     0x6c5c
 *(.debug_line)
 .debug_line    0x00000000       0xe2 ./Startup/startup_XMC1400.o
 .debug_line    0x000000e2      0x289 ./Startup/system_XMC1400.o
 .debug_line    0x0000036b      0x226 ./Libraries/XMCLib/src/xmc1_eru.o
 .debug_line    0x00000591      0x24b ./Libraries/XMCLib/src/xmc1_gpio.o
 .debug_line    0x000007dc      0x69c ./Libraries/XMCLib/src/xmc1_scu.o
 .debug_line    0x00000e78      0x71f ./Libraries/XMCLib/src/xmc_can.o
 .debug_line    0x00001597      0x63b ./Libraries/XMCLib/src/xmc_ccu4.o
 .debug_line    0x00001bd2      0x314 ./Libraries/XMCLib/src/xmc_eru.o
 .debug_line    0x00001ee6      0x5a7 ./Libraries/XMCLib/src/xmc_math.o
 .debug_line    0x0000248d       0xd4 ./Libraries/Newlib/syscalls.o
 .debug_line    0x00002561      0x5d5 ./Dave/Generated/TIMER/timer.o
 .debug_line    0x00002b36      0x353 ./Dave/Generated/TIMER/timer_conf.o
 .debug_line    0x00002e89      0x40a ./Dave/Generated/PIN_INTERRUPT/pin_interrupt.o
 .debug_line    0x00003293      0x2f5 ./Dave/Generated/PIN_INTERRUPT/pin_interrupt_conf.o
 .debug_line    0x00003588      0x3ac ./Dave/Generated/INTERRUPT/interrupt.o
 .debug_line    0x00003934      0x2bf ./Dave/Generated/INTERRUPT/interrupt_conf.o
 .debug_line    0x00003bf3      0x37e ./Dave/Generated/GLOBAL_CCU4/global_ccu4.o
 .debug_line    0x00003f71      0x2d3 ./Dave/Generated/GLOBAL_CCU4/global_ccu4_conf.o
 .debug_line    0x00004244      0x357 ./Dave/Generated/GLOBAL_CAN/global_can.o
 .debug_line    0x0000459b      0x2c1 ./Dave/Generated/GLOBAL_CAN/global_can_conf.o
 .debug_line    0x0000485c      0x258 ./Dave/Generated/CPU_CTRL_XMC1/cpu_ctrl_xmc1_conf.o
 .debug_line    0x00004ab4      0x2f3 ./Dave/Generated/CLOCK_XMC1/clock_xmc1.o
 .debug_line    0x00004da7      0x2ca ./Dave/Generated/CLOCK_XMC1/clock_xmc1_conf.o
 .debug_line    0x00005071      0x688 ./Dave/Generated/CAN_NODE/can_node.o
 .debug_line    0x000056f9      0x367 ./Dave/Generated/CAN_NODE/can_node_conf.o
 .debug_line    0x00005a60      0x3a7 ./Dave/Generated/BUS_IO/bus_io.o
 .debug_line    0x00005e07      0x226 ./Dave/Generated/BUS_IO/bus_io_conf.o
 .debug_line    0x0000602d      0x4ec ./Dave/Generated/DAVE.o
 .debug_line    0x00006519      0x743 ./main.o

.debug_frame    0x00000000     0x252c
 *(.debug_frame)
 .debug_frame   0x00000000       0x9c ./Startup/system_XMC1400.o
 .debug_frame   0x0000009c       0x50 ./Libraries/XMCLib/src/xmc1_eru.o
 .debug_frame   0x000000ec       0x58 ./Libraries/XMCLib/src/xmc1_gpio.o
 .debug_frame   0x00000144      0x53c ./Libraries/XMCLib/src/xmc1_scu.o
 .debug_frame   0x00000680      0x438 ./Libraries/XMCLib/src/xmc_can.o
 .debug_frame   0x00000ab8      0x458 ./Libraries/XMCLib/src/xmc_ccu4.o
 .debug_frame   0x00000f10      0x1f0 ./Libraries/XMCLib/src/xmc_eru.o
 .debug_frame   0x00001100      0x380 ./Libraries/XMCLib/src/xmc_math.o
 .debug_frame   0x00001480       0x4c ./Libraries/Newlib/syscalls.o
 .debug_frame   0x000014cc      0x330 ./Dave/Generated/TIMER/timer.o
 .debug_frame   0x000017fc       0xf8 ./Dave/Generated/PIN_INTERRUPT/pin_interrupt.o
 .debug_frame   0x000018f4       0xb8 ./Dave/Generated/INTERRUPT/interrupt.o
 .debug_frame   0x000019ac       0x70 ./Dave/Generated/GLOBAL_CCU4/global_ccu4.o
 .debug_frame   0x00001a1c       0x50 ./Dave/Generated/GLOBAL_CAN/global_can.o
 .debug_frame   0x00001a6c       0x2c ./Dave/Generated/CPU_CTRL_XMC1/cpu_ctrl_xmc1_conf.o
 .debug_frame   0x00001a98       0x70 ./Dave/Generated/CLOCK_XMC1/clock_xmc1.o
 .debug_frame   0x00001b08       0x34 ./Dave/Generated/CLOCK_XMC1/clock_xmc1_conf.o
 .debug_frame   0x00001b3c      0x424 ./Dave/Generated/CAN_NODE/can_node.o
 .debug_frame   0x00001f60      0x130 ./Dave/Generated/BUS_IO/bus_io.o
 .debug_frame   0x00002090       0x34 ./Dave/Generated/DAVE.o
 .debug_frame   0x000020c4      0x1d8 ./main.o
 .debug_frame   0x0000229c       0x2c c:/dave/dave-ide-4.4.2-64bit/dave-ide-4.4.2-64bit/eclipse/arm-gcc-49/bin/../lib/gcc/arm-none-eabi/4.9.3/armv6-m\libgcc.a(_fixunsdfsi.o)
 .debug_frame   0x000022c8       0x30 c:/dave/dave-ide-4.4.2-64bit/dave-ide-4.4.2-64bit/eclipse/arm-gcc-49/bin/../lib/gcc/arm-none-eabi/4.9.3/armv6-m\libgcc.a(addsf3.o)
 .debug_frame   0x000022f8       0x3c c:/dave/dave-ide-4.4.2-64bit/dave-ide-4.4.2-64bit/eclipse/arm-gcc-49/bin/../lib/gcc/arm-none-eabi/4.9.3/armv6-m\libgcc.a(mulsf3.o)
 .debug_frame   0x00002334       0x30 c:/dave/dave-ide-4.4.2-64bit/dave-ide-4.4.2-64bit/eclipse/arm-gcc-49/bin/../lib/gcc/arm-none-eabi/4.9.3/armv6-m\libgcc.a(subsf3.o)
 .debug_frame   0x00002364       0x28 c:/dave/dave-ide-4.4.2-64bit/dave-ide-4.4.2-64bit/eclipse/arm-gcc-49/bin/../lib/gcc/arm-none-eabi/4.9.3/armv6-m\libgcc.a(floatunsisf.o)
 .debug_frame   0x0000238c       0x3c c:/dave/dave-ide-4.4.2-64bit/dave-ide-4.4.2-64bit/eclipse/arm-gcc-49/bin/../lib/gcc/arm-none-eabi/4.9.3/armv6-m\libgcc.a(muldf3.o)
 .debug_frame   0x000023c8       0x3c c:/dave/dave-ide-4.4.2-64bit/dave-ide-4.4.2-64bit/eclipse/arm-gcc-49/bin/../lib/gcc/arm-none-eabi/4.9.3/armv6-m\libgcc.a(subdf3.o)
 .debug_frame   0x00002404       0x2c c:/dave/dave-ide-4.4.2-64bit/dave-ide-4.4.2-64bit/eclipse/arm-gcc-49/bin/../lib/gcc/arm-none-eabi/4.9.3/armv6-m\libgcc.a(fixdfsi.o)
 .debug_frame   0x00002430       0x28 c:/dave/dave-ide-4.4.2-64bit/dave-ide-4.4.2-64bit/eclipse/arm-gcc-49/bin/../lib/gcc/arm-none-eabi/4.9.3/armv6-m\libgcc.a(floatunsidf.o)
 .debug_frame   0x00002458       0x38 c:/dave/dave-ide-4.4.2-64bit/dave-ide-4.4.2-64bit/eclipse/arm-gcc-49/bin/../lib/gcc/arm-none-eabi/4.9.3/armv6-m\libgcc.a(eqdf2.o)
 .debug_frame   0x00002490       0x38 c:/dave/dave-ide-4.4.2-64bit/dave-ide-4.4.2-64bit/eclipse/arm-gcc-49/bin/../lib/gcc/arm-none-eabi/4.9.3/armv6-m\libgcc.a(gedf2.o)
 .debug_frame   0x000024c8       0x38 c:/dave/dave-ide-4.4.2-64bit/dave-ide-4.4.2-64bit/eclipse/arm-gcc-49/bin/../lib/gcc/arm-none-eabi/4.9.3/armv6-m\libgcc.a(ledf2.o)
 .debug_frame   0x00002500       0x2c c:/dave/dave-ide-4.4.2-64bit/dave-ide-4.4.2-64bit/eclipse/arm-gcc-49/bin/../lib/gcc/arm-none-eabi/4.9.3/../../../../arm-none-eabi/lib/armv6-m\libg_nano.a(lib_a-init.o)

.debug_str      0x00000000     0x7d04
 *(.debug_str)
 .debug_str     0x00000000      0x3fb ./Startup/system_XMC1400.o
                                0x441 (size before relaxing)
 .debug_str     0x000003fb       0xc8 ./Libraries/XMCLib/src/xmc1_eru.o
                                0x302 (size before relaxing)
 .debug_str     0x000004c3      0x68c ./Libraries/XMCLib/src/xmc1_gpio.o
                                0x908 (size before relaxing)
 .debug_str     0x00000b4f     0x1fe3 ./Libraries/XMCLib/src/xmc1_scu.o
                               0x240b (size before relaxing)
 .debug_str     0x00002b32      0xb9a ./Libraries/XMCLib/src/xmc_can.o
                               0x10c3 (size before relaxing)
 .debug_str     0x000036cc     0x14fd ./Libraries/XMCLib/src/xmc_ccu4.o
                               0x19d1 (size before relaxing)
 .debug_str     0x00004bc9      0x9c5 ./Libraries/XMCLib/src/xmc_eru.o
                                0xcc0 (size before relaxing)
 .debug_str     0x0000558e      0x701 ./Libraries/XMCLib/src/xmc_math.o
                                0x9ac (size before relaxing)
 .debug_str     0x00005c8f       0x6a ./Libraries/Newlib/syscalls.o
                                0x20f (size before relaxing)
 .debug_str     0x00005cf9      0x54f ./Dave/Generated/TIMER/timer.o
                                0xc45 (size before relaxing)
 .debug_str     0x00006248      0x2b3 ./Dave/Generated/TIMER/timer_conf.o
                                0xba3 (size before relaxing)
 .debug_str     0x000064fb      0x40a ./Dave/Generated/PIN_INTERRUPT/pin_interrupt.o
                               0x2198 (size before relaxing)
 .debug_str     0x00006905       0x5a ./Dave/Generated/PIN_INTERRUPT/pin_interrupt_conf.o
                               0x2201 (size before relaxing)
 .debug_str     0x0000695f       0x39 ./Dave/Generated/INTERRUPT/interrupt.o
                               0x178e (size before relaxing)
 .debug_str     0x00006998       0x46 ./Dave/Generated/INTERRUPT/interrupt_conf.o
                               0x162d (size before relaxing)
 .debug_str     0x000069de       0xb5 ./Dave/Generated/GLOBAL_CCU4/global_ccu4.o
                                0x57e (size before relaxing)
 .debug_str     0x00006a93       0x31 ./Dave/Generated/GLOBAL_CCU4/global_ccu4_conf.o
                                0x492 (size before relaxing)
 .debug_str     0x00006ac4       0xed ./Dave/Generated/GLOBAL_CAN/global_can.o
                                0x451 (size before relaxing)
 .debug_str     0x00006bb1       0x3c ./Dave/Generated/GLOBAL_CAN/global_can_conf.o
                                0x392 (size before relaxing)
 .debug_str     0x00006bed       0x63 ./Dave/Generated/CPU_CTRL_XMC1/cpu_ctrl_xmc1_conf.o
                                0x343 (size before relaxing)
 .debug_str     0x00006c50      0x138 ./Dave/Generated/CLOCK_XMC1/clock_xmc1.o
                                0x3e7 (size before relaxing)
 .debug_str     0x00006d88       0x50 ./Dave/Generated/CLOCK_XMC1/clock_xmc1_conf.o
                                0x61f (size before relaxing)
 .debug_str     0x00006dd8      0x908 ./Dave/Generated/CAN_NODE/can_node.o
                               0x1750 (size before relaxing)
 .debug_str     0x000076e0      0x197 ./Dave/Generated/CAN_NODE/can_node_conf.o
                               0x108f (size before relaxing)
 .debug_str     0x00007877      0x17a ./Dave/Generated/BUS_IO/bus_io.o
                                0xaae (size before relaxing)
 .debug_str     0x000079f1       0x42 ./Dave/Generated/BUS_IO/bus_io_conf.o
                                0x961 (size before relaxing)
 .debug_str     0x00007a33       0x65 ./Dave/Generated/DAVE.o
                               0x29de (size before relaxing)
 .debug_str     0x00007a98      0x26c ./main.o
                               0x2789 (size before relaxing)

.debug_loc      0x00000000     0x3830
 *(.debug_loc)
 .debug_loc     0x00000000       0xdc ./Startup/system_XMC1400.o
 .debug_loc     0x000000dc       0x70 ./Libraries/XMCLib/src/xmc1_eru.o
 .debug_loc     0x0000014c       0x70 ./Libraries/XMCLib/src/xmc1_gpio.o
 .debug_loc     0x000001bc      0x876 ./Libraries/XMCLib/src/xmc1_scu.o
 .debug_loc     0x00000a32      0x73c ./Libraries/XMCLib/src/xmc_can.o
 .debug_loc     0x0000116e      0x770 ./Libraries/XMCLib/src/xmc_ccu4.o
 .debug_loc     0x000018de      0x310 ./Libraries/XMCLib/src/xmc_eru.o
 .debug_loc     0x00001bee      0x5ec ./Libraries/XMCLib/src/xmc_math.o
 .debug_loc     0x000021da       0x64 ./Libraries/Newlib/syscalls.o
 .debug_loc     0x0000223e      0x542 ./Dave/Generated/TIMER/timer.o
 .debug_loc     0x00002780      0x188 ./Dave/Generated/PIN_INTERRUPT/pin_interrupt.o
 .debug_loc     0x00002908      0x118 ./Dave/Generated/INTERRUPT/interrupt.o
 .debug_loc     0x00002a20       0xa8 ./Dave/Generated/GLOBAL_CCU4/global_ccu4.o
 .debug_loc     0x00002ac8       0x70 ./Dave/Generated/GLOBAL_CAN/global_can.o
 .debug_loc     0x00002b38       0x2c ./Dave/Generated/CPU_CTRL_XMC1/cpu_ctrl_xmc1_conf.o
 .debug_loc     0x00002b64       0xa8 ./Dave/Generated/CLOCK_XMC1/clock_xmc1.o
 .debug_loc     0x00002c0c       0x38 ./Dave/Generated/CLOCK_XMC1/clock_xmc1_conf.o
 .debug_loc     0x00002c44      0x700 ./Dave/Generated/CAN_NODE/can_node.o
 .debug_loc     0x00003344      0x1f8 ./Dave/Generated/BUS_IO/bus_io.o
 .debug_loc     0x0000353c       0x38 ./Dave/Generated/DAVE.o
 .debug_loc     0x00003574      0x2bc ./main.o

.debug_macinfo
 *(.debug_macinfo)

.debug_ranges   0x00000000      0x8f8
 *(.debug_ranges)
 .debug_ranges  0x00000000       0x20 ./Startup/startup_XMC1400.o
 .debug_ranges  0x00000020       0x30 ./Startup/system_XMC1400.o
 .debug_ranges  0x00000050       0x18 ./Libraries/XMCLib/src/xmc1_eru.o
 .debug_ranges  0x00000068       0x18 ./Libraries/XMCLib/src/xmc1_gpio.o
 .debug_ranges  0x00000080      0x150 ./Libraries/XMCLib/src/xmc1_scu.o
 .debug_ranges  0x000001d0      0x110 ./Libraries/XMCLib/src/xmc_can.o
 .debug_ranges  0x000002e0      0x118 ./Libraries/XMCLib/src/xmc_ccu4.o
 .debug_ranges  0x000003f8       0x78 ./Libraries/XMCLib/src/xmc_eru.o
 .debug_ranges  0x00000470       0xe0 ./Libraries/XMCLib/src/xmc_math.o
 .debug_ranges  0x00000550       0x18 ./Libraries/Newlib/syscalls.o
 .debug_ranges  0x00000568       0xc8 ./Dave/Generated/TIMER/timer.o
 .debug_ranges  0x00000630       0x40 ./Dave/Generated/PIN_INTERRUPT/pin_interrupt.o
 .debug_ranges  0x00000670       0x30 ./Dave/Generated/INTERRUPT/interrupt.o
 .debug_ranges  0x000006a0       0x20 ./Dave/Generated/GLOBAL_CCU4/global_ccu4.o
 .debug_ranges  0x000006c0       0x18 ./Dave/Generated/GLOBAL_CAN/global_can.o
 .debug_ranges  0x000006d8       0x10 ./Dave/Generated/CPU_CTRL_XMC1/cpu_ctrl_xmc1_conf.o
 .debug_ranges  0x000006e8       0x20 ./Dave/Generated/CLOCK_XMC1/clock_xmc1.o
 .debug_ranges  0x00000708       0x10 ./Dave/Generated/CLOCK_XMC1/clock_xmc1_conf.o
 .debug_ranges  0x00000718      0x108 ./Dave/Generated/CAN_NODE/can_node.o
 .debug_ranges  0x00000820       0x50 ./Dave/Generated/BUS_IO/bus_io.o
 .debug_ranges  0x00000870       0x10 ./Dave/Generated/DAVE.o
 .debug_ranges  0x00000880       0x78 ./main.o

.debug_weaknames
 *(.debug_weaknames)

.debug_funcnames
 *(.debug_funcnames)

.debug_typenames
 *(.debug_typenames)

.debug_varnames
 *(.debug_varnames)

.build_attributes
                0x00000000      0x7f5
 *(.ARM.attributes)
 .ARM.attributes
                0x00000000       0x21 ./Startup/startup_XMC1400.o
 .ARM.attributes
                0x00000021       0x31 ./Startup/system_XMC1400.o
 .ARM.attributes
                0x00000052       0x31 ./Libraries/XMCLib/src/xmc1_eru.o
 .ARM.attributes
                0x00000083       0x31 ./Libraries/XMCLib/src/xmc1_gpio.o
 .ARM.attributes
                0x000000b4       0x31 ./Libraries/XMCLib/src/xmc1_scu.o
 .ARM.attributes
                0x000000e5       0x31 ./Libraries/XMCLib/src/xmc_can.o
 .ARM.attributes
                0x00000116       0x31 ./Libraries/XMCLib/src/xmc_ccu4.o
 .ARM.attributes
                0x00000147       0x31 ./Libraries/XMCLib/src/xmc_eru.o
 .ARM.attributes
                0x00000178       0x31 ./Libraries/XMCLib/src/xmc_math.o
 .ARM.attributes
                0x000001a9       0x31 ./Libraries/Newlib/syscalls.o
 .ARM.attributes
                0x000001da       0x31 ./Dave/Generated/TIMER/timer.o
 .ARM.attributes
                0x0000020b       0x31 ./Dave/Generated/TIMER/timer_conf.o
 .ARM.attributes
                0x0000023c       0x31 ./Dave/Generated/PIN_INTERRUPT/pin_interrupt.o
 .ARM.attributes
                0x0000026d       0x31 ./Dave/Generated/PIN_INTERRUPT/pin_interrupt_conf.o
 .ARM.attributes
                0x0000029e       0x31 ./Dave/Generated/INTERRUPT/interrupt.o
 .ARM.attributes
                0x000002cf       0x31 ./Dave/Generated/INTERRUPT/interrupt_conf.o
 .ARM.attributes
                0x00000300       0x31 ./Dave/Generated/GLOBAL_CCU4/global_ccu4.o
 .ARM.attributes
                0x00000331       0x31 ./Dave/Generated/GLOBAL_CCU4/global_ccu4_conf.o
 .ARM.attributes
                0x00000362       0x31 ./Dave/Generated/GLOBAL_CAN/global_can.o
 .ARM.attributes
                0x00000393       0x31 ./Dave/Generated/GLOBAL_CAN/global_can_conf.o
 .ARM.attributes
                0x000003c4       0x31 ./Dave/Generated/CPU_CTRL_XMC1/cpu_ctrl_xmc1_conf.o
 .ARM.attributes
                0x000003f5       0x31 ./Dave/Generated/CLOCK_XMC1/clock_xmc1.o
 .ARM.attributes
                0x00000426       0x31 ./Dave/Generated/CLOCK_XMC1/clock_xmc1_conf.o
 .ARM.attributes
                0x00000457       0x31 ./Dave/Generated/CAN_NODE/can_node.o
 .ARM.attributes
                0x00000488       0x31 ./Dave/Generated/CAN_NODE/can_node_conf.o
 .ARM.attributes
                0x000004b9       0x31 ./Dave/Generated/BUS_IO/bus_io.o
 .ARM.attributes
                0x000004ea       0x31 ./Dave/Generated/BUS_IO/bus_io_conf.o
 .ARM.attributes
                0x0000051b       0x31 ./Dave/Generated/DAVE.o
 .ARM.attributes
                0x0000054c       0x31 ./main.o
 .ARM.attributes
                0x0000057d       0x2c c:/dave/dave-ide-4.4.2-64bit/dave-ide-4.4.2-64bit/eclipse/arm-gcc-49/bin/../lib/gcc/arm-none-eabi/4.9.3/armv6-m\libgcc.a(_fixunsdfsi.o)
 .ARM.attributes
                0x000005a9       0x2c c:/dave/dave-ide-4.4.2-64bit/dave-ide-4.4.2-64bit/eclipse/arm-gcc-49/bin/../lib/gcc/arm-none-eabi/4.9.3/armv6-m\libgcc.a(addsf3.o)
 .ARM.attributes
                0x000005d5       0x2c c:/dave/dave-ide-4.4.2-64bit/dave-ide-4.4.2-64bit/eclipse/arm-gcc-49/bin/../lib/gcc/arm-none-eabi/4.9.3/armv6-m\libgcc.a(mulsf3.o)
 .ARM.attributes
                0x00000601       0x2c c:/dave/dave-ide-4.4.2-64bit/dave-ide-4.4.2-64bit/eclipse/arm-gcc-49/bin/../lib/gcc/arm-none-eabi/4.9.3/armv6-m\libgcc.a(subsf3.o)
 .ARM.attributes
                0x0000062d       0x2c c:/dave/dave-ide-4.4.2-64bit/dave-ide-4.4.2-64bit/eclipse/arm-gcc-49/bin/../lib/gcc/arm-none-eabi/4.9.3/armv6-m\libgcc.a(floatunsisf.o)
 .ARM.attributes
                0x00000659       0x2c c:/dave/dave-ide-4.4.2-64bit/dave-ide-4.4.2-64bit/eclipse/arm-gcc-49/bin/../lib/gcc/arm-none-eabi/4.9.3/armv6-m\libgcc.a(muldf3.o)
 .ARM.attributes
                0x00000685       0x2c c:/dave/dave-ide-4.4.2-64bit/dave-ide-4.4.2-64bit/eclipse/arm-gcc-49/bin/../lib/gcc/arm-none-eabi/4.9.3/armv6-m\libgcc.a(subdf3.o)
 .ARM.attributes
                0x000006b1       0x2c c:/dave/dave-ide-4.4.2-64bit/dave-ide-4.4.2-64bit/eclipse/arm-gcc-49/bin/../lib/gcc/arm-none-eabi/4.9.3/armv6-m\libgcc.a(fixdfsi.o)
 .ARM.attributes
                0x000006dd       0x2c c:/dave/dave-ide-4.4.2-64bit/dave-ide-4.4.2-64bit/eclipse/arm-gcc-49/bin/../lib/gcc/arm-none-eabi/4.9.3/armv6-m\libgcc.a(floatunsidf.o)
 .ARM.attributes
                0x00000709       0x1e c:/dave/dave-ide-4.4.2-64bit/dave-ide-4.4.2-64bit/eclipse/arm-gcc-49/bin/../lib/gcc/arm-none-eabi/4.9.3/armv6-m\libgcc.a(_arm_cmpdf2.o)
 .ARM.attributes
                0x00000727       0x1e c:/dave/dave-ide-4.4.2-64bit/dave-ide-4.4.2-64bit/eclipse/arm-gcc-49/bin/../lib/gcc/arm-none-eabi/4.9.3/armv6-m\libgcc.a(_clzsi2.o)
 .ARM.attributes
                0x00000745       0x2c c:/dave/dave-ide-4.4.2-64bit/dave-ide-4.4.2-64bit/eclipse/arm-gcc-49/bin/../lib/gcc/arm-none-eabi/4.9.3/armv6-m\libgcc.a(eqdf2.o)
 .ARM.attributes
                0x00000771       0x2c c:/dave/dave-ide-4.4.2-64bit/dave-ide-4.4.2-64bit/eclipse/arm-gcc-49/bin/../lib/gcc/arm-none-eabi/4.9.3/armv6-m\libgcc.a(gedf2.o)
 .ARM.attributes
                0x0000079d       0x2c c:/dave/dave-ide-4.4.2-64bit/dave-ide-4.4.2-64bit/eclipse/arm-gcc-49/bin/../lib/gcc/arm-none-eabi/4.9.3/armv6-m\libgcc.a(ledf2.o)
 .ARM.attributes
                0x000007c9       0x2c c:/dave/dave-ide-4.4.2-64bit/dave-ide-4.4.2-64bit/eclipse/arm-gcc-49/bin/../lib/gcc/arm-none-eabi/4.9.3/../../../../arm-none-eabi/lib/armv6-m\libg_nano.a(lib_a-init.o)
OUTPUT(Ultrasonic_XMC_1400_Dynamic.elf elf32-littlearm)
