14:15:30 **** Incremental Build of configuration Debug for project Ultrasonic_sensor_node_XMC1400 ****
"\"C:\\dave\\DAVE-IDE-4.4.2-64Bit\\DAVE-IDE-4.4.2-64Bit\\eclipse\\ARM-GCC-49\\bin\\make\"" --output-sync -j12 all 
'Invoking: ARM-GCC Print Size'
"C:/dave/DAVE-IDE-4.4.2-64Bit/DAVE-IDE-4.4.2-64Bit/eclipse/ARM-GCC-49/bin/arm-none-eabi-size" --format=berkeley "Ultrasonic_sensor_node_XMC1400.elf"
   text	   data	    bss	    dec	    hex	filename
  14160	    152	   1092	  15404	   3c2c	Ultrasonic_sensor_node_XMC1400.elf
'Finished building: Ultrasonic_sensor_node_XMC1400.siz'


14:15:31 Build Finished (took 500ms)

