16:21:07 **** Incremental Build of configuration Debug for project Ultrasonic_XMC1400_CAPTRUE ****
"\"C:\\dave\\DAVE-IDE-4.4.2-64Bit\\DAVE-IDE-4.4.2-64Bit\\eclipse\\ARM-GCC-49\\bin\\make\"" --output-sync -j12 all 
'Invoking: ARM-GCC Print Size'
"C:/dave/DAVE-IDE-4.4.2-64Bit/DAVE-IDE-4.4.2-64Bit/eclipse/ARM-GCC-49/bin/arm-none-eabi-size" --format=berkeley "Ultrasonic_XMC1400_CAPTRUE.elf"
   text	   data	    bss	    dec	    hex	filename
  16212	    288	   1092	  17592	   44b8	Ultrasonic_XMC1400_CAPTRUE.elf
'Finished building: Ultrasonic_XMC1400_CAPTRUE.siz'


16:21:08 Build Finished (took 552ms)

