11:20:15 **** Build of configuration Debug for project Ultrasonic_XMC1400_CAPTRUE ****
"\"C:\\dave\\DAVE-IDE-4.4.2-64Bit\\DAVE-IDE-4.4.2-64Bit\\eclipse\\ARM-GCC-49\\bin\\make\"" --output-sync -j12 all 
'Building file: ../main.c'
'Invoking: ARM-GCC C Compiler'
"C:/dave/DAVE-IDE-4.4.2-64Bit/DAVE-IDE-4.4.2-64Bit/eclipse/ARM-GCC-49/bin/arm-none-eabi-gcc" -MMD -MT "main.o" -DXMC1404_F064x0200 -I"C:/GitHub/MobRob_Rover_NEW/Ultrasonic_Sensor_Node/Ultrasonic_XMC1400_CAPTRUE/Libraries/XMCLib/inc" -I"C:/GitHub/MobRob_Rover_NEW/Ultrasonic_Sensor_Node/Ultrasonic_XMC1400_CAPTRUE/Libraries/CMSIS/Include" -I"C:/GitHub/MobRob_Rover_NEW/Ultrasonic_Sensor_Node/Ultrasonic_XMC1400_CAPTRUE/Libraries/CMSIS/Infineon/XMC1400_series/Include" -I"C:/GitHub/MobRob_Rover_NEW/Ultrasonic_Sensor_Node/Ultrasonic_XMC1400_CAPTRUE" -I"C:/GitHub/MobRob_Rover_NEW/Ultrasonic_Sensor_Node/Ultrasonic_XMC1400_CAPTRUE/Dave/Generated" -I"C:/GitHub/MobRob_Rover_NEW/Ultrasonic_Sensor_Node/Ultrasonic_XMC1400_CAPTRUE/Libraries" -O0 -ffunction-sections -fdata-sections -Wall -std=gnu99 -Wa,-adhlns="main.o.lst" -pipe -c -fmessage-length=0 -MMD -MP -MF"main.d" -MT"main.d main.o" -mcpu=cortex-m0 -mthumb -g -gdwarf-2 -o "main.o" "../main.c" 
'Finished building: ../main.c'

'Building target: Ultrasonic_XMC1400_CAPTRUE.elf'
'Invoking: ARM-GCC C Linker'
"C:/dave/DAVE-IDE-4.4.2-64Bit/DAVE-IDE-4.4.2-64Bit/eclipse/ARM-GCC-49/bin/arm-none-eabi-gcc" -T"../linker_script.ld" -nostartfiles -Xlinker --gc-sections -specs=nano.specs -specs=nosys.specs -Wl,-Map,"Ultrasonic_XMC1400_CAPTRUE.map" -mcpu=cortex-m0 -mthumb -g -gdwarf-2 -o "Ultrasonic_XMC1400_CAPTRUE.elf" "@objects.rsp"  -lm
'Finished building target: Ultrasonic_XMC1400_CAPTRUE.elf'

'Invoking: ARM-GCC Create Flash Image'
"C:/dave/DAVE-IDE-4.4.2-64Bit/DAVE-IDE-4.4.2-64Bit/eclipse/ARM-GCC-49/bin/arm-none-eabi-objcopy" -O ihex "Ultrasonic_XMC1400_CAPTRUE.elf" "Ultrasonic_XMC1400_CAPTRUE.hex"
'Finished building: Ultrasonic_XMC1400_CAPTRUE.hex'

'Invoking: ARM-GCC Print Size'
"C:/dave/DAVE-IDE-4.4.2-64Bit/DAVE-IDE-4.4.2-64Bit/eclipse/ARM-GCC-49/bin/arm-none-eabi-size" --format=berkeley "Ultrasonic_XMC1400_CAPTRUE.elf"
   text	   data	    bss	    dec	    hex	filename
  16004	    288	   1092	  17384	   43e8	Ultrasonic_XMC1400_CAPTRUE.elf
'Finished building: Ultrasonic_XMC1400_CAPTRUE.siz'

'Invoking: ARM-GCC Create Listing'
"C:/dave/DAVE-IDE-4.4.2-64Bit/DAVE-IDE-4.4.2-64Bit/eclipse/ARM-GCC-49/bin/arm-none-eabi-objdump" -h -S "Ultrasonic_XMC1400_CAPTRUE.elf" > "Ultrasonic_XMC1400_CAPTRUE.lst"
'Finished building: Ultrasonic_XMC1400_CAPTRUE.lst'


11:20:16 Build Finished (took 961ms)

