11:08:59 **** Incremental Build of configuration Debug for project Ultrasonic_XMC_1400_Dynamic ****
"\"C:\\dave\\DAVE-IDE-4.4.2-64Bit\\DAVE-IDE-4.4.2-64Bit\\eclipse\\ARM-GCC-49\\bin\\make\"" --output-sync -j12 all 
'Invoking: ARM-GCC Print Size'
"C:/dave/DAVE-IDE-4.4.2-64Bit/DAVE-IDE-4.4.2-64Bit/eclipse/ARM-GCC-49/bin/arm-none-eabi-size" --format=berkeley "Ultrasonic_XMC_1400_Dynamic.elf"
   text	   data	    bss	    dec	    hex	filename
  17740	    232	   1124	  19096	   4a98	Ultrasonic_XMC_1400_Dynamic.elf
'Finished building: Ultrasonic_XMC_1400_Dynamic.siz'


11:08:59 Build Finished (took 550ms)

